Archive member included to satisfy reference by file (symbol)

/Users/reza.kalfane/Workspaces/Daisy/DaisyExamples/libDaisy/build/libdaisy.a(daisy_seed.o)
                              build/main.o (daisy::DaisySeed::StartAudio(void (*)(float const* const*, float**, unsigned int)))
/Users/reza.kalfane/Workspaces/Daisy/DaisyExamples/libDaisy/build/libdaisy.a(codec_ak4556.o)
                              /Users/reza.kalfane/Workspaces/Daisy/DaisyExamples/libDaisy/build/libdaisy.a(daisy_seed.o) (daisy::Ak4556::Init(dsy_gpio_pin))
/Users/reza.kalfane/Workspaces/Daisy/DaisyExamples/libDaisy/build/libdaisy.a(codec_wm8731.o)
                              /Users/reza.kalfane/Workspaces/Daisy/DaisyExamples/libDaisy/build/libdaisy.a(daisy_seed.o) (daisy::Wm8731::Init(daisy::Wm8731::Config const&, daisy::I2CHandle))
/Users/reza.kalfane/Workspaces/Daisy/DaisyExamples/libDaisy/build/libdaisy.a(sdram.o)
                              /Users/reza.kalfane/Workspaces/Daisy/DaisyExamples/libDaisy/build/libdaisy.a(daisy_seed.o) (SdramHandle::Init())
/Users/reza.kalfane/Workspaces/Daisy/DaisyExamples/libDaisy/build/libdaisy.a(audio.o)
                              /Users/reza.kalfane/Workspaces/Daisy/DaisyExamples/libDaisy/build/libdaisy.a(daisy_seed.o) (daisy::AudioHandle::Init(daisy::AudioHandle::Config const&, daisy::SaiHandle))
/Users/reza.kalfane/Workspaces/Daisy/DaisyExamples/libDaisy/build/libdaisy.a(logger.o)
                              build/main.o (daisy::Logger<(daisy::LoggerDestination)1>::PrintLine(char const*, ...))
/Users/reza.kalfane/Workspaces/Daisy/DaisyExamples/libDaisy/build/libdaisy.a(usb.o)
                              /Users/reza.kalfane/Workspaces/Daisy/DaisyExamples/libDaisy/build/libdaisy.a(logger.o) (daisy::UsbHandle::Init(daisy::UsbHandle::UsbPeriph))
/Users/reza.kalfane/Workspaces/Daisy/DaisyExamples/libDaisy/build/libdaisy.a(adc.o)
                              build/main.o (daisy::AdcChannelConfig::InitSingle(dsy_gpio_pin, daisy::AdcChannelConfig::ConversionSpeed))
/Users/reza.kalfane/Workspaces/Daisy/DaisyExamples/libDaisy/build/libdaisy.a(dac.o)
                              build/main.o (daisy::DacHandle::Init(daisy::DacHandle::Config const&))
/Users/reza.kalfane/Workspaces/Daisy/DaisyExamples/libDaisy/build/libdaisy.a(gpio.o)
                              build/main.o (daisy::GPIO::Init(daisy::Pin, daisy::GPIO::Mode, daisy::GPIO::Pull, daisy::GPIO::Speed))
/Users/reza.kalfane/Workspaces/Daisy/DaisyExamples/libDaisy/build/libdaisy.a(i2c.o)
                              /Users/reza.kalfane/Workspaces/Daisy/DaisyExamples/libDaisy/build/libdaisy.a(daisy_seed.o) (daisy::I2CHandle::Init(daisy::I2CHandle::Config const&))
/Users/reza.kalfane/Workspaces/Daisy/DaisyExamples/libDaisy/build/libdaisy.a(qspi.o)
                              /Users/reza.kalfane/Workspaces/Daisy/DaisyExamples/libDaisy/build/libdaisy.a(daisy_seed.o) (daisy::QSPIHandle::Init(daisy::QSPIHandle::Config const&))
/Users/reza.kalfane/Workspaces/Daisy/DaisyExamples/libDaisy/build/libdaisy.a(sai.o)
                              /Users/reza.kalfane/Workspaces/Daisy/DaisyExamples/libDaisy/build/libdaisy.a(daisy_seed.o) (daisy::SaiHandle::Init(daisy::SaiHandle::Config const&))
/Users/reza.kalfane/Workspaces/Daisy/DaisyExamples/libDaisy/build/libdaisy.a(system.o)
                              /Users/reza.kalfane/Workspaces/Daisy/DaisyExamples/libDaisy/build/libdaisy.a(daisy_seed.o) (daisy::System::DeInit())
/Users/reza.kalfane/Workspaces/Daisy/DaisyExamples/libDaisy/build/libdaisy.a(system_stm32h7xx.o)
                              build/startup_stm32h750xx.o (SystemInit)
/Users/reza.kalfane/Workspaces/Daisy/DaisyExamples/libDaisy/build/libdaisy.a(usbd_cdc_if.o)
                              /Users/reza.kalfane/Workspaces/Daisy/DaisyExamples/libDaisy/build/libdaisy.a(usb.o) (CDC_Transmit_FS)
/Users/reza.kalfane/Workspaces/Daisy/DaisyExamples/libDaisy/build/libdaisy.a(usbd_conf.o)
                              /Users/reza.kalfane/Workspaces/Daisy/DaisyExamples/libDaisy/build/libdaisy.a(system.o) (hpcd_USB_OTG_HS)
/Users/reza.kalfane/Workspaces/Daisy/DaisyExamples/libDaisy/build/libdaisy.a(usbd_desc.o)
                              /Users/reza.kalfane/Workspaces/Daisy/DaisyExamples/libDaisy/build/libdaisy.a(usb.o) (HS_Desc)
/Users/reza.kalfane/Workspaces/Daisy/DaisyExamples/libDaisy/build/libdaisy.a(usbh_conf.o)
                              /Users/reza.kalfane/Workspaces/Daisy/DaisyExamples/libDaisy/build/libdaisy.a(system.o) (hhcd_USB_OTG_HS)
/Users/reza.kalfane/Workspaces/Daisy/DaisyExamples/libDaisy/build/libdaisy.a(hal_map.o)
                              /Users/reza.kalfane/Workspaces/Daisy/DaisyExamples/libDaisy/build/libdaisy.a(gpio.o) (dsy_hal_map_get_port)
/Users/reza.kalfane/Workspaces/Daisy/DaisyExamples/libDaisy/build/libdaisy.a(stm32h7xx_hal.o)
                              /Users/reza.kalfane/Workspaces/Daisy/DaisyExamples/libDaisy/build/libdaisy.a(system.o) (HAL_Init)
[...]
Memory Configuration

Name             Origin             Length             Attributes
FLASH            0x0000000008000000 0x0000000000020000 xr
DTCMRAM          0x0000000020000000 0x0000000000020000 xrw
SRAM             0x0000000024000000 0x0000000000080000 xrw
RAM_D2           0x0000000030000000 0x0000000000048000 xrw
RAM_D3           0x0000000038000000 0x0000000000010000 xrw
BACKUP_SRAM      0x0000000038800000 0x0000000000001000 xrw
ITCMRAM          0x0000000000000000 0x0000000000010000 xrw
SDRAM            0x00000000c0000000 0x0000000004000000 xrw
QSPIFLASH        0x0000000090000000 0x0000000000800000 xr
*default*        0x0000000000000000 0xffffffffffffffff

Linker script and memory map

LOAD /Library/DaisyToolchain/0.2.0/arm/bin/../lib/gcc/arm-none-eabi/10.3.1/thumb/v7e-m+dp/hard/crti.o
LOAD /Library/DaisyToolchain/0.2.0/arm/bin/../lib/gcc/arm-none-eabi/10.3.1/thumb/v7e-m+dp/hard/crtbegin.o
LOAD /Library/DaisyToolchain/0.2.0/arm/bin/../lib/gcc/arm-none-eabi/10.3.1/../../../../arm-none-eabi/lib/thumb/v7e-m+dp/hard/crt0.o
LOAD build/startup_stm32h750xx.o
LOAD build/main.o
LOAD /Users/reza.kalfane/Workspaces/Daisy/DaisyExamples/libDaisy/build/libdaisy.a
LOAD /Library/DaisyToolchain/0.2.0/arm/bin/../lib/gcc/arm-none-eabi/10.3.1/../../../../arm-none-eabi/lib/thumb/v7e-m+dp/hard/libnosys.a
LOAD /Library/DaisyToolchain/0.2.0/arm/bin/../lib/gcc/arm-none-eabi/10.3.1/../../../../arm-none-eabi/lib/thumb/v7e-m+dp/hard/libstdc++_nano.a
LOAD /Library/DaisyToolchain/0.2.0/arm/bin/../lib/gcc/arm-none-eabi/10.3.1/../../../../arm-none-eabi/lib/thumb/v7e-m+dp/hard/libm.a
LOAD /Library/DaisyToolchain/0.2.0/arm/bin/../lib/gcc/arm-none-eabi/10.3.1/../../../../arm-none-eabi/lib/thumb/v7e-m+dp/hard/libc_nano.a
START GROUP
LOAD /Library/DaisyToolchain/0.2.0/arm/bin/../lib/gcc/arm-none-eabi/10.3.1/thumb/v7e-m+dp/hard/libgcc.a
LOAD /Library/DaisyToolchain/0.2.0/arm/bin/../lib/gcc/arm-none-eabi/10.3.1/../../../../arm-none-eabi/lib/thumb/v7e-m+dp/hard/libc_nano.a
END GROUP
START GROUP
LOAD /Library/DaisyToolchain/0.2.0/arm/bin/../lib/gcc/arm-none-eabi/10.3.1/thumb/v7e-m+dp/hard/libgcc.a
LOAD /Library/DaisyToolchain/0.2.0/arm/bin/../lib/gcc/arm-none-eabi/10.3.1/../../../../arm-none-eabi/lib/thumb/v7e-m+dp/hard/libc_nano.a
LOAD /Library/DaisyToolchain/0.2.0/arm/bin/../lib/gcc/arm-none-eabi/10.3.1/../../../../arm-none-eabi/lib/thumb/v7e-m+dp/hard/libnosys.a
END GROUP
START GROUP
LOAD /Library/DaisyToolchain/0.2.0/arm/bin/../lib/gcc/arm-none-eabi/10.3.1/thumb/v7e-m+dp/hard/libgcc.a
LOAD /Library/DaisyToolchain/0.2.0/arm/bin/../lib/gcc/arm-none-eabi/10.3.1/../../../../arm-none-eabi/lib/thumb/v7e-m+dp/hard/libc_nano.a
LOAD /Library/DaisyToolchain/0.2.0/arm/bin/../lib/gcc/arm-none-eabi/10.3.1/../../../../arm-none-eabi/lib/thumb/v7e-m+dp/hard/libnosys.a
END GROUP
LOAD /Library/DaisyToolchain/0.2.0/arm/bin/../lib/gcc/arm-none-eabi/10.3.1/thumb/v7e-m+dp/hard/crtend.o
LOAD /Library/DaisyToolchain/0.2.0/arm/bin/../lib/gcc/arm-none-eabi/10.3.1/thumb/v7e-m+dp/hard/crtn.o
                0x0000000020020000                _estack = 0x20020000

.isr_vector     0x0000000008000000      0x298
                0x0000000008000000                . = ALIGN (0x4)
 *(.isr_vector)
 .isr_vector    0x0000000008000000      0x298 build/startup_stm32h750xx.o
                0x0000000008000000                g_pfnVectors
                0x0000000008000298                . = ALIGN (0x4)

.text           0x00000000080002a0    0x18070
                0x00000000080002a0                . = ALIGN (0x4)
                0x00000000080002a0                _stext = .
 *(.text)
 .text          0x00000000080002a0       0x40 /Library/DaisyToolchain/0.2.0/arm/bin/../lib/gcc/arm-none-eabi/10.3.1/thumb/v7e-m+dp/hard/crtbegin.o
 .text          0x00000000080002e0       0xa0 /Library/DaisyToolchain/0.2.0/arm/bin/../lib/gcc/arm-none-eabi/10.3.1/../../../../arm-none-eabi/lib/thumb/v7e-m+dp/hard/libc_nano.a(lib_a-memchr.o)
                0x00000000080002e0                memchr
 .text          0x0000000008000380      0x378 /Library/DaisyToolchain/0.2.0/arm/bin/../lib/gcc/arm-none-eabi/10.3.1/thumb/v7e-m+dp/hard/libgcc.a(_arm_addsubdf3.o)
                0x0000000008000380                __aeabi_drsub
                0x0000000008000388                __subdf3
                0x0000000008000388                __aeabi_dsub
                0x000000000800038c                __aeabi_dadd
                0x000000000800038c                __adddf3
                0x0000000008000604                __aeabi_ui2d
                0x0000000008000604                __floatunsidf
                0x0000000008000624                __floatsidf
                0x0000000008000624                __aeabi_i2d
                0x0000000008000648                __extendsfdf2
                0x0000000008000648                __aeabi_f2d
                0x000000000800068c                __aeabi_ul2d
                0x000000000800068c                __floatundidf
                0x000000000800069c                __aeabi_l2d
                0x000000000800069c                __floatdidf
 .text          0x00000000080006f8       0xa0 /Library/DaisyToolchain/0.2.0/arm/bin/../lib/gcc/arm-none-eabi/10.3.1/thumb/v7e-m+dp/hard/libgcc.a(_aeabi_ldivmod.o)
                0x00000000080006f8                __aeabi_ldivmod
 .text          0x0000000008000798       0x30 /Library/DaisyToolchain/0.2.0/arm/bin/../lib/gcc/arm-none-eabi/10.3.1/thumb/v7e-m+dp/hard/libgcc.a(_aeabi_uldivmod.o)
                0x0000000008000798                __aeabi_uldivmod
 .text          0x00000000080007c8      0x2d0 /Library/DaisyToolchain/0.2.0/arm/bin/../lib/gcc/arm-none-eabi/10.3.1/thumb/v7e-m+dp/hard/libgcc.a(_udivmoddi4.o)
                0x00000000080007c8                __udivmoddi4
 .text          0x0000000008000a98        0x4 /Library/DaisyToolchain/0.2.0/arm/bin/../lib/gcc/arm-none-eabi/10.3.1/thumb/v7e-m+dp/hard/libgcc.a(_dvmd_tls.o)
                0x0000000008000a98                __aeabi_ldiv0
                0x0000000008000a98                __aeabi_idiv0
 *(.text*)
 .text.Default_Handler
                0x0000000008000a9c        0x4 build/startup_stm32h750xx.o
                0x0000000008000a9c                SAI1_IRQHandler
                0x0000000008000a9c                HASH_RNG_IRQHandler
                0x0000000008000a9c                EXTI2_IRQHandler
                0x0000000008000a9c                TIM8_CC_IRQHandler
                0x0000000008000a9c                HRTIM1_Master_IRQHandler
                0x0000000008000a9c                DebugMon_Handler
                0x0000000008000a9c                TIM1_CC_IRQHandler
                0x0000000008000a9c                BDMA_Channel6_IRQHandler
                0x0000000008000a9c                DMA2_Stream5_IRQHandler
                0x0000000008000a9c                HRTIM1_FLT_IRQHandler
                0x0000000008000a9c                JPEG_IRQHandler
                0x0000000008000a9c                BDMA_Channel1_IRQHandler
                0x0000000008000a9c                HRTIM1_TIMD_IRQHandler
                0x0000000008000a9c                TAMP_STAMP_IRQHandler
                0x0000000008000a9c                PendSV_Handler
                0x0000000008000a9c                NMI_Handler
                0x0000000008000a9c                EXTI3_IRQHandler
                0x0000000008000a9c                LPTIM4_IRQHandler
                0x0000000008000a9c                TIM8_TRG_COM_TIM14_IRQHandler
                0x0000000008000a9c                LPTIM2_IRQHandler
                0x0000000008000a9c                DFSDM1_FLT1_IRQHandler
                0x0000000008000a9c                DMAMUX2_OVR_IRQHandler
                0x0000000008000a9c                TIM8_UP_TIM13_IRQHandler
                0x0000000008000a9c                I2C3_ER_IRQHandler
                0x0000000008000a9c                DFSDM1_FLT2_IRQHandler
                0x0000000008000a9c                MDMA_IRQHandler
                0x0000000008000a9c                LPTIM3_IRQHandler
                0x0000000008000a9c                HSEM1_IRQHandler
                0x0000000008000a9c                EXTI0_IRQHandler
                0x0000000008000a9c                FPU_IRQHandler
                0x0000000008000a9c                OTG_HS_WKUP_IRQHandler
                0x0000000008000a9c                FDCAN1_IT1_IRQHandler
                0x0000000008000a9c                UsageFault_Handler
                0x0000000008000a9c                LTDC_ER_IRQHandler
                0x0000000008000a9c                HRTIM1_TIME_IRQHandler
                0x0000000008000a9c                DCMI_IRQHandler
                0x0000000008000a9c                HRTIM1_TIMC_IRQHandler
                0x0000000008000a9c                SAI2_IRQHandler
                0x0000000008000a9c                DFSDM1_FLT3_IRQHandler
                0x0000000008000a9c                TIM17_IRQHandler
                0x0000000008000a9c                CRYP_IRQHandler
                0x0000000008000a9c                BDMA_Channel7_IRQHandler
                0x0000000008000a9c                LPTIM5_IRQHandler
                0x0000000008000a9c                ADC3_IRQHandler
                0x0000000008000a9c                BDMA_Channel2_IRQHandler
                0x0000000008000a9c                DMAMUX1_OVR_IRQHandler
                0x0000000008000a9c                TIM16_IRQHandler
                0x0000000008000a9c                BDMA_Channel5_IRQHandler
                0x0000000008000a9c                RCC_IRQHandler
                0x0000000008000a9c                TIM8_BRK_TIM12_IRQHandler
                0x0000000008000a9c                TIM1_TRG_COM_IRQHandler
                0x0000000008000a9c                Default_Handler
                0x0000000008000a9c                ECC_IRQHandler
                0x0000000008000a9c                CEC_IRQHandler
                0x0000000008000a9c                EXTI15_10_IRQHandler
                0x0000000008000a9c                BDMA_Channel0_IRQHandler
                0x0000000008000a9c                ADC_IRQHandler
                0x0000000008000a9c                DMA1_Stream7_IRQHandler
                0x0000000008000a9c                HRTIM1_TIMA_IRQHandler
                0x0000000008000a9c                TIM7_IRQHandler
                0x0000000008000a9c                SDMMC1_IRQHandler
                0x0000000008000a9c                DMA2_Stream7_IRQHandler
                0x0000000008000a9c                TIM15_IRQHandler
                0x0000000008000a9c                PVD_AVD_IRQHandler
                0x0000000008000a9c                EXTI9_5_IRQHandler
                0x0000000008000a9c                RTC_WKUP_IRQHandler
                0x0000000008000a9c                LTDC_IRQHandler
                0x0000000008000a9c                SAI3_IRQHandler
                0x0000000008000a9c                ETH_WKUP_IRQHandler
                0x0000000008000a9c                SPDIF_RX_IRQHandler
                0x0000000008000a9c                MemManage_Handler
                0x0000000008000a9c                SVC_Handler
                0x0000000008000a9c                CRS_IRQHandler
                0x0000000008000a9c                EXTI4_IRQHandler
                0x0000000008000a9c                HRTIM1_TIMB_IRQHandler
                0x0000000008000a9c                FDCAN2_IT1_IRQHandler
                0x0000000008000a9c                ETH_IRQHandler
                0x0000000008000a9c                TIM1_UP_IRQHandler
                0x0000000008000a9c                BDMA_Channel4_IRQHandler
                0x0000000008000a9c                WWDG_IRQHandler
                0x0000000008000a9c                SPI6_IRQHandler
                0x0000000008000a9c                I2C4_EV_IRQHandler
                0x0000000008000a9c                MDIOS_IRQHandler
                0x0000000008000a9c                FDCAN2_IT0_IRQHandler
                0x0000000008000a9c                FDCAN1_IT0_IRQHandler
                0x0000000008000a9c                OTG_FS_WKUP_IRQHandler
                0x0000000008000a9c                DMA2D_IRQHandler
                0x0000000008000a9c                TIM1_BRK_IRQHandler
                0x0000000008000a9c                EXTI1_IRQHandler
                0x0000000008000a9c                SDMMC2_IRQHandler
                0x0000000008000a9c                BDMA_Channel3_IRQHandler
                0x0000000008000a9c                MDIOS_WKUP_IRQHandler
                0x0000000008000a9c                DFSDM1_FLT0_IRQHandler
                0x0000000008000a9c                SAI4_IRQHandler
                0x0000000008000a9c                I2C2_ER_IRQHandler
                0x0000000008000a9c                FLASH_IRQHandler
                0x0000000008000a9c                BusFault_Handler
                0x0000000008000a9c                WAKEUP_PIN_IRQHandler
                0x0000000008000a9c                I2C1_ER_IRQHandler
                0x0000000008000a9c                FMC_IRQHandler
                0x0000000008000a9c                FDCAN_CAL_IRQHandler
                0x0000000008000a9c                SWPMI1_IRQHandler
                0x0000000008000a9c                COMP1_IRQHandler
                0x0000000008000a9c                LPTIM1_IRQHandler
                0x0000000008000a9c                I2C4_ER_IRQHandler
                0x0000000008000a9c                DMA2_Stream6_IRQHandler
                0x0000000008000a9c                RTC_Alarm_IRQHandler
 .text.Reset_Handler
                0x0000000008000aa0       0x44 build/startup_stm32h750xx.o
                0x0000000008000aa0                Reset_Handler
 .text._ZN5daisy9DaisySeedD2Ev
                0x0000000008000ae4        0x4 build/main.o
                0x0000000008000ae4                daisy::DaisySeed::~DaisySeed()
                0x0000000008000ae4                daisy::DaisySeed::~DaisySeed()
 .text._Z13AudioCallbackPKPKfPPfj
                0x0000000008000ae8     0x1108 build/main.o
                0x0000000008000ae8                AudioCallback(float const* const*, float**, unsigned int)
 .text._Z9i2c_startv
                0x0000000008001bf0       0x8c build/main.o
                0x0000000008001bf0                i2c_start()
 .text._Z8i2c_stopv
                0x0000000008001c7c       0x68 build/main.o
                0x0000000008001c7c                i2c_stop()
 .text._Z14i2c_write_byteh
                0x0000000008001ce4       0xf4 build/main.o
                0x0000000008001ce4                i2c_write_byte(unsigned char)
 .text._Z13i2c_read_byteb
                0x0000000008001dd8      0x104 build/main.o
                0x0000000008001dd8                i2c_read_byte(bool)
 .text._Z9mpr_writehh
                0x0000000008001edc       0x38 build/main.o
                0x0000000008001edc                mpr_write(unsigned char, unsigned char)
 .text._Z8mpr_readhPhh
                0x0000000008001f14       0x68 build/main.o
                0x0000000008001f14                mpr_read(unsigned char, unsigned char*, unsigned char)
 .text._Z8mpr_initv
                0x0000000008001f7c       0xd8 build/main.o
                0x0000000008001f7c                mpr_init()
 .text._Z15read_electrodesPt
                0x0000000008002054       0x34 build/main.o
                0x0000000008002054                read_electrodes(unsigned short*)
 .text._Z16capture_baselinePt
                0x0000000008002088       0x60 build/main.o
                0x0000000008002088                capture_baseline(unsigned short*)
 .text._Z12pressure_pctli
                0x00000000080020e8       0x7c build/main.o
                0x00000000080020e8                pressure_pct(long, int)
 .text._Z10detect_rawPlP6Finger
                0x0000000008002164      0x1c8 build/main.o
                0x0000000008002164                detect_raw(long*, Finger*)
 .text._Z14update_trackedP6Fingeri
                0x000000000800232c       0xe8 build/main.o
                0x000000000800232c                update_tracked(Finger*, int)
 .text.startup.main
                0x0000000008002414     0x1548 build/main.o
                0x0000000008002414                main
 .text.startup._GLOBAL__sub_I_hw
                0x000000000800395c       0x54 build/main.o
 .text._ZN5daisy9DaisySeed10StartAudioEPFvPKPKfPPfjE
                0x00000000080039b0        0x8 /Users/reza.kalfane/Workspaces/Daisy/DaisyExamples/libDaisy/build/libdaisy.a(daisy_seed.o)
                0x00000000080039b0                daisy::DaisySeed::StartAudio(void (*)(float const* const*, float**, unsigned int))
 .text._ZN5daisy9DaisySeed15AudioSampleRateEv
                0x00000000080039b8        0x8 /Users/reza.kalfane/Workspaces/Daisy/DaisyExamples/libDaisy/build/libdaisy.a(daisy_seed.o)
                0x00000000080039b8                daisy::DaisySeed::AudioSampleRate()
 .text._ZN5daisy9DaisySeed17SetAudioBlockSizeEj
                0x00000000080039c0       0x38 /Users/reza.kalfane/Workspaces/Daisy/DaisyExamples/libDaisy/build/libdaisy.a(daisy_seed.o)
                0x00000000080039c0                daisy::DaisySeed::SetAudioBlockSize(unsigned int)
 .text._ZN5daisy9DaisySeed17CheckBoardVersionEv
                0x00000000080039f8       0x6c /Users/reza.kalfane/Workspaces/Daisy/DaisyExamples/libDaisy/build/libdaisy.a(daisy_seed.o)
                0x00000000080039f8                daisy::DaisySeed::CheckBoardVersion()
 .text._ZN5daisy9DaisySeed14ConfigureAudioEv
                0x0000000008003a64      0x10c /Users/reza.kalfane/Workspaces/Daisy/DaisyExamples/libDaisy/build/libdaisy.a(daisy_seed.o)
                0x0000000008003a64                daisy::DaisySeed::ConfigureAudio()
 .text._ZN5daisy9DaisySeed4InitEb
                0x0000000008003b70      0x108 /Users/reza.kalfane/Workspaces/Daisy/DaisyExamples/libDaisy/build/libdaisy.a(daisy_seed.o)
                0x0000000008003b70                daisy::DaisySeed::Init(bool)
 .text._ZN5daisy6Ak45564InitE12dsy_gpio_pin
                0x0000000008003c78       0x44 /Users/reza.kalfane/Workspaces/Daisy/DaisyExamples/libDaisy/build/libdaisy.a(codec_ak4556.o)
                0x0000000008003c78                daisy::Ak4556::Init(dsy_gpio_pin)
 .text._ZN5daisy6Wm873120WriteControlRegisterEht
                0x0000000008003cbc       0x3c /Users/reza.kalfane/Workspaces/Daisy/DaisyExamples/libDaisy/build/libdaisy.a(codec_wm8731.o)
                0x0000000008003cbc                daisy::Wm8731::WriteControlRegister(unsigned char, unsigned short)
 .text._ZN5daisy6Wm87314InitERKNS0_6ConfigENS_9I2CHandleE
                0x0000000008003cf8      0x1bc /Users/reza.kalfane/Workspaces/Daisy/DaisyExamples/libDaisy/build/libdaisy.a(codec_wm8731.o)
                0x0000000008003cf8                daisy::Wm8731::Init(daisy::Wm8731::Config const&, daisy::I2CHandle)
 .text._ZN11SdramHandle10DeviceInitEv
                0x0000000008003eb4       0x98 /Users/reza.kalfane/Workspaces/Daisy/DaisyExamples/libDaisy/build/libdaisy.a(sdram.o)
                0x0000000008003eb4                SdramHandle::DeviceInit()
 .text._ZN11SdramHandle4InitEv
                0x0000000008003f4c       0x7c /Users/reza.kalfane/Workspaces/Daisy/DaisyExamples/libDaisy/build/libdaisy.a(sdram.o)
                0x0000000008003f4c                SdramHandle::Init()
 .text.HAL_SDRAM_MspInit
                0x0000000008003fc8      0x1a8 /Users/reza.kalfane/Workspaces/Daisy/DaisyExamples/libDaisy/build/libdaisy.a(sdram.o)
                0x0000000008003fc8                HAL_SDRAM_MspInit
 .text._ZN5daisy11AudioHandle4Impl16InternalCallbackEPlS2_j
                0x0000000008004170      0xbbc /Users/reza.kalfane/Workspaces/Daisy/DaisyExamples/libDaisy/build/libdaisy.a(audio.o)
                0x0000000008004170                daisy::AudioHandle::Impl::InternalCallback(long*, long*, unsigned int)
 .text._ZN5daisy11AudioHandle4InitERKNS0_6ConfigENS_9SaiHandleE
                0x0000000008004d2c       0x70 /Users/reza.kalfane/Workspaces/Daisy/DaisyExamples/libDaisy/build/libdaisy.a(audio.o)
                0x0000000008004d2c                daisy::AudioHandle::Init(daisy::AudioHandle::Config const&, daisy::SaiHandle)
 .text._ZNK5daisy11AudioHandle9GetConfigEv
                0x0000000008004d9c        0x8 /Users/reza.kalfane/Workspaces/Daisy/DaisyExamples/libDaisy/build/libdaisy.a(audio.o)
                0x0000000008004d9c                daisy::AudioHandle::GetConfig() const
 .text._ZN5daisy11AudioHandle12SetBlockSizeEj
                0x0000000008004da4       0x1c /Users/reza.kalfane/Workspaces/Daisy/DaisyExamples/libDaisy/build/libdaisy.a(audio.o)
                0x0000000008004da4                daisy::AudioHandle::SetBlockSize(unsigned int)
 .text._ZN5daisy11AudioHandle13GetSampleRateEv
                0x0000000008004dc0        0x8 /Users/reza.kalfane/Workspaces/Daisy/DaisyExamples/libDaisy/build/libdaisy.a(audio.o)
                0x0000000008004dc0                daisy::AudioHandle::GetSampleRate()
 .text._ZN5daisy11AudioHandle5StartEPFvPKPKfPPfjE
                0x0000000008004dc8       0x44 /Users/reza.kalfane/Workspaces/Daisy/DaisyExamples/libDaisy/build/libdaisy.a(audio.o)
                0x0000000008004dc8                daisy::AudioHandle::Start(void (*)(float const* const*, float**, unsigned int))
 .text.startup._GLOBAL__sub_I__ZN5daisy11AudioHandle4Impl4InitENS0_6ConfigENS_9SaiHandleE
                0x0000000008004e0c       0x24 /Users/reza.kalfane/Workspaces/Daisy/DaisyExamples/libDaisy/build/libdaisy.a(audio.o)
 .text._ZN5daisy9UsbHandleD2Ev
                0x0000000008004e30        0x4 /Users/reza.kalfane/Workspaces/Daisy/DaisyExamples/libDaisy/build/libdaisy.a(logger.o)
                0x0000000008004e30                daisy::UsbHandle::~UsbHandle()
                0x0000000008004e30                daisy::UsbHandle::~UsbHandle()
 .text._ZN5daisy6LoggerILNS_17LoggerDestinationE1EE11TransmitBufEv
                0x0000000008004e34       0x60 /Users/reza.kalfane/Workspaces/Daisy/DaisyExamples/libDaisy/build/libdaisy.a(logger.o)
                0x0000000008004e34                daisy::Logger<(daisy::LoggerDestination)1>::TransmitBuf()
 .text._ZN5daisy6LoggerILNS_17LoggerDestinationE1EE13AppendNewLineEv
                0x0000000008004e94       0x60 /Users/reza.kalfane/Workspaces/Daisy/DaisyExamples/libDaisy/build/libdaisy.a(logger.o)
                0x0000000008004e94                daisy::Logger<(daisy::LoggerDestination)1>::AppendNewLine()
 .text._ZN5daisy6LoggerILNS_17LoggerDestinationE1EE10PrintLineVEPKcSt9__va_list
                0x0000000008004ef4       0x30 /Users/reza.kalfane/Workspaces/Daisy/DaisyExamples/libDaisy/build/libdaisy.a(logger.o)
                0x0000000008004ef4                daisy::Logger<(daisy::LoggerDestination)1>::PrintLineV(char const*, std::__va_list)
 .text._ZN5daisy6LoggerILNS_17LoggerDestinationE1EE9PrintLineEPKcz
                0x0000000008004f24       0x1c /Users/reza.kalfane/Workspaces/Daisy/DaisyExamples/libDaisy/build/libdaisy.a(logger.o)
                0x0000000008004f24                daisy::Logger<(daisy::LoggerDestination)1>::PrintLine(char const*, ...)
 .text._ZN5daisy6LoggerILNS_17LoggerDestinationE1EE8StartLogEb
                0x0000000008004f40       0x40 /Users/reza.kalfane/Workspaces/Daisy/DaisyExamples/libDaisy/build/libdaisy.a(logger.o)
                0x0000000008004f40                daisy::Logger<(daisy::LoggerDestination)1>::StartLog(bool)
 .text.startup._GLOBAL__sub_I__ZN5daisy10LoggerImplILNS_17LoggerDestinationE1EE11usb_handle_E
                0x0000000008004f80       0x2c /Users/reza.kalfane/Workspaces/Daisy/DaisyExamples/libDaisy/build/libdaisy.a(logger.o)
 .text.DummyRxCallback
                0x0000000008004fac        0x4 /Users/reza.kalfane/Workspaces/Daisy/DaisyExamples/libDaisy/build/libdaisy.a(usb.o)
                0x0000000008004fac                DummyRxCallback
 .text._ZN5daisy9UsbHandle4InitENS0_9UsbPeriphE
                0x0000000008004fb0      0x10c /Users/reza.kalfane/Workspaces/Daisy/DaisyExamples/libDaisy/build/libdaisy.a(usb.o)
                0x0000000008004fb0                daisy::UsbHandle::Init(daisy::UsbHandle::UsbPeriph)
 .text._ZN5daisy9UsbHandle16TransmitInternalEPhj
                0x00000000080050bc       0x14 /Users/reza.kalfane/Workspaces/Daisy/DaisyExamples/libDaisy/build/libdaisy.a(usb.o)
                0x00000000080050bc                daisy::UsbHandle::TransmitInternal(unsigned char*, unsigned int)
 .text.OTG_FS_EP1_OUT_IRQHandler
                0x00000000080050d0        0xc /Users/reza.kalfane/Workspaces/Daisy/DaisyExamples/libDaisy/build/libdaisy.a(usb.o)
                0x00000000080050d0                OTG_FS_EP1_OUT_IRQHandler
 .text.OTG_FS_EP1_IN_IRQHandler
                0x00000000080050dc        0xc /Users/reza.kalfane/Workspaces/Daisy/DaisyExamples/libDaisy/build/libdaisy.a(usb.o)
                0x00000000080050dc                OTG_FS_EP1_IN_IRQHandler
 .text.OTG_FS_IRQHandler
                0x00000000080050e8        0xc /Users/reza.kalfane/Workspaces/Daisy/DaisyExamples/libDaisy/build/libdaisy.a(usb.o)
                0x00000000080050e8                OTG_FS_IRQHandler
 .text._ZN5daisy16AdcChannelConfig10InitSingleE12dsy_gpio_pinNS0_15ConversionSpeedE
                0x00000000080050f4       0x28 /Users/reza.kalfane/Workspaces/Daisy/DaisyExamples/libDaisy/build/libdaisy.a(adc.o)
                0x00000000080050f4                daisy::AdcChannelConfig::InitSingle(dsy_gpio_pin, daisy::AdcChannelConfig::ConversionSpeed)
 .text._ZN5daisy9AdcHandle4InitEPNS_16AdcChannelConfigEjNS0_12OverSamplingE
                0x000000000800511c      0x41c /Users/reza.kalfane/Workspaces/Daisy/DaisyExamples/libDaisy/build/libdaisy.a(adc.o)
                0x000000000800511c                daisy::AdcHandle::Init(daisy::AdcChannelConfig*, unsigned int, daisy::AdcHandle::OverSampling)
 .text._ZN5daisy9AdcHandle5StartEv
                0x0000000008005538       0x2c /Users/reza.kalfane/Workspaces/Daisy/DaisyExamples/libDaisy/build/libdaisy.a(adc.o)
                0x0000000008005538                daisy::AdcHandle::Start()
 .text._ZNK5daisy9AdcHandle3GetEh
                0x0000000008005564       0x18 /Users/reza.kalfane/Workspaces/Daisy/DaisyExamples/libDaisy/build/libdaisy.a(adc.o)
                0x0000000008005564                daisy::AdcHandle::Get(unsigned char) const
 .text.HAL_ADC_MspInit
                0x000000000800557c       0x98 /Users/reza.kalfane/Workspaces/Daisy/DaisyExamples/libDaisy/build/libdaisy.a(adc.o)
                0x000000000800557c                HAL_ADC_MspInit
 .text.DMA1_Stream2_IRQHandler
                0x0000000008005614        0xc /Users/reza.kalfane/Workspaces/Daisy/DaisyExamples/libDaisy/build/libdaisy.a(adc.o)
                0x0000000008005614                DMA1_Stream2_IRQHandler
 .text.HAL_ADC_ConvCpltCallback
                0x0000000008005620      0x148 /Users/reza.kalfane/Workspaces/Daisy/DaisyExamples/libDaisy/build/libdaisy.a(adc.o)
                0x0000000008005620                HAL_ADC_ConvCpltCallback
 .text.HAL_ADC_ErrorCallback
                0x0000000008005768        0x4 /Users/reza.kalfane/Workspaces/Daisy/DaisyExamples/libDaisy/build/libdaisy.a(adc.o)
                0x0000000008005768                HAL_ADC_ErrorCallback
 .text.HAL_DAC_MspInit
                0x000000000800576c      0x15c /Users/reza.kalfane/Workspaces/Daisy/DaisyExamples/libDaisy/build/libdaisy.a(dac.o)
                0x000000000800576c                HAL_DAC_MspInit
 .text.DMA2_Stream0_IRQHandler
                0x00000000080058c8        0xc /Users/reza.kalfane/Workspaces/Daisy/DaisyExamples/libDaisy/build/libdaisy.a(dac.o)
                0x00000000080058c8                DMA2_Stream0_IRQHandler
 .text.DMA2_Stream1_IRQHandler
                0x00000000080058d4        0xc /Users/reza.kalfane/Workspaces/Daisy/DaisyExamples/libDaisy/build/libdaisy.a(dac.o)
                0x00000000080058d4                DMA2_Stream1_IRQHandler
 .text.TIM6_DAC_IRQHandler
                0x00000000080058e0       0x1c /Users/reza.kalfane/Workspaces/Daisy/DaisyExamples/libDaisy/build/libdaisy.a(dac.o)
                0x00000000080058e0                TIM6_DAC_IRQHandler
 .text._ZN5daisy9DacHandle4InitERKNS0_6ConfigE
                0x00000000080058fc       0xfc /Users/reza.kalfane/Workspaces/Daisy/DaisyExamples/libDaisy/build/libdaisy.a(dac.o)
                0x00000000080058fc                daisy::DacHandle::Init(daisy::DacHandle::Config const&)
 .text._ZN5daisy9DacHandle10WriteValueENS0_7ChannelEt
                0x00000000080059f8       0x70 /Users/reza.kalfane/Workspaces/Daisy/DaisyExamples/libDaisy/build/libdaisy.a(dac.o)
                0x00000000080059f8                daisy::DacHandle::WriteValue(daisy::DacHandle::Channel, unsigned short)
 .text._ZN5daisy4GPIO4InitENS_3PinENS0_4ModeENS0_4PullENS0_5SpeedE
                0x0000000008005a68      0x1cc /Users/reza.kalfane/Workspaces/Daisy/DaisyExamples/libDaisy/build/libdaisy.a(gpio.o)
                0x0000000008005a68                daisy::GPIO::Init(daisy::Pin, daisy::GPIO::Mode, daisy::GPIO::Pull, daisy::GPIO::Speed)
 .text._ZN5daisy4GPIO4ReadEv
                0x0000000008005c34       0x18 /Users/reza.kalfane/Workspaces/Daisy/DaisyExamples/libDaisy/build/libdaisy.a(gpio.o)
                0x0000000008005c34                daisy::GPIO::Read()
 .text._ZN5daisy4GPIO5WriteEb
                0x0000000008005c4c       0x14 /Users/reza.kalfane/Workspaces/Daisy/DaisyExamples/libDaisy/build/libdaisy.a(gpio.o)
                0x0000000008005c4c                daisy::GPIO::Write(bool)
 .text.dsy_gpio_init
                0x0000000008005c60      0x1b8 /Users/reza.kalfane/Workspaces/Daisy/DaisyExamples/libDaisy/build/libdaisy.a(gpio.o)
                0x0000000008005c60                dsy_gpio_init
 .text.dsy_gpio_write
                0x0000000008005e18       0x24 /Users/reza.kalfane/Workspaces/Daisy/DaisyExamples/libDaisy/build/libdaisy.a(gpio.o)
                0x0000000008005e18                dsy_gpio_write
 .text._ZN5daisy9I2CHandle4Impl8InitPinsEv
                0x0000000008005e3c       0x58 /Users/reza.kalfane/Workspaces/Daisy/DaisyExamples/libDaisy/build/libdaisy.a(i2c.o)
                0x0000000008005e3c                daisy::I2CHandle::Impl::InitPins()
 .text.HAL_I2C_MspInit
                0x0000000008005e94      0x1b4 /Users/reza.kalfane/Workspaces/Daisy/DaisyExamples/libDaisy/build/libdaisy.a(i2c.o)
                0x0000000008005e94                HAL_I2C_MspInit
 .text.dsy_i2c_global_init
                0x0000000008006048       0x78 /Users/reza.kalfane/Workspaces/Daisy/DaisyExamples/libDaisy/build/libdaisy.a(i2c.o)
                0x0000000008006048                dsy_i2c_global_init
 .text.DMA1_Stream6_IRQHandler
                0x00000000080060c0       0x34 /Users/reza.kalfane/Workspaces/Daisy/DaisyExamples/libDaisy/build/libdaisy.a(i2c.o)
                0x00000000080060c0                DMA1_Stream6_IRQHandler
 .text.I2C1_EV_IRQHandler
                0x00000000080060f4        0xc /Users/reza.kalfane/Workspaces/Daisy/DaisyExamples/libDaisy/build/libdaisy.a(i2c.o)
                0x00000000080060f4                I2C1_EV_IRQHandler
 .text.I2C2_EV_IRQHandler
                0x0000000008006100        0xc /Users/reza.kalfane/Workspaces/Daisy/DaisyExamples/libDaisy/build/libdaisy.a(i2c.o)
                0x0000000008006100                I2C2_EV_IRQHandler
 .text.I2C3_EV_IRQHandler
                0x000000000800610c        0xc /Users/reza.kalfane/Workspaces/Daisy/DaisyExamples/libDaisy/build/libdaisy.a(i2c.o)
                0x000000000800610c                I2C3_EV_IRQHandler
 .text._ZN5daisy9I2CHandle4InitERKNS0_6ConfigE
                0x0000000008006118      0x12c /Users/reza.kalfane/Workspaces/Daisy/DaisyExamples/libDaisy/build/libdaisy.a(i2c.o)
                0x0000000008006118                daisy::I2CHandle::Init(daisy::I2CHandle::Config const&)
 .text._ZN5daisy9I2CHandle16TransmitBlockingEtPhtm
                0x0000000008006244       0x50 /Users/reza.kalfane/Workspaces/Daisy/DaisyExamples/libDaisy/build/libdaisy.a(i2c.o)
                0x0000000008006244                daisy::I2CHandle::TransmitBlocking(unsigned short, unsigned char*, unsigned short, unsigned long)
 .text.startup._GLOBAL__sub_I__ZN5daisy9I2CHandle4Impl10GlobalInitEv
                0x0000000008006294       0x18 /Users/reza.kalfane/Workspaces/Daisy/DaisyExamples/libDaisy/build/libdaisy.a(i2c.o)
 .text._ZN5daisy10QSPIHandle4Impl11WriteEnableEv
                0x00000000080062ac       0x8c /Users/reza.kalfane/Workspaces/Daisy/DaisyExamples/libDaisy/build/libdaisy.a(qspi.o)
                0x00000000080062ac                daisy::QSPIHandle::Impl::WriteEnable()
 .text._ZN5daisy10QSPIHandle4Impl17DummyCyclesConfigENS0_6Config6DeviceE
                0x0000000008006338      0x118 /Users/reza.kalfane/Workspaces/Daisy/DaisyExamples/libDaisy/build/libdaisy.a(qspi.o)
                0x0000000008006338                daisy::QSPIHandle::Impl::DummyCyclesConfig(daisy::QSPIHandle::Config::Device)
 .text._ZN5daisy10QSPIHandle4Impl10QuadEnableEv
                0x0000000008006450      0x158 /Users/reza.kalfane/Workspaces/Daisy/DaisyExamples/libDaisy/build/libdaisy.a(qspi.o)
                0x0000000008006450                daisy::QSPIHandle::Impl::QuadEnable()
 .text._ZN5daisy10QSPIHandle4InitERKNS0_6ConfigE
                0x00000000080065a8      0x198 /Users/reza.kalfane/Workspaces/Daisy/DaisyExamples/libDaisy/build/libdaisy.a(qspi.o)
                0x00000000080065a8                daisy::QSPIHandle::Init(daisy::QSPIHandle::Config const&)
 .text.HAL_QSPI_MspInit
                0x0000000008006740      0x11c /Users/reza.kalfane/Workspaces/Daisy/DaisyExamples/libDaisy/build/libdaisy.a(qspi.o)
                0x0000000008006740                HAL_QSPI_MspInit
 .text.HAL_QSPI_MspDeInit
                0x000000000800685c       0x54 /Users/reza.kalfane/Workspaces/Daisy/DaisyExamples/libDaisy/build/libdaisy.a(qspi.o)
                0x000000000800685c                HAL_QSPI_MspDeInit
 .text.QUADSPI_IRQHandler
                0x00000000080068b0        0xc /Users/reza.kalfane/Workspaces/Daisy/DaisyExamples/libDaisy/build/libdaisy.a(qspi.o)
                0x00000000080068b0                QUADSPI_IRQHandler
 .text.startup._GLOBAL__sub_I__ZN5daisy10QSPIHandle4Impl4InitERKNS0_6ConfigE
                0x00000000080068bc       0x28 /Users/reza.kalfane/Workspaces/Daisy/DaisyExamples/libDaisy/build/libdaisy.a(qspi.o)
 .text._ZN5daisy9SaiHandle4Impl7InitDmaENS1_15PeripheralBlockE
                0x00000000080068e4       0xa0 /Users/reza.kalfane/Workspaces/Daisy/DaisyExamples/libDaisy/build/libdaisy.a(sai.o)
                0x00000000080068e4                daisy::SaiHandle::Impl::InitDma(daisy::SaiHandle::Impl::PeripheralBlock)
 .text._ZN5daisy9SaiHandle4Impl8InitPinsEv
                0x0000000008006984       0xa8 /Users/reza.kalfane/Workspaces/Daisy/DaisyExamples/libDaisy/build/libdaisy.a(sai.o)
                0x0000000008006984                daisy::SaiHandle::Impl::InitPins()
 .text.HAL_SAI_MspInit
                0x0000000008006a2c      0x164 /Users/reza.kalfane/Workspaces/Daisy/DaisyExamples/libDaisy/build/libdaisy.a(sai.o)
                0x0000000008006a2c                HAL_SAI_MspInit
 .text.DMA1_Stream0_IRQHandler
                0x0000000008006b90        0xc /Users/reza.kalfane/Workspaces/Daisy/DaisyExamples/libDaisy/build/libdaisy.a(sai.o)
                0x0000000008006b90                DMA1_Stream0_IRQHandler
 .text.DMA1_Stream1_IRQHandler
                0x0000000008006b9c        0xc /Users/reza.kalfane/Workspaces/Daisy/DaisyExamples/libDaisy/build/libdaisy.a(sai.o)
                0x0000000008006b9c                DMA1_Stream1_IRQHandler
 .text.DMA1_Stream3_IRQHandler
                0x0000000008006ba8        0xc /Users/reza.kalfane/Workspaces/Daisy/DaisyExamples/libDaisy/build/libdaisy.a(sai.o)
                0x0000000008006ba8                DMA1_Stream3_IRQHandler
 .text.DMA1_Stream4_IRQHandler
                0x0000000008006bb4        0xc /Users/reza.kalfane/Workspaces/Daisy/DaisyExamples/libDaisy/build/libdaisy.a(sai.o)
                0x0000000008006bb4                DMA1_Stream4_IRQHandler
 .text.HAL_SAI_RxHalfCpltCallback
                0x0000000008006bc0       0x78 /Users/reza.kalfane/Workspaces/Daisy/DaisyExamples/libDaisy/build/libdaisy.a(sai.o)
                0x0000000008006bc0                HAL_SAI_RxHalfCpltCallback
 .text.HAL_SAI_RxCpltCallback
                0x0000000008006c38       0x70 /Users/reza.kalfane/Workspaces/Daisy/DaisyExamples/libDaisy/build/libdaisy.a(sai.o)
                0x0000000008006c38                HAL_SAI_RxCpltCallback
 .text._ZN5daisy9SaiHandle4InitERKNS0_6ConfigE
                0x0000000008006ca8      0x1f0 /Users/reza.kalfane/Workspaces/Daisy/DaisyExamples/libDaisy/build/libdaisy.a(sai.o)
                0x0000000008006ca8                daisy::SaiHandle::Init(daisy::SaiHandle::Config const&)
 .text._ZNK5daisy9SaiHandle9GetConfigEv
                0x0000000008006e98        0x4 /Users/reza.kalfane/Workspaces/Daisy/DaisyExamples/libDaisy/build/libdaisy.a(sai.o)
                0x0000000008006e98                daisy::SaiHandle::GetConfig() const
 .text._ZN5daisy9SaiHandle8StartDmaEPlS1_jPFvS1_S1_jE
                0x0000000008006e9c       0xbc /Users/reza.kalfane/Workspaces/Daisy/DaisyExamples/libDaisy/build/libdaisy.a(sai.o)
                0x0000000008006e9c                daisy::SaiHandle::StartDma(long*, long*, unsigned int, void (*)(long*, long*, unsigned int))
 .text._ZN5daisy9SaiHandle13GetSampleRateEv
                0x0000000008006f58       0x24 /Users/reza.kalfane/Workspaces/Daisy/DaisyExamples/libDaisy/build/libdaisy.a(sai.o)
                0x0000000008006f58                daisy::SaiHandle::GetSampleRate()
 .text._ZNK5daisy9SaiHandle9GetOffsetEv
                0x0000000008006f7c        0x8 /Users/reza.kalfane/Workspaces/Daisy/DaisyExamples/libDaisy/build/libdaisy.a(sai.o)
                0x0000000008006f7c                daisy::SaiHandle::GetOffset() const
 .text._ZN5daisy11TimerHandleD2Ev
                0x0000000008006f84        0x4 /Users/reza.kalfane/Workspaces/Daisy/DaisyExamples/libDaisy/build/libdaisy.a(system.o)
                0x0000000008006f84                daisy::TimerHandle::~TimerHandle()
                0x0000000008006f84                daisy::TimerHandle::~TimerHandle()
 .text.SysTick_Handler
                0x0000000008006f88       0x10 /Users/reza.kalfane/Workspaces/Daisy/DaisyExamples/libDaisy/build/libdaisy.a(system.o)
                0x0000000008006f88                SysTick_Handler
 .text.OTG_HS_EP1_OUT_IRQHandler
                0x0000000008006f98       0x24 /Users/reza.kalfane/Workspaces/Daisy/DaisyExamples/libDaisy/build/libdaisy.a(system.o)
                0x0000000008006f98                OTG_HS_EP1_OUT_IRQHandler
 .text.OTG_HS_EP1_IN_IRQHandler
                0x0000000008006fbc       0x24 /Users/reza.kalfane/Workspaces/Daisy/DaisyExamples/libDaisy/build/libdaisy.a(system.o)
                0x0000000008006fbc                OTG_HS_EP1_IN_IRQHandler
 .text.OTG_HS_IRQHandler
                0x0000000008006fe0       0x24 /Users/reza.kalfane/Workspaces/Daisy/DaisyExamples/libDaisy/build/libdaisy.a(system.o)
                0x0000000008006fe0                OTG_HS_IRQHandler
 .text.HardFault_Handler
                0x0000000008007004       0xe0 /Users/reza.kalfane/Workspaces/Daisy/DaisyExamples/libDaisy/build/libdaisy.a(system.o)
                0x0000000008007004                HardFault_Handler
 .text._ZN5daisy6System6GetNowEv
                0x00000000080070e4        0x4 /Users/reza.kalfane/Workspaces/Daisy/DaisyExamples/libDaisy/build/libdaisy.a(system.o)
                0x00000000080070e4                daisy::System::GetNow()
 .text._ZN5daisy6System5DelayEm
                0x00000000080070e8        0x4 /Users/reza.kalfane/Workspaces/Daisy/DaisyExamples/libDaisy/build/libdaisy.a(system.o)
                0x00000000080070e8                daisy::System::Delay(unsigned long)
 .text._ZN5daisy6System7DelayUsEm
                0x00000000080070ec        0xc /Users/reza.kalfane/Workspaces/Daisy/DaisyExamples/libDaisy/build/libdaisy.a(system.o)
                0x00000000080070ec                daisy::System::DelayUs(unsigned long)
 .text._ZN5daisy6System20GetBootloaderVersionEv
                0x00000000080070f8       0x34 /Users/reza.kalfane/Workspaces/Daisy/DaisyExamples/libDaisy/build/libdaisy.a(system.o)
                0x00000000080070f8                daisy::System::GetBootloaderVersion()
 .text._ZN5daisy6System15ConfigureClocksEv
                0x000000000800712c      0x194 /Users/reza.kalfane/Workspaces/Daisy/DaisyExamples/libDaisy/build/libdaisy.a(system.o)
                0x000000000800712c                daisy::System::ConfigureClocks()
 .text._ZN5daisy6System12ConfigureMpuEv
                0x00000000080072c0       0x7c /Users/reza.kalfane/Workspaces/Daisy/DaisyExamples/libDaisy/build/libdaisy.a(system.o)
                0x00000000080072c0                daisy::System::ConfigureMpu()
 .text._ZN5daisy6System4InitERKNS0_6ConfigE
                0x000000000800733c       0xec /Users/reza.kalfane/Workspaces/Daisy/DaisyExamples/libDaisy/build/libdaisy.a(system.o)
                0x000000000800733c                daisy::System::Init(daisy::System::Config const&)
 .text._ZN5daisy6System12GetPClk1FreqEv
                0x0000000008007428        0x4 /Users/reza.kalfane/Workspaces/Daisy/DaisyExamples/libDaisy/build/libdaisy.a(system.o)
                0x0000000008007428                daisy::System::GetPClk1Freq()
 .text._ZN5daisy6System12GetPClk2FreqEv
                0x000000000800742c        0x4 /Users/reza.kalfane/Workspaces/Daisy/DaisyExamples/libDaisy/build/libdaisy.a(system.o)
                0x000000000800742c                daisy::System::GetPClk2Freq()
 .text._ZN5daisy6System22GetProgramMemoryRegionEv
                0x0000000008007430       0x78 /Users/reza.kalfane/Workspaces/Daisy/DaisyExamples/libDaisy/build/libdaisy.a(system.o)
                0x0000000008007430                daisy::System::GetProgramMemoryRegion()
 .text.startup._GLOBAL__sub_I__ZN5daisy9boot_infoE
                0x00000000080074a8       0x1c /Users/reza.kalfane/Workspaces/Daisy/DaisyExamples/libDaisy/build/libdaisy.a(system.o)
 .text.SystemInit
                0x00000000080074c4       0x9c /Users/reza.kalfane/Workspaces/Daisy/DaisyExamples/libDaisy/build/libdaisy.a(system_stm32h7xx.o)
                0x00000000080074c4                SystemInit
 .text.dummy_rx_callback
                0x0000000008007560        0x4 /Users/reza.kalfane/Workspaces/Daisy/DaisyExamples/libDaisy/build/libdaisy.a(usbd_cdc_if.o)
                0x0000000008007560                dummy_rx_callback
 .text.CDC_DeInit_FS
                0x0000000008007564        0x4 /Users/reza.kalfane/Workspaces/Daisy/DaisyExamples/libDaisy/build/libdaisy.a(usbd_cdc_if.o)
 .text.CDC_Receive_FS
                0x0000000008007568       0x2c /Users/reza.kalfane/Workspaces/Daisy/DaisyExamples/libDaisy/build/libdaisy.a(usbd_cdc_if.o)
 .text.CDC_Receive_HS
                0x0000000008007594       0x2c /Users/reza.kalfane/Workspaces/Daisy/DaisyExamples/libDaisy/build/libdaisy.a(usbd_cdc_if.o)
 .text.CDC_Init_FS
                0x00000000080075c0       0x3c /Users/reza.kalfane/Workspaces/Daisy/DaisyExamples/libDaisy/build/libdaisy.a(usbd_cdc_if.o)
 .text.CDC_Init_HS
                0x00000000080075fc       0x3c /Users/reza.kalfane/Workspaces/Daisy/DaisyExamples/libDaisy/build/libdaisy.a(usbd_cdc_if.o)
 .text.CDC_Control_FS
                0x0000000008007638       0x34 /Users/reza.kalfane/Workspaces/Daisy/DaisyExamples/libDaisy/build/libdaisy.a(usbd_cdc_if.o)
 .text.CDC_Control_HS
                0x000000000800766c       0x34 /Users/reza.kalfane/Workspaces/Daisy/DaisyExamples/libDaisy/build/libdaisy.a(usbd_cdc_if.o)
 .text.CDC_DeInit_HS
                0x00000000080076a0        0x4 /Users/reza.kalfane/Workspaces/Daisy/DaisyExamples/libDaisy/build/libdaisy.a(usbd_cdc_if.o)
 .text.CDC_Transmit_FS
                0x00000000080076a4       0x2c /Users/reza.kalfane/Workspaces/Daisy/DaisyExamples/libDaisy/build/libdaisy.a(usbd_cdc_if.o)
                0x00000000080076a4                CDC_Transmit_FS
 .text.HAL_PCD_MspInit
                0x00000000080076d0      0x144 /Users/reza.kalfane/Workspaces/Daisy/DaisyExamples/libDaisy/build/libdaisy.a(usbd_conf.o)
                0x00000000080076d0                HAL_PCD_MspInit
 .text.HAL_PCD_SetupStageCallback
                0x0000000008007814        0xc /Users/reza.kalfane/Workspaces/Daisy/DaisyExamples/libDaisy/build/libdaisy.a(usbd_conf.o)
                0x0000000008007814                HAL_PCD_SetupStageCallback
 .text.HAL_PCD_DataOutStageCallback
                0x0000000008007820       0x14 /Users/reza.kalfane/Workspaces/Daisy/DaisyExamples/libDaisy/build/libdaisy.a(usbd_conf.o)
                0x0000000008007820                HAL_PCD_DataOutStageCallback
 .text.HAL_PCD_DataInStageCallback
                0x0000000008007834       0x14 /Users/reza.kalfane/Workspaces/Daisy/DaisyExamples/libDaisy/build/libdaisy.a(usbd_conf.o)
                0x0000000008007834                HAL_PCD_DataInStageCallback
 .text.HAL_PCD_SOFCallback
                0x0000000008007848        0x8 /Users/reza.kalfane/Workspaces/Daisy/DaisyExamples/libDaisy/build/libdaisy.a(usbd_conf.o)
                0x0000000008007848                HAL_PCD_SOFCallback
 .text.HAL_PCD_ResetCallback
                0x0000000008007850       0x24 /Users/reza.kalfane/Workspaces/Daisy/DaisyExamples/libDaisy/build/libdaisy.a(usbd_conf.o)
                0x0000000008007850                HAL_PCD_ResetCallback
 .text.HAL_PCD_SuspendCallback
                0x0000000008007874       0x30 /Users/reza.kalfane/Workspaces/Daisy/DaisyExamples/libDaisy/build/libdaisy.a(usbd_conf.o)
                0x0000000008007874                HAL_PCD_SuspendCallback
 .text.HAL_PCD_ResumeCallback
                0x00000000080078a4        0x8 /Users/reza.kalfane/Workspaces/Daisy/DaisyExamples/libDaisy/build/libdaisy.a(usbd_conf.o)
                0x00000000080078a4                HAL_PCD_ResumeCallback
 .text.HAL_PCD_ISOOUTIncompleteCallback
                0x00000000080078ac        0x8 /Users/reza.kalfane/Workspaces/Daisy/DaisyExamples/libDaisy/build/libdaisy.a(usbd_conf.o)
                0x00000000080078ac                HAL_PCD_ISOOUTIncompleteCallback
 .text.HAL_PCD_ISOINIncompleteCallback
                0x00000000080078b4        0x8 /Users/reza.kalfane/Workspaces/Daisy/DaisyExamples/libDaisy/build/libdaisy.a(usbd_conf.o)
                0x00000000080078b4                HAL_PCD_ISOINIncompleteCallback
 .text.HAL_PCD_ConnectCallback
                0x00000000080078bc        0x8 /Users/reza.kalfane/Workspaces/Daisy/DaisyExamples/libDaisy/build/libdaisy.a(usbd_conf.o)
                0x00000000080078bc                HAL_PCD_ConnectCallback
 .text.HAL_PCD_DisconnectCallback
                0x00000000080078c4        0x8 /Users/reza.kalfane/Workspaces/Daisy/DaisyExamples/libDaisy/build/libdaisy.a(usbd_conf.o)
                0x00000000080078c4                HAL_PCD_DisconnectCallback
 .text.USBD_LL_Init
                0x00000000080078cc       0xe4 /Users/reza.kalfane/Workspaces/Daisy/DaisyExamples/libDaisy/build/libdaisy.a(usbd_conf.o)
                0x00000000080078cc                USBD_LL_Init
 .text.USBD_LL_Start
                0x00000000080079b0       0x1c /Users/reza.kalfane/Workspaces/Daisy/DaisyExamples/libDaisy/build/libdaisy.a(usbd_conf.o)
                0x00000000080079b0                USBD_LL_Start
 .text.USBD_LL_OpenEP
                0x00000000080079cc       0x24 /Users/reza.kalfane/Workspaces/Daisy/DaisyExamples/libDaisy/build/libdaisy.a(usbd_conf.o)
                0x00000000080079cc                USBD_LL_OpenEP
 .text.USBD_LL_CloseEP
                0x00000000080079f0       0x1c /Users/reza.kalfane/Workspaces/Daisy/DaisyExamples/libDaisy/build/libdaisy.a(usbd_conf.o)
                0x00000000080079f0                USBD_LL_CloseEP
 .text.USBD_LL_StallEP
                0x0000000008007a0c       0x1c /Users/reza.kalfane/Workspaces/Daisy/DaisyExamples/libDaisy/build/libdaisy.a(usbd_conf.o)
                0x0000000008007a0c                USBD_LL_StallEP
 .text.USBD_LL_ClearStallEP
                0x0000000008007a28       0x1c /Users/reza.kalfane/Workspaces/Daisy/DaisyExamples/libDaisy/build/libdaisy.a(usbd_conf.o)
                0x0000000008007a28                USBD_LL_ClearStallEP
 .text.USBD_LL_IsStallEP
                0x0000000008007a44       0x28 /Users/reza.kalfane/Workspaces/Daisy/DaisyExamples/libDaisy/build/libdaisy.a(usbd_conf.o)
                0x0000000008007a44                USBD_LL_IsStallEP
 .text.USBD_LL_SetUSBAddress
                0x0000000008007a6c       0x1c /Users/reza.kalfane/Workspaces/Daisy/DaisyExamples/libDaisy/build/libdaisy.a(usbd_conf.o)
                0x0000000008007a6c                USBD_LL_SetUSBAddress
 .text.USBD_LL_Transmit
                0x0000000008007a88       0x1c /Users/reza.kalfane/Workspaces/Daisy/DaisyExamples/libDaisy/build/libdaisy.a(usbd_conf.o)
                0x0000000008007a88                USBD_LL_Transmit
 .text.USBD_LL_PrepareReceive
                0x0000000008007aa4       0x1c /Users/reza.kalfane/Workspaces/Daisy/DaisyExamples/libDaisy/build/libdaisy.a(usbd_conf.o)
                0x0000000008007aa4                USBD_LL_PrepareReceive
 .text.USBD_LL_GetRxDataSize
                0x0000000008007ac0        0x8 /Users/reza.kalfane/Workspaces/Daisy/DaisyExamples/libDaisy/build/libdaisy.a(usbd_conf.o)
                0x0000000008007ac0                USBD_LL_GetRxDataSize
 .text.USBD_HS_DeviceDescriptor
                0x0000000008007ac8        0xc /Users/reza.kalfane/Workspaces/Daisy/DaisyExamples/libDaisy/build/libdaisy.a(usbd_desc.o)
                0x0000000008007ac8                USBD_HS_DeviceDescriptor
 .text.USBD_FS_DeviceDescriptor
                0x0000000008007ad4        0xc /Users/reza.kalfane/Workspaces/Daisy/DaisyExamples/libDaisy/build/libdaisy.a(usbd_desc.o)
                0x0000000008007ad4                USBD_FS_DeviceDescriptor
 .text.USBD_FS_LangIDStrDescriptor
                0x0000000008007ae0        0xc /Users/reza.kalfane/Workspaces/Daisy/DaisyExamples/libDaisy/build/libdaisy.a(usbd_desc.o)
                0x0000000008007ae0                USBD_FS_LangIDStrDescriptor
 .text.USBD_FS_ManufacturerStrDescriptor
                0x0000000008007aec       0x1c /Users/reza.kalfane/Workspaces/Daisy/DaisyExamples/libDaisy/build/libdaisy.a(usbd_desc.o)
                0x0000000008007aec                USBD_FS_ManufacturerStrDescriptor
 .text.USBD_HS_ProductStrDescriptor
                0x0000000008007b08       0x1c /Users/reza.kalfane/Workspaces/Daisy/DaisyExamples/libDaisy/build/libdaisy.a(usbd_desc.o)
                0x0000000008007b08                USBD_HS_ProductStrDescriptor
 .text.USBD_FS_ConfigStrDescriptor
                0x0000000008007b24       0x1c /Users/reza.kalfane/Workspaces/Daisy/DaisyExamples/libDaisy/build/libdaisy.a(usbd_desc.o)
                0x0000000008007b24                USBD_FS_ConfigStrDescriptor
 .text.USBD_FS_InterfaceStrDescriptor
                0x0000000008007b40       0x1c /Users/reza.kalfane/Workspaces/Daisy/DaisyExamples/libDaisy/build/libdaisy.a(usbd_desc.o)
                0x0000000008007b40                USBD_FS_InterfaceStrDescriptor
 .text.USBD_FS_ProductStrDescriptor
                0x0000000008007b5c       0x1c /Users/reza.kalfane/Workspaces/Daisy/DaisyExamples/libDaisy/build/libdaisy.a(usbd_desc.o)
                0x0000000008007b5c                USBD_FS_ProductStrDescriptor
 .text.USBD_HS_LangIDStrDescriptor
                0x0000000008007b78        0xc /Users/reza.kalfane/Workspaces/Daisy/DaisyExamples/libDaisy/build/libdaisy.a(usbd_desc.o)
                0x0000000008007b78                USBD_HS_LangIDStrDescriptor
 .text.USBD_HS_ManufacturerStrDescriptor
                0x0000000008007b84       0x1c /Users/reza.kalfane/Workspaces/Daisy/DaisyExamples/libDaisy/build/libdaisy.a(usbd_desc.o)
                0x0000000008007b84                USBD_HS_ManufacturerStrDescriptor
 .text.USBD_FS_SerialStrDescriptor
                0x0000000008007ba0      0x124 /Users/reza.kalfane/Workspaces/Daisy/DaisyExamples/libDaisy/build/libdaisy.a(usbd_desc.o)
                0x0000000008007ba0                USBD_FS_SerialStrDescriptor
 .text.USBD_HS_SerialStrDescriptor
                0x0000000008007cc4      0x124 /Users/reza.kalfane/Workspaces/Daisy/DaisyExamples/libDaisy/build/libdaisy.a(usbd_desc.o)
                0x0000000008007cc4                USBD_HS_SerialStrDescriptor
 .text.USBD_HS_InterfaceStrDescriptor
                0x0000000008007de8       0x1c /Users/reza.kalfane/Workspaces/Daisy/DaisyExamples/libDaisy/build/libdaisy.a(usbd_desc.o)
                0x0000000008007de8                USBD_HS_InterfaceStrDescriptor
 .text.USBD_HS_ConfigStrDescriptor
                0x0000000008007e04       0x1c /Users/reza.kalfane/Workspaces/Daisy/DaisyExamples/libDaisy/build/libdaisy.a(usbd_desc.o)
                0x0000000008007e04                USBD_HS_ConfigStrDescriptor
 .text.HAL_HCD_SOF_Callback
                0x0000000008007e20        0x8 /Users/reza.kalfane/Workspaces/Daisy/DaisyExamples/libDaisy/build/libdaisy.a(usbh_conf.o)
                0x0000000008007e20                HAL_HCD_SOF_Callback
 .text.HAL_HCD_Connect_Callback
                0x0000000008007e28        0x8 /Users/reza.kalfane/Workspaces/Daisy/DaisyExamples/libDaisy/build/libdaisy.a(usbh_conf.o)
                0x0000000008007e28                HAL_HCD_Connect_Callback
 .text.HAL_HCD_Disconnect_Callback
                0x0000000008007e30        0x8 /Users/reza.kalfane/Workspaces/Daisy/DaisyExamples/libDaisy/build/libdaisy.a(usbh_conf.o)
                0x0000000008007e30                HAL_HCD_Disconnect_Callback
 .text.HAL_HCD_HC_NotifyURBChange_Callback
                0x0000000008007e38        0x4 /Users/reza.kalfane/Workspaces/Daisy/DaisyExamples/libDaisy/build/libdaisy.a(usbh_conf.o)
                0x0000000008007e38                HAL_HCD_HC_NotifyURBChange_Callback
 .text.HAL_HCD_PortEnabled_Callback
                0x0000000008007e3c        0x8 /Users/reza.kalfane/Workspaces/Daisy/DaisyExamples/libDaisy/build/libdaisy.a(usbh_conf.o)
                0x0000000008007e3c                HAL_HCD_PortEnabled_Callback
 .text.HAL_HCD_PortDisabled_Callback
                0x0000000008007e44        0x8 /Users/reza.kalfane/Workspaces/Daisy/DaisyExamples/libDaisy/build/libdaisy.a(usbh_conf.o)
                0x0000000008007e44                HAL_HCD_PortDisabled_Callback
 .text.USBH_LL_Stop
                0x0000000008007e4c       0x1c /Users/reza.kalfane/Workspaces/Daisy/DaisyExamples/libDaisy/build/libdaisy.a(usbh_conf.o)
                0x0000000008007e4c                USBH_LL_Stop
 .text.dsy_hal_map_get_port
                0x0000000008007e68       0x10 /Users/reza.kalfane/Workspaces/Daisy/DaisyExamples/libDaisy/build/libdaisy.a(hal_map.o)
                0x0000000008007e68                dsy_hal_map_get_port
 .text.dsy_hal_map_get_pin
                0x0000000008007e78       0x10 /Users/reza.kalfane/Workspaces/Daisy/DaisyExamples/libDaisy/build/libdaisy.a(hal_map.o)
                0x0000000008007e78                dsy_hal_map_get_pin
 .text.dsy_hal_map_gpio_clk_enable
                0x0000000008007e88      0x150 /Users/reza.kalfane/Workspaces/Daisy/DaisyExamples/libDaisy/build/libdaisy.a(hal_map.o)
                0x0000000008007e88                dsy_hal_map_gpio_clk_enable
 .text.HAL_MspInit
                0x0000000008007fd8        0x4 /Users/reza.kalfane/Workspaces/Daisy/DaisyExamples/libDaisy/build/libdaisy.a(stm32h7xx_hal.o)
                0x0000000008007fd8                HAL_MspInit
 .text.HAL_InitTick
                0x0000000008007fdc       0x4c /Users/reza.kalfane/Workspaces/Daisy/DaisyExamples/libDaisy/build/libdaisy.a(stm32h7xx_hal.o)
                0x0000000008007fdc                HAL_InitTick
 .text.HAL_Init
                0x0000000008008028       0x60 /Users/reza.kalfane/Workspaces/Daisy/DaisyExamples/libDaisy/build/libdaisy.a(stm32h7xx_hal.o)
                0x0000000008008028                HAL_Init
 .text.HAL_IncTick
                0x0000000008008088       0x18 /Users/reza.kalfane/Workspaces/Daisy/DaisyExamples/libDaisy/build/libdaisy.a(stm32h7xx_hal.o)
                0x0000000008008088                HAL_IncTick
 .text.HAL_GetTick
                0x00000000080080a0        0xc /Users/reza.kalfane/Workspaces/Daisy/DaisyExamples/libDaisy/build/libdaisy.a(stm32h7xx_hal.o)
                0x00000000080080a0                HAL_GetTick
 .text.HAL_Delay
                0x00000000080080ac       0x24 /Users/reza.kalfane/Workspaces/Daisy/DaisyExamples/libDaisy/build/libdaisy.a(stm32h7xx_hal.o)
                0x00000000080080ac                HAL_Delay
 .text.HAL_GetREVID
                0x00000000080080d0        0xc /Users/reza.kalfane/Workspaces/Daisy/DaisyExamples/libDaisy/build/libdaisy.a(stm32h7xx_hal.o)
                0x00000000080080d0                HAL_GetREVID
 .text.HAL_ADC_ConvHalfCpltCallback
                0x00000000080080dc        0x4 /Users/reza.kalfane/Workspaces/Daisy/DaisyExamples/libDaisy/build/libdaisy.a(stm32h7xx_hal_adc.o)
                0x00000000080080dc                HAL_ADC_ConvHalfCpltCallback
 .text.ADC_DMAHalfConvCplt
                0x00000000080080e0        0xc /Users/reza.kalfane/Workspaces/Daisy/DaisyExamples/libDaisy/build/libdaisy.a(stm32h7xx_hal_adc.o)
                0x00000000080080e0                ADC_DMAHalfConvCplt
 .text.ADC_DMAConvCplt
                0x00000000080080ec       0x6c /Users/reza.kalfane/Workspaces/Daisy/DaisyExamples/libDaisy/build/libdaisy.a(stm32h7xx_hal_adc.o)
                0x00000000080080ec                ADC_DMAConvCplt
 .text.ADC_DMAError
                0x0000000008008158       0x1c /Users/reza.kalfane/Workspaces/Daisy/DaisyExamples/libDaisy/build/libdaisy.a(stm32h7xx_hal_adc.o)
                0x0000000008008158                ADC_DMAError
 .text.HAL_ADC_ConfigChannel
                0x0000000008008174      0x3fc /Users/reza.kalfane/Workspaces/Daisy/DaisyExamples/libDaisy/build/libdaisy.a(stm32h7xx_hal_adc.o)
                0x0000000008008174                HAL_ADC_ConfigChannel
 .text.ADC_Enable
                0x0000000008008570       0xac /Users/reza.kalfane/Workspaces/Daisy/DaisyExamples/libDaisy/build/libdaisy.a(stm32h7xx_hal_adc.o)
                0x0000000008008570                ADC_Enable
 .text.HAL_ADC_Start_DMA
                0x000000000800861c      0x114 /Users/reza.kalfane/Workspaces/Daisy/DaisyExamples/libDaisy/build/libdaisy.a(stm32h7xx_hal_adc.o)
                0x000000000800861c                HAL_ADC_Start_DMA
 .text.ADC_Disable
                0x0000000008008730       0x68 /Users/reza.kalfane/Workspaces/Daisy/DaisyExamples/libDaisy/build/libdaisy.a(stm32h7xx_hal_adc.o)
                0x0000000008008730                ADC_Disable
 .text.ADC_ConfigureBoostMode
                0x0000000008008798      0x184 /Users/reza.kalfane/Workspaces/Daisy/DaisyExamples/libDaisy/build/libdaisy.a(stm32h7xx_hal_adc.o)
                0x0000000008008798                ADC_ConfigureBoostMode
 .text.HAL_ADC_Init
                0x000000000800891c      0x218 /Users/reza.kalfane/Workspaces/Daisy/DaisyExamples/libDaisy/build/libdaisy.a(stm32h7xx_hal_adc.o)
                0x000000000800891c                HAL_ADC_Init
 .text.HAL_ADCEx_Calibration_Start
                0x0000000008008b34       0xa4 /Users/reza.kalfane/Workspaces/Daisy/DaisyExamples/libDaisy/build/libdaisy.a(stm32h7xx_hal_adc_ex.o)
                0x0000000008008b34                HAL_ADCEx_Calibration_Start
 .text.HAL_ADCEx_MultiModeConfigChannel
                0x0000000008008bd8       0xc4 /Users/reza.kalfane/Workspaces/Daisy/DaisyExamples/libDaisy/build/libdaisy.a(stm32h7xx_hal_adc_ex.o)
                0x0000000008008bd8                HAL_ADCEx_MultiModeConfigChannel
 .text.HAL_NVIC_SetPriorityGrouping
                0x0000000008008c9c       0x24 /Users/reza.kalfane/Workspaces/Daisy/DaisyExamples/libDaisy/build/libdaisy.a(stm32h7xx_hal_cortex.o)
                0x0000000008008c9c                HAL_NVIC_SetPriorityGrouping
 .text.HAL_NVIC_SetPriority
                0x0000000008008cc0       0x7c /Users/reza.kalfane/Workspaces/Daisy/DaisyExamples/libDaisy/build/libdaisy.a(stm32h7xx_hal_cortex.o)
                0x0000000008008cc0                HAL_NVIC_SetPriority
 .text.HAL_NVIC_EnableIRQ
                0x0000000008008d3c       0x1c /Users/reza.kalfane/Workspaces/Daisy/DaisyExamples/libDaisy/build/libdaisy.a(stm32h7xx_hal_cortex.o)
                0x0000000008008d3c                HAL_NVIC_EnableIRQ
 .text.HAL_NVIC_DisableIRQ
                0x0000000008008d58       0x28 /Users/reza.kalfane/Workspaces/Daisy/DaisyExamples/libDaisy/build/libdaisy.a(stm32h7xx_hal_cortex.o)
                0x0000000008008d58                HAL_NVIC_DisableIRQ
 .text.HAL_SYSTICK_Config
                0x0000000008008d80       0x2c /Users/reza.kalfane/Workspaces/Daisy/DaisyExamples/libDaisy/build/libdaisy.a(stm32h7xx_hal_cortex.o)
                0x0000000008008d80                HAL_SYSTICK_Config
 .text.HAL_MPU_Disable
                0x0000000008008dac       0x1c /Users/reza.kalfane/Workspaces/Daisy/DaisyExamples/libDaisy/build/libdaisy.a(stm32h7xx_hal_cortex.o)
                0x0000000008008dac                HAL_MPU_Disable
 .text.HAL_MPU_Enable
                0x0000000008008dc8       0x20 /Users/reza.kalfane/Workspaces/Daisy/DaisyExamples/libDaisy/build/libdaisy.a(stm32h7xx_hal_cortex.o)
                0x0000000008008dc8                HAL_MPU_Enable
 .text.HAL_MPU_ConfigRegion
                0x0000000008008de8       0x64 /Users/reza.kalfane/Workspaces/Daisy/DaisyExamples/libDaisy/build/libdaisy.a(stm32h7xx_hal_cortex.o)
                0x0000000008008de8                HAL_MPU_ConfigRegion
 .text.HAL_SYSTICK_Callback
                0x0000000008008e4c        0x4 /Users/reza.kalfane/Workspaces/Daisy/DaisyExamples/libDaisy/build/libdaisy.a(stm32h7xx_hal_cortex.o)
                0x0000000008008e4c                HAL_SYSTICK_Callback
 .text.HAL_SYSTICK_IRQHandler
                0x0000000008008e50        0x8 /Users/reza.kalfane/Workspaces/Daisy/DaisyExamples/libDaisy/build/libdaisy.a(stm32h7xx_hal_cortex.o)
                0x0000000008008e50                HAL_SYSTICK_IRQHandler
 .text.HAL_DAC_Init
                0x0000000008008e58       0x2c /Users/reza.kalfane/Workspaces/Daisy/DaisyExamples/libDaisy/build/libdaisy.a(stm32h7xx_hal_dac.o)
                0x0000000008008e58                HAL_DAC_Init
 .text.HAL_DAC_Start
                0x0000000008008e84       0x5c /Users/reza.kalfane/Workspaces/Daisy/DaisyExamples/libDaisy/build/libdaisy.a(stm32h7xx_hal_dac.o)
                0x0000000008008e84                HAL_DAC_Start
 .text.HAL_DAC_SetValue
                0x0000000008008ee0       0x30 /Users/reza.kalfane/Workspaces/Daisy/DaisyExamples/libDaisy/build/libdaisy.a(stm32h7xx_hal_dac.o)
                0x0000000008008ee0                HAL_DAC_SetValue
 .text.HAL_DAC_DMAUnderrunCallbackCh1
                0x0000000008008f10        0x4 /Users/reza.kalfane/Workspaces/Daisy/DaisyExamples/libDaisy/build/libdaisy.a(stm32h7xx_hal_dac.o)
                0x0000000008008f10                HAL_DAC_DMAUnderrunCallbackCh1
 .text.HAL_DAC_IRQHandler
                0x0000000008008f14       0x68 /Users/reza.kalfane/Workspaces/Daisy/DaisyExamples/libDaisy/build/libdaisy.a(stm32h7xx_hal_dac.o)
                0x0000000008008f14                HAL_DAC_IRQHandler
 .text.HAL_DAC_ConfigChannel
                0x0000000008008f7c      0x130 /Users/reza.kalfane/Workspaces/Daisy/DaisyExamples/libDaisy/build/libdaisy.a(stm32h7xx_hal_dac.o)
                0x0000000008008f7c                HAL_DAC_ConfigChannel
 .text.HAL_DACEx_DMAUnderrunCallbackCh2
                0x00000000080090ac        0x4 /Users/reza.kalfane/Workspaces/Daisy/DaisyExamples/libDaisy/build/libdaisy.a(stm32h7xx_hal_dac_ex.o)
                0x00000000080090ac                HAL_DACEx_DMAUnderrunCallbackCh2
 .text.DMA_CalcBaseAndBitshift
                0x00000000080090b0       0xf4 /Users/reza.kalfane/Workspaces/Daisy/DaisyExamples/libDaisy/build/libdaisy.a(stm32h7xx_hal_dma.o)
 .text.DMA_CalcDMAMUXChannelBaseAndMask
                0x00000000080091a4       0xd8 /Users/reza.kalfane/Workspaces/Daisy/DaisyExamples/libDaisy/build/libdaisy.a(stm32h7xx_hal_dma.o)
 .text.HAL_DMA_Init
                0x000000000800927c      0x37c /Users/reza.kalfane/Workspaces/Daisy/DaisyExamples/libDaisy/build/libdaisy.a(stm32h7xx_hal_dma.o)
                0x000000000800927c                HAL_DMA_Init
 .text.HAL_DMA_Start_IT
                0x00000000080095f8      0x240 /Users/reza.kalfane/Workspaces/Daisy/DaisyExamples/libDaisy/build/libdaisy.a(stm32h7xx_hal_dma.o)
                0x00000000080095f8                HAL_DMA_Start_IT
 .text.HAL_DMA_Abort_IT
                0x0000000008009838      0x134 /Users/reza.kalfane/Workspaces/Daisy/DaisyExamples/libDaisy/build/libdaisy.a(stm32h7xx_hal_dma.o)
                0x0000000008009838                HAL_DMA_Abort_IT
 .text.HAL_DMA_IRQHandler
                0x000000000800996c      0x6a0 /Users/reza.kalfane/Workspaces/Daisy/DaisyExamples/libDaisy/build/libdaisy.a(stm32h7xx_hal_dma.o)
                0x000000000800996c                HAL_DMA_IRQHandler
 .text.HAL_DMA_GetError
                0x000000000800a00c        0x4 /Users/reza.kalfane/Workspaces/Daisy/DaisyExamples/libDaisy/build/libdaisy.a(stm32h7xx_hal_dma.o)
                0x000000000800a00c                HAL_DMA_GetError
 .text.HAL_GPIO_Init
                0x000000000800a010      0x280 /Users/reza.kalfane/Workspaces/Daisy/DaisyExamples/libDaisy/build/libdaisy.a(stm32h7xx_hal_gpio.o)
                0x000000000800a010                HAL_GPIO_Init
 .text.HAL_GPIO_DeInit
                0x000000000800a290      0x190 /Users/reza.kalfane/Workspaces/Daisy/DaisyExamples/libDaisy/build/libdaisy.a(stm32h7xx_hal_gpio.o)
                0x000000000800a290                HAL_GPIO_DeInit
 .text.HAL_GPIO_ReadPin
                0x000000000800a420        0xc /Users/reza.kalfane/Workspaces/Daisy/DaisyExamples/libDaisy/build/libdaisy.a(stm32h7xx_hal_gpio.o)
                0x000000000800a420                HAL_GPIO_ReadPin
 .text.HAL_GPIO_WritePin
                0x000000000800a42c        0x8 /Users/reza.kalfane/Workspaces/Daisy/DaisyExamples/libDaisy/build/libdaisy.a(stm32h7xx_hal_gpio.o)
                0x000000000800a42c                HAL_GPIO_WritePin
 .text.HAL_HCD_IRQHandler
                0x000000000800a434      0x780 /Users/reza.kalfane/Workspaces/Daisy/DaisyExamples/libDaisy/build/libdaisy.a(stm32h7xx_hal_hcd.o)
                0x000000000800a434                HAL_HCD_IRQHandler
 .text.HAL_HCD_Stop
                0x000000000800abb4       0x28 /Users/reza.kalfane/Workspaces/Daisy/DaisyExamples/libDaisy/build/libdaisy.a(stm32h7xx_hal_hcd.o)
                0x000000000800abb4                HAL_HCD_Stop
 .text.I2C_WaitOnTXISFlagUntilTimeout
                0x000000000800abdc       0xb8 /Users/reza.kalfane/Workspaces/Daisy/DaisyExamples/libDaisy/build/libdaisy.a(stm32h7xx_hal_i2c.o)
 .text.I2C_WaitOnSTOPFlagUntilTimeout
                0x000000000800ac94       0xac /Users/reza.kalfane/Workspaces/Daisy/DaisyExamples/libDaisy/build/libdaisy.a(stm32h7xx_hal_i2c.o)
 .text.HAL_I2C_Init
                0x000000000800ad40       0xac /Users/reza.kalfane/Workspaces/Daisy/DaisyExamples/libDaisy/build/libdaisy.a(stm32h7xx_hal_i2c.o)
                0x000000000800ad40                HAL_I2C_Init
 .text.HAL_I2C_Master_Transmit
                0x000000000800adec      0x1a8 /Users/reza.kalfane/Workspaces/Daisy/DaisyExamples/libDaisy/build/libdaisy.a(stm32h7xx_hal_i2c.o)
                0x000000000800adec                HAL_I2C_Master_Transmit
 .text.HAL_I2C_Slave_Transmit
                0x000000000800af94      0x1c8 /Users/reza.kalfane/Workspaces/Daisy/DaisyExamples/libDaisy/build/libdaisy.a(stm32h7xx_hal_i2c.o)
                0x000000000800af94                HAL_I2C_Slave_Transmit
 .text.HAL_I2C_EV_IRQHandler
                0x000000000800b15c       0x10 /Users/reza.kalfane/Workspaces/Daisy/DaisyExamples/libDaisy/build/libdaisy.a(stm32h7xx_hal_i2c.o)
                0x000000000800b15c                HAL_I2C_EV_IRQHandler
 .text.HAL_I2C_GetState
                0x000000000800b16c        0x8 /Users/reza.kalfane/Workspaces/Daisy/DaisyExamples/libDaisy/build/libdaisy.a(stm32h7xx_hal_i2c.o)
                0x000000000800b16c                HAL_I2C_GetState
 .text.HAL_I2CEx_ConfigAnalogFilter
                0x000000000800b174       0x54 /Users/reza.kalfane/Workspaces/Daisy/DaisyExamples/libDaisy/build/libdaisy.a(stm32h7xx_hal_i2c_ex.o)
                0x000000000800b174                HAL_I2CEx_ConfigAnalogFilter
 .text.HAL_I2CEx_ConfigDigitalFilter
                0x000000000800b1c8       0x58 /Users/reza.kalfane/Workspaces/Daisy/DaisyExamples/libDaisy/build/libdaisy.a(stm32h7xx_hal_i2c_ex.o)
                0x000000000800b1c8                HAL_I2CEx_ConfigDigitalFilter
 .text.HAL_PCD_Init
                0x000000000800b220      0x12c /Users/reza.kalfane/Workspaces/Daisy/DaisyExamples/libDaisy/build/libdaisy.a(stm32h7xx_hal_pcd.o)
                0x000000000800b220                HAL_PCD_Init
 .text.HAL_PCD_Start
                0x000000000800b34c       0x44 /Users/reza.kalfane/Workspaces/Daisy/DaisyExamples/libDaisy/build/libdaisy.a(stm32h7xx_hal_pcd.o)
                0x000000000800b34c                HAL_PCD_Start
 .text.HAL_PCD_IRQHandler
                0x000000000800b390      0x69c /Users/reza.kalfane/Workspaces/Daisy/DaisyExamples/libDaisy/build/libdaisy.a(stm32h7xx_hal_pcd.o)
                0x000000000800b390                HAL_PCD_IRQHandler
 .text.HAL_PCD_SetAddress
                0x000000000800ba2c       0x2c /Users/reza.kalfane/Workspaces/Daisy/DaisyExamples/libDaisy/build/libdaisy.a(stm32h7xx_hal_pcd.o)
                0x000000000800ba2c                HAL_PCD_SetAddress
 .text.HAL_PCD_EP_Open
                0x000000000800ba58       0x7c /Users/reza.kalfane/Workspaces/Daisy/DaisyExamples/libDaisy/build/libdaisy.a(stm32h7xx_hal_pcd.o)
                0x000000000800ba58                HAL_PCD_EP_Open
 .text.HAL_PCD_EP_Close
                0x000000000800bad4       0x6c /Users/reza.kalfane/Workspaces/Daisy/DaisyExamples/libDaisy/build/libdaisy.a(stm32h7xx_hal_pcd.o)
                0x000000000800bad4                HAL_PCD_EP_Close
 .text.HAL_PCD_EP_Receive
                0x000000000800bb40       0x50 /Users/reza.kalfane/Workspaces/Daisy/DaisyExamples/libDaisy/build/libdaisy.a(stm32h7xx_hal_pcd.o)
                0x000000000800bb40                HAL_PCD_EP_Receive
 .text.HAL_PCD_EP_GetRxCount
                0x000000000800bb90       0x14 /Users/reza.kalfane/Workspaces/Daisy/DaisyExamples/libDaisy/build/libdaisy.a(stm32h7xx_hal_pcd.o)
                0x000000000800bb90                HAL_PCD_EP_GetRxCount
 .text.HAL_PCD_EP_Transmit
                0x000000000800bba4       0x50 /Users/reza.kalfane/Workspaces/Daisy/DaisyExamples/libDaisy/build/libdaisy.a(stm32h7xx_hal_pcd.o)
                0x000000000800bba4                HAL_PCD_EP_Transmit
 .text.HAL_PCD_EP_SetStall
                0x000000000800bbf4       0x88 /Users/reza.kalfane/Workspaces/Daisy/DaisyExamples/libDaisy/build/libdaisy.a(stm32h7xx_hal_pcd.o)
                0x000000000800bbf4                HAL_PCD_EP_SetStall
 .text.HAL_PCD_EP_ClrStall
                0x000000000800bc7c       0x78 /Users/reza.kalfane/Workspaces/Daisy/DaisyExamples/libDaisy/build/libdaisy.a(stm32h7xx_hal_pcd.o)
                0x000000000800bc7c                HAL_PCD_EP_ClrStall
 .text.HAL_PCDEx_SetTxFiFo
                0x000000000800bcf4       0x54 /Users/reza.kalfane/Workspaces/Daisy/DaisyExamples/libDaisy/build/libdaisy.a(stm32h7xx_hal_pcd_ex.o)
                0x000000000800bcf4                HAL_PCDEx_SetTxFiFo
 .text.HAL_PCDEx_SetRxFiFo
                0x000000000800bd48        0xc /Users/reza.kalfane/Workspaces/Daisy/DaisyExamples/libDaisy/build/libdaisy.a(stm32h7xx_hal_pcd_ex.o)
                0x000000000800bd48                HAL_PCDEx_SetRxFiFo
 .text.HAL_PCDEx_ActivateLPM
                0x000000000800bd54       0x30 /Users/reza.kalfane/Workspaces/Daisy/DaisyExamples/libDaisy/build/libdaisy.a(stm32h7xx_hal_pcd_ex.o)
                0x000000000800bd54                HAL_PCDEx_ActivateLPM
 .text.HAL_PCDEx_LPM_Callback
                0x000000000800bd84        0x4 /Users/reza.kalfane/Workspaces/Daisy/DaisyExamples/libDaisy/build/libdaisy.a(stm32h7xx_hal_pcd_ex.o)
                0x000000000800bd84                HAL_PCDEx_LPM_Callback
 .text.HAL_PWREx_ConfigSupply
                0x000000000800bd88       0x4c /Users/reza.kalfane/Workspaces/Daisy/DaisyExamples/libDaisy/build/libdaisy.a(stm32h7xx_hal_pwr_ex.o)
                0x000000000800bd88                HAL_PWREx_ConfigSupply
 .text.HAL_PWREx_EnableUSBVoltageDetector
                0x000000000800bdd4       0x10 /Users/reza.kalfane/Workspaces/Daisy/DaisyExamples/libDaisy/build/libdaisy.a(stm32h7xx_hal_pwr_ex.o)
                0x000000000800bdd4                HAL_PWREx_EnableUSBVoltageDetector
 .text.QSPI_Config
                0x000000000800bde4      0x174 /Users/reza.kalfane/Workspaces/Daisy/DaisyExamples/libDaisy/build/libdaisy.a(stm32h7xx_hal_qspi.o)
 .text.HAL_QSPI_Init
                0x000000000800bf58       0xd8 /Users/reza.kalfane/Workspaces/Daisy/DaisyExamples/libDaisy/build/libdaisy.a(stm32h7xx_hal_qspi.o)
                0x000000000800bf58                HAL_QSPI_Init
 .text.HAL_QSPI_DeInit
                0x000000000800c030       0x3c /Users/reza.kalfane/Workspaces/Daisy/DaisyExamples/libDaisy/build/libdaisy.a(stm32h7xx_hal_qspi.o)
                0x000000000800c030                HAL_QSPI_DeInit
 .text.HAL_QSPI_Command
                0x000000000800c06c       0xd4 /Users/reza.kalfane/Workspaces/Daisy/DaisyExamples/libDaisy/build/libdaisy.a(stm32h7xx_hal_qspi.o)
                0x000000000800c06c                HAL_QSPI_Command
 .text.HAL_QSPI_Transmit
                0x000000000800c140       0xfc /Users/reza.kalfane/Workspaces/Daisy/DaisyExamples/libDaisy/build/libdaisy.a(stm32h7xx_hal_qspi.o)
                0x000000000800c140                HAL_QSPI_Transmit
 .text.HAL_QSPI_Receive
                0x000000000800c23c      0x108 /Users/reza.kalfane/Workspaces/Daisy/DaisyExamples/libDaisy/build/libdaisy.a(stm32h7xx_hal_qspi.o)
                0x000000000800c23c                HAL_QSPI_Receive
 .text.HAL_QSPI_AutoPolling
                0x000000000800c344       0xf0 /Users/reza.kalfane/Workspaces/Daisy/DaisyExamples/libDaisy/build/libdaisy.a(stm32h7xx_hal_qspi.o)
                0x000000000800c344                HAL_QSPI_AutoPolling
 .text.HAL_QSPI_MemoryMapped
                0x000000000800c434       0xc0 /Users/reza.kalfane/Workspaces/Daisy/DaisyExamples/libDaisy/build/libdaisy.a(stm32h7xx_hal_qspi.o)
                0x000000000800c434                HAL_QSPI_MemoryMapped
 .text.HAL_QSPI_ErrorCallback
                0x000000000800c4f4        0x4 /Users/reza.kalfane/Workspaces/Daisy/DaisyExamples/libDaisy/build/libdaisy.a(stm32h7xx_hal_qspi.o)
                0x000000000800c4f4                HAL_QSPI_ErrorCallback
 .text.QSPI_DMAAbortCplt
                0x000000000800c4f8       0x38 /Users/reza.kalfane/Workspaces/Daisy/DaisyExamples/libDaisy/build/libdaisy.a(stm32h7xx_hal_qspi.o)
 .text.HAL_QSPI_AbortCpltCallback
                0x000000000800c530        0x4 /Users/reza.kalfane/Workspaces/Daisy/DaisyExamples/libDaisy/build/libdaisy.a(stm32h7xx_hal_qspi.o)
                0x000000000800c530                HAL_QSPI_AbortCpltCallback
 .text.HAL_QSPI_CmdCpltCallback
                0x000000000800c534        0x4 /Users/reza.kalfane/Workspaces/Daisy/DaisyExamples/libDaisy/build/libdaisy.a(stm32h7xx_hal_qspi.o)
                0x000000000800c534                HAL_QSPI_CmdCpltCallback
 .text.HAL_QSPI_RxCpltCallback
                0x000000000800c538        0x4 /Users/reza.kalfane/Workspaces/Daisy/DaisyExamples/libDaisy/build/libdaisy.a(stm32h7xx_hal_qspi.o)
                0x000000000800c538                HAL_QSPI_RxCpltCallback
 .text.HAL_QSPI_TxCpltCallback
                0x000000000800c53c        0x4 /Users/reza.kalfane/Workspaces/Daisy/DaisyExamples/libDaisy/build/libdaisy.a(stm32h7xx_hal_qspi.o)
                0x000000000800c53c                HAL_QSPI_TxCpltCallback
 .text.HAL_QSPI_FifoThresholdCallback
                0x000000000800c540        0x4 /Users/reza.kalfane/Workspaces/Daisy/DaisyExamples/libDaisy/build/libdaisy.a(stm32h7xx_hal_qspi.o)
                0x000000000800c540                HAL_QSPI_FifoThresholdCallback
 .text.HAL_QSPI_StatusMatchCallback
                0x000000000800c544        0x4 /Users/reza.kalfane/Workspaces/Daisy/DaisyExamples/libDaisy/build/libdaisy.a(stm32h7xx_hal_qspi.o)
                0x000000000800c544                HAL_QSPI_StatusMatchCallback
 .text.HAL_QSPI_TimeOutCallback
                0x000000000800c548        0x4 /Users/reza.kalfane/Workspaces/Daisy/DaisyExamples/libDaisy/build/libdaisy.a(stm32h7xx_hal_qspi.o)
                0x000000000800c548                HAL_QSPI_TimeOutCallback
 .text.HAL_QSPI_IRQHandler
                0x000000000800c54c      0x210 /Users/reza.kalfane/Workspaces/Daisy/DaisyExamples/libDaisy/build/libdaisy.a(stm32h7xx_hal_qspi.o)
                0x000000000800c54c                HAL_QSPI_IRQHandler
 .text.HAL_RCC_OscConfig
                0x000000000800c75c      0x51c /Users/reza.kalfane/Workspaces/Daisy/DaisyExamples/libDaisy/build/libdaisy.a(stm32h7xx_hal_rcc.o)
                0x000000000800c75c                HAL_RCC_OscConfig
 .text.HAL_RCC_GetSysClockFreq
                0x000000000800cc78      0x140 /Users/reza.kalfane/Workspaces/Daisy/DaisyExamples/libDaisy/build/libdaisy.a(stm32h7xx_hal_rcc.o)
                0x000000000800cc78                HAL_RCC_GetSysClockFreq
 .text.HAL_RCC_ClockConfig
                0x000000000800cdb8      0x234 /Users/reza.kalfane/Workspaces/Daisy/DaisyExamples/libDaisy/build/libdaisy.a(stm32h7xx_hal_rcc.o)
                0x000000000800cdb8                HAL_RCC_ClockConfig
 .text.HAL_RCC_GetHCLKFreq
                0x000000000800cfec       0x2c /Users/reza.kalfane/Workspaces/Daisy/DaisyExamples/libDaisy/build/libdaisy.a(stm32h7xx_hal_rcc.o)
                0x000000000800cfec                HAL_RCC_GetHCLKFreq
 .text.HAL_RCC_GetPCLK1Freq
                0x000000000800d018       0x38 /Users/reza.kalfane/Workspaces/Daisy/DaisyExamples/libDaisy/build/libdaisy.a(stm32h7xx_hal_rcc.o)
                0x000000000800d018                HAL_RCC_GetPCLK1Freq
 .text.HAL_RCC_GetPCLK2Freq
                0x000000000800d050       0x38 /Users/reza.kalfane/Workspaces/Daisy/DaisyExamples/libDaisy/build/libdaisy.a(stm32h7xx_hal_rcc.o)
                0x000000000800d050                HAL_RCC_GetPCLK2Freq
 .text.RCCEx_PLL2_Config
                0x000000000800d088       0xf4 /Users/reza.kalfane/Workspaces/Daisy/DaisyExamples/libDaisy/build/libdaisy.a(stm32h7xx_hal_rcc_ex.o)
 .text.RCCEx_PLL3_Config
                0x000000000800d17c       0xf4 /Users/reza.kalfane/Workspaces/Daisy/DaisyExamples/libDaisy/build/libdaisy.a(stm32h7xx_hal_rcc_ex.o)
 .text.HAL_RCCEx_PeriphCLKConfig
                0x000000000800d270      0xa7c /Users/reza.kalfane/Workspaces/Daisy/DaisyExamples/libDaisy/build/libdaisy.a(stm32h7xx_hal_rcc_ex.o)
                0x000000000800d270                HAL_RCCEx_PeriphCLKConfig
 .text.HAL_RCCEx_GetD3PCLK1Freq
                0x000000000800dcec       0x24 /Users/reza.kalfane/Workspaces/Daisy/DaisyExamples/libDaisy/build/libdaisy.a(stm32h7xx_hal_rcc_ex.o)
                0x000000000800dcec                HAL_RCCEx_GetD3PCLK1Freq
 .text.HAL_RCCEx_GetPLL2ClockFreq
                0x000000000800dd10      0x17c /Users/reza.kalfane/Workspaces/Daisy/DaisyExamples/libDaisy/build/libdaisy.a(stm32h7xx_hal_rcc_ex.o)
                0x000000000800dd10                HAL_RCCEx_GetPLL2ClockFreq
 .text.HAL_RCCEx_GetPLL3ClockFreq
                0x000000000800de8c      0x17c /Users/reza.kalfane/Workspaces/Daisy/DaisyExamples/libDaisy/build/libdaisy.a(stm32h7xx_hal_rcc_ex.o)
                0x000000000800de8c                HAL_RCCEx_GetPLL3ClockFreq
 .text.HAL_RCCEx_GetPLL1ClockFreq
                0x000000000800e008      0x17c /Users/reza.kalfane/Workspaces/Daisy/DaisyExamples/libDaisy/build/libdaisy.a(stm32h7xx_hal_rcc_ex.o)
                0x000000000800e008                HAL_RCCEx_GetPLL1ClockFreq
 .text.HAL_RCCEx_GetPeriphCLKFreq
                0x000000000800e184      0x198 /Users/reza.kalfane/Workspaces/Daisy/DaisyExamples/libDaisy/build/libdaisy.a(stm32h7xx_hal_rcc_ex.o)
                0x000000000800e184                HAL_RCCEx_GetPeriphCLKFreq
 .text.HAL_RCCEx_GetD1SysClockFreq
                0x000000000800e31c       0x2c /Users/reza.kalfane/Workspaces/Daisy/DaisyExamples/libDaisy/build/libdaisy.a(stm32h7xx_hal_rcc_ex.o)
                0x000000000800e31c                HAL_RCCEx_GetD1SysClockFreq
 .text.HAL_SAI_Init.part.0
                0x000000000800e348      0x348 /Users/reza.kalfane/Workspaces/Daisy/DaisyExamples/libDaisy/build/libdaisy.a(stm32h7xx_hal_sai.o)
 .text.HAL_SAI_InitProtocol
                0x000000000800e690      0x178 /Users/reza.kalfane/Workspaces/Daisy/DaisyExamples/libDaisy/build/libdaisy.a(stm32h7xx_hal_sai.o)
                0x000000000800e690                HAL_SAI_InitProtocol
 .text.HAL_SAI_Transmit_DMA
                0x000000000800e808      0x124 /Users/reza.kalfane/Workspaces/Daisy/DaisyExamples/libDaisy/build/libdaisy.a(stm32h7xx_hal_sai.o)
                0x000000000800e808                HAL_SAI_Transmit_DMA
 .text.HAL_SAI_Receive_DMA
                0x000000000800e92c       0xd0 /Users/reza.kalfane/Workspaces/Daisy/DaisyExamples/libDaisy/build/libdaisy.a(stm32h7xx_hal_sai.o)
                0x000000000800e92c                HAL_SAI_Receive_DMA
 .text.HAL_SAI_TxCpltCallback
                0x000000000800e9fc        0x4 /Users/reza.kalfane/Workspaces/Daisy/DaisyExamples/libDaisy/build/libdaisy.a(stm32h7xx_hal_sai.o)
                0x000000000800e9fc                HAL_SAI_TxCpltCallback
 .text.SAI_DMATxCplt
                0x000000000800ea00       0x64 /Users/reza.kalfane/Workspaces/Daisy/DaisyExamples/libDaisy/build/libdaisy.a(stm32h7xx_hal_sai.o)
 .text.HAL_SAI_TxHalfCpltCallback
                0x000000000800ea64        0x4 /Users/reza.kalfane/Workspaces/Daisy/DaisyExamples/libDaisy/build/libdaisy.a(stm32h7xx_hal_sai.o)
                0x000000000800ea64                HAL_SAI_TxHalfCpltCallback
 .text.SAI_DMATxHalfCplt
                0x000000000800ea68        0xc /Users/reza.kalfane/Workspaces/Daisy/DaisyExamples/libDaisy/build/libdaisy.a(stm32h7xx_hal_sai.o)
 .text.SAI_DMARxCplt
                0x000000000800ea74       0x64 /Users/reza.kalfane/Workspaces/Daisy/DaisyExamples/libDaisy/build/libdaisy.a(stm32h7xx_hal_sai.o)
 .text.SAI_DMARxHalfCplt
                0x000000000800ead8        0xc /Users/reza.kalfane/Workspaces/Daisy/DaisyExamples/libDaisy/build/libdaisy.a(stm32h7xx_hal_sai.o)
 .text.HAL_SAI_ErrorCallback
                0x000000000800eae4        0x4 /Users/reza.kalfane/Workspaces/Daisy/DaisyExamples/libDaisy/build/libdaisy.a(stm32h7xx_hal_sai.o)
                0x000000000800eae4                HAL_SAI_ErrorCallback
 .text.SAI_DMAError
                0x000000000800eae8       0x6c /Users/reza.kalfane/Workspaces/Daisy/DaisyExamples/libDaisy/build/libdaisy.a(stm32h7xx_hal_sai.o)
 .text.HAL_SDRAM_Init
                0x000000000800eb54       0x54 /Users/reza.kalfane/Workspaces/Daisy/DaisyExamples/libDaisy/build/libdaisy.a(stm32h7xx_hal_sdram.o)
                0x000000000800eb54                HAL_SDRAM_Init
 .text.HAL_SDRAM_SendCommand
                0x000000000800eba8       0x40 /Users/reza.kalfane/Workspaces/Daisy/DaisyExamples/libDaisy/build/libdaisy.a(stm32h7xx_hal_sdram.o)
                0x000000000800eba8                HAL_SDRAM_SendCommand
 .text.HAL_SDRAM_ProgramRefreshRate
                0x000000000800ebe8       0x30 /Users/reza.kalfane/Workspaces/Daisy/DaisyExamples/libDaisy/build/libdaisy.a(stm32h7xx_hal_sdram.o)
                0x000000000800ebe8                HAL_SDRAM_ProgramRefreshRate
 .text.HAL_TIM_Base_Init
                0x000000000800ec18      0x140 /Users/reza.kalfane/Workspaces/Daisy/DaisyExamples/libDaisy/build/libdaisy.a(stm32h7xx_hal_tim.o)
                0x000000000800ec18                HAL_TIM_Base_Init
 .text.HAL_TIM_Base_Start
                0x000000000800ed58       0x34 /Users/reza.kalfane/Workspaces/Daisy/DaisyExamples/libDaisy/build/libdaisy.a(stm32h7xx_hal_tim.o)
                0x000000000800ed58                HAL_TIM_Base_Start
 .text.HAL_TIM_Base_Start_IT
                0x000000000800ed8c       0x2c /Users/reza.kalfane/Workspaces/Daisy/DaisyExamples/libDaisy/build/libdaisy.a(stm32h7xx_hal_tim.o)
                0x000000000800ed8c                HAL_TIM_Base_Start_IT
 .text.HAL_TIM_ConfigClockSource
                0x000000000800edb8      0x17c /Users/reza.kalfane/Workspaces/Daisy/DaisyExamples/libDaisy/build/libdaisy.a(stm32h7xx_hal_tim.o)
                0x000000000800edb8                HAL_TIM_ConfigClockSource
 .text.HAL_TIM_OC_DelayElapsedCallback
                0x000000000800ef34        0x4 /Users/reza.kalfane/Workspaces/Daisy/DaisyExamples/libDaisy/build/libdaisy.a(stm32h7xx_hal_tim.o)
                0x000000000800ef34                HAL_TIM_OC_DelayElapsedCallback
 .text.HAL_TIM_IC_CaptureCallback
                0x000000000800ef38        0x4 /Users/reza.kalfane/Workspaces/Daisy/DaisyExamples/libDaisy/build/libdaisy.a(stm32h7xx_hal_tim.o)
                0x000000000800ef38                HAL_TIM_IC_CaptureCallback
 .text.HAL_TIM_PWM_PulseFinishedCallback
                0x000000000800ef3c        0x4 /Users/reza.kalfane/Workspaces/Daisy/DaisyExamples/libDaisy/build/libdaisy.a(stm32h7xx_hal_tim.o)
                0x000000000800ef3c                HAL_TIM_PWM_PulseFinishedCallback
 .text.HAL_TIM_TriggerCallback
                0x000000000800ef40        0x4 /Users/reza.kalfane/Workspaces/Daisy/DaisyExamples/libDaisy/build/libdaisy.a(stm32h7xx_hal_tim.o)
                0x000000000800ef40                HAL_TIM_TriggerCallback
 .text.HAL_TIM_IRQHandler
                0x000000000800ef44      0x170 /Users/reza.kalfane/Workspaces/Daisy/DaisyExamples/libDaisy/build/libdaisy.a(stm32h7xx_hal_tim.o)
                0x000000000800ef44                HAL_TIM_IRQHandler
 .text.HAL_TIMEx_MasterConfigSynchronization
                0x000000000800f0b4       0x64 /Users/reza.kalfane/Workspaces/Daisy/DaisyExamples/libDaisy/build/libdaisy.a(stm32h7xx_hal_tim_ex.o)
                0x000000000800f0b4                HAL_TIMEx_MasterConfigSynchronization
 .text.HAL_TIMEx_CommutCallback
                0x000000000800f118        0x4 /Users/reza.kalfane/Workspaces/Daisy/DaisyExamples/libDaisy/build/libdaisy.a(stm32h7xx_hal_tim_ex.o)
                0x000000000800f118                HAL_TIMEx_CommutCallback
 .text.HAL_TIMEx_BreakCallback
                0x000000000800f11c        0x4 /Users/reza.kalfane/Workspaces/Daisy/DaisyExamples/libDaisy/build/libdaisy.a(stm32h7xx_hal_tim_ex.o)
                0x000000000800f11c                HAL_TIMEx_BreakCallback
 .text.HAL_TIMEx_Break2Callback
                0x000000000800f120        0x4 /Users/reza.kalfane/Workspaces/Daisy/DaisyExamples/libDaisy/build/libdaisy.a(stm32h7xx_hal_tim_ex.o)
                0x000000000800f120                HAL_TIMEx_Break2Callback
 .text.FMC_SDRAM_Init
                0x000000000800f124       0x7c /Users/reza.kalfane/Workspaces/Daisy/DaisyExamples/libDaisy/build/libdaisy.a(stm32h7xx_ll_fmc.o)
                0x000000000800f124                FMC_SDRAM_Init
 .text.FMC_SDRAM_Timing_Init
                0x000000000800f1a0       0x98 /Users/reza.kalfane/Workspaces/Daisy/DaisyExamples/libDaisy/build/libdaisy.a(stm32h7xx_ll_fmc.o)
                0x000000000800f1a0                FMC_SDRAM_Timing_Init
 .text.FMC_SDRAM_SendCommand
                0x000000000800f238       0x28 /Users/reza.kalfane/Workspaces/Daisy/DaisyExamples/libDaisy/build/libdaisy.a(stm32h7xx_ll_fmc.o)
                0x000000000800f238                FMC_SDRAM_SendCommand
 .text.FMC_SDRAM_ProgramRefreshRate
                0x000000000800f260       0x1c /Users/reza.kalfane/Workspaces/Daisy/DaisyExamples/libDaisy/build/libdaisy.a(stm32h7xx_ll_fmc.o)
                0x000000000800f260                FMC_SDRAM_ProgramRefreshRate
 .text.USB_CoreInit
                0x000000000800f27c      0x124 /Users/reza.kalfane/Workspaces/Daisy/DaisyExamples/libDaisy/build/libdaisy.a(stm32h7xx_ll_usb.o)
                0x000000000800f27c                USB_CoreInit
 .text.USB_SetTurnaroundTime
                0x000000000800f3a0      0x104 /Users/reza.kalfane/Workspaces/Daisy/DaisyExamples/libDaisy/build/libdaisy.a(stm32h7xx_ll_usb.o)
                0x000000000800f3a0                USB_SetTurnaroundTime
 .text.USB_EnableGlobalInt
                0x000000000800f4a4       0x10 /Users/reza.kalfane/Workspaces/Daisy/DaisyExamples/libDaisy/build/libdaisy.a(stm32h7xx_ll_usb.o)
                0x000000000800f4a4                USB_EnableGlobalInt
 .text.USB_DisableGlobalInt
                0x000000000800f4b4       0x10 /Users/reza.kalfane/Workspaces/Daisy/DaisyExamples/libDaisy/build/libdaisy.a(stm32h7xx_ll_usb.o)
                0x000000000800f4b4                USB_DisableGlobalInt
 .text.USB_SetCurrentMode
                0x000000000800f4c4       0x30 /Users/reza.kalfane/Workspaces/Daisy/DaisyExamples/libDaisy/build/libdaisy.a(stm32h7xx_ll_usb.o)
                0x000000000800f4c4                USB_SetCurrentMode
 .text.USB_DevInit
                0x000000000800f4f4      0x20c /Users/reza.kalfane/Workspaces/Daisy/DaisyExamples/libDaisy/build/libdaisy.a(stm32h7xx_ll_usb.o)
                0x000000000800f4f4                USB_DevInit
 .text.USB_FlushTxFifo
                0x000000000800f700       0x34 /Users/reza.kalfane/Workspaces/Daisy/DaisyExamples/libDaisy/build/libdaisy.a(stm32h7xx_ll_usb.o)
                0x000000000800f700                USB_FlushTxFifo
 .text.USB_GetDevSpeed
                0x000000000800f734       0x24 /Users/reza.kalfane/Workspaces/Daisy/DaisyExamples/libDaisy/build/libdaisy.a(stm32h7xx_ll_usb.o)
                0x000000000800f734                USB_GetDevSpeed
 .text.USB_ActivateEndpoint
                0x000000000800f758       0x90 /Users/reza.kalfane/Workspaces/Daisy/DaisyExamples/libDaisy/build/libdaisy.a(stm32h7xx_ll_usb.o)
                0x000000000800f758                USB_ActivateEndpoint
 .text.USB_DeactivateEndpoint
                0x000000000800f7e8       0x84 /Users/reza.kalfane/Workspaces/Daisy/DaisyExamples/libDaisy/build/libdaisy.a(stm32h7xx_ll_usb.o)
                0x000000000800f7e8                USB_DeactivateEndpoint
 .text.USB_EPStartXfer
                0x000000000800f86c      0x230 /Users/reza.kalfane/Workspaces/Daisy/DaisyExamples/libDaisy/build/libdaisy.a(stm32h7xx_ll_usb.o)
                0x000000000800f86c                USB_EPStartXfer
 .text.USB_EP0StartXfer
                0x000000000800fa9c      0x174 /Users/reza.kalfane/Workspaces/Daisy/DaisyExamples/libDaisy/build/libdaisy.a(stm32h7xx_ll_usb.o)
                0x000000000800fa9c                USB_EP0StartXfer
 .text.USB_WritePacket
                0x000000000800fc10       0x2c /Users/reza.kalfane/Workspaces/Daisy/DaisyExamples/libDaisy/build/libdaisy.a(stm32h7xx_ll_usb.o)
                0x000000000800fc10                USB_WritePacket
 .text.USB_ReadPacket
                0x000000000800fc3c       0x20 /Users/reza.kalfane/Workspaces/Daisy/DaisyExamples/libDaisy/build/libdaisy.a(stm32h7xx_ll_usb.o)
                0x000000000800fc3c                USB_ReadPacket
 .text.USB_EPSetStall
                0x000000000800fc5c       0x68 /Users/reza.kalfane/Workspaces/Daisy/DaisyExamples/libDaisy/build/libdaisy.a(stm32h7xx_ll_usb.o)
                0x000000000800fc5c                USB_EPSetStall
 .text.USB_EPClearStall
                0x000000000800fcc4       0x58 /Users/reza.kalfane/Workspaces/Daisy/DaisyExamples/libDaisy/build/libdaisy.a(stm32h7xx_ll_usb.o)
                0x000000000800fcc4                USB_EPClearStall
 .text.USB_SetDevAddress
                0x000000000800fd1c       0x24 /Users/reza.kalfane/Workspaces/Daisy/DaisyExamples/libDaisy/build/libdaisy.a(stm32h7xx_ll_usb.o)
                0x000000000800fd1c                USB_SetDevAddress
 .text.USB_DevConnect
                0x000000000800fd40       0x1c /Users/reza.kalfane/Workspaces/Daisy/DaisyExamples/libDaisy/build/libdaisy.a(stm32h7xx_ll_usb.o)
                0x000000000800fd40                USB_DevConnect
 .text.USB_DevDisconnect
                0x000000000800fd5c       0x1c /Users/reza.kalfane/Workspaces/Daisy/DaisyExamples/libDaisy/build/libdaisy.a(stm32h7xx_ll_usb.o)
                0x000000000800fd5c                USB_DevDisconnect
 .text.USB_ReadInterrupts
                0x000000000800fd78       0x14 /Users/reza.kalfane/Workspaces/Daisy/DaisyExamples/libDaisy/build/libdaisy.a(stm32h7xx_ll_usb.o)
                0x000000000800fd78                USB_ReadInterrupts
 .text.USB_ReadDevAllOutEpInterrupt
                0x000000000800fd8c       0x1c /Users/reza.kalfane/Workspaces/Daisy/DaisyExamples/libDaisy/build/libdaisy.a(stm32h7xx_ll_usb.o)
                0x000000000800fd8c                USB_ReadDevAllOutEpInterrupt
 .text.USB_ReadDevAllInEpInterrupt
                0x000000000800fda8       0x1c /Users/reza.kalfane/Workspaces/Daisy/DaisyExamples/libDaisy/build/libdaisy.a(stm32h7xx_ll_usb.o)
                0x000000000800fda8                USB_ReadDevAllInEpInterrupt
 .text.USB_ReadDevOutEPInterrupt
                0x000000000800fdc4       0x1c /Users/reza.kalfane/Workspaces/Daisy/DaisyExamples/libDaisy/build/libdaisy.a(stm32h7xx_ll_usb.o)
                0x000000000800fdc4                USB_ReadDevOutEPInterrupt
 .text.USB_ReadDevInEPInterrupt
                0x000000000800fde0       0x38 /Users/reza.kalfane/Workspaces/Daisy/DaisyExamples/libDaisy/build/libdaisy.a(stm32h7xx_ll_usb.o)
                0x000000000800fde0                USB_ReadDevInEPInterrupt
 .text.USB_GetMode
                0x000000000800fe18        0x8 /Users/reza.kalfane/Workspaces/Daisy/DaisyExamples/libDaisy/build/libdaisy.a(stm32h7xx_ll_usb.o)
                0x000000000800fe18                USB_GetMode
 .text.USB_ActivateSetup
                0x000000000800fe20       0x38 /Users/reza.kalfane/Workspaces/Daisy/DaisyExamples/libDaisy/build/libdaisy.a(stm32h7xx_ll_usb.o)