Archive member included to satisfy reference by file (symbol)

/Users/reza.kalfane/Workspaces/Daisy/DaisyExamples/libDaisy/build/libdaisy.a(daisy_seed.o)
                              build/dac_breathing_led.o (daisy::DaisySeed::Init(bool))
/Users/reza.kalfane/Workspaces/Daisy/DaisyExamples/libDaisy/build/libdaisy.a(codec_ak4556.o)
                              /Users/reza.kalfane/Workspaces/Daisy/DaisyExamples/libDaisy/build/libdaisy.a(daisy_seed.o) (daisy::Ak4556::Init(dsy_gpio_pin))
/Users/reza.kalfane/Workspaces/Daisy/DaisyExamples/libDaisy/build/libdaisy.a(codec_wm8731.o)
                              /Users/reza.kalfane/Workspaces/Daisy/DaisyExamples/libDaisy/build/libdaisy.a(daisy_seed.o) (daisy::Wm8731::Init(daisy::Wm8731::Config const&, daisy::I2CHandle))
/Users/reza.kalfane/Workspaces/Daisy/DaisyExamples/libDaisy/build/libdaisy.a(sdram.o)
                              /Users/reza.kalfane/Workspaces/Daisy/DaisyExamples/libDaisy/build/libdaisy.a(daisy_seed.o) (SdramHandle::Init())
/Users/reza.kalfane/Workspaces/Daisy/DaisyExamples/libDaisy/build/libdaisy.a(audio.o)
                              /Users/reza.kalfane/Workspaces/Daisy/DaisyExamples/libDaisy/build/libdaisy.a(daisy_seed.o) (daisy::AudioHandle::Init(daisy::AudioHandle::Config const&, daisy::SaiHandle))
/Users/reza.kalfane/Workspaces/Daisy/DaisyExamples/libDaisy/build/libdaisy.a(dac.o)
                              build/dac_breathing_led.o (daisy::DacHandle::Init(daisy::DacHandle::Config const&))
/Users/reza.kalfane/Workspaces/Daisy/DaisyExamples/libDaisy/build/libdaisy.a(gpio.o)
                              build/dac_breathing_led.o (daisy::GPIO::Init(daisy::Pin, daisy::GPIO::Mode, daisy::GPIO::Pull, daisy::GPIO::Speed))
/Users/reza.kalfane/Workspaces/Daisy/DaisyExamples/libDaisy/build/libdaisy.a(i2c.o)
                              /Users/reza.kalfane/Workspaces/Daisy/DaisyExamples/libDaisy/build/libdaisy.a(daisy_seed.o) (daisy::I2CHandle::Init(daisy::I2CHandle::Config const&))
/Users/reza.kalfane/Workspaces/Daisy/DaisyExamples/libDaisy/build/libdaisy.a(qspi.o)
                              /Users/reza.kalfane/Workspaces/Daisy/DaisyExamples/libDaisy/build/libdaisy.a(daisy_seed.o) (daisy::QSPIHandle::Init(daisy::QSPIHandle::Config const&))
/Users/reza.kalfane/Workspaces/Daisy/DaisyExamples/libDaisy/build/libdaisy.a(sai.o)
                              /Users/reza.kalfane/Workspaces/Daisy/DaisyExamples/libDaisy/build/libdaisy.a(daisy_seed.o) (daisy::SaiHandle::Init(daisy::SaiHandle::Config const&))
/Users/reza.kalfane/Workspaces/Daisy/DaisyExamples/libDaisy/build/libdaisy.a(system.o)
                              /Users/reza.kalfane/Workspaces/Daisy/DaisyExamples/libDaisy/build/libdaisy.a(daisy_seed.o) (daisy::System::DeInit())
/Users/reza.kalfane/Workspaces/Daisy/DaisyExamples/libDaisy/build/libdaisy.a(system_stm32h7xx.o)
                              build/startup_stm32h750xx.o (SystemInit)
/Users/reza.kalfane/Workspaces/Daisy/DaisyExamples/libDaisy/build/libdaisy.a(usbd_conf.o)
                              /Users/reza.kalfane/Workspaces/Daisy/DaisyExamples/libDaisy/build/libdaisy.a(system.o) (hpcd_USB_OTG_HS)
/Users/reza.kalfane/Workspaces/Daisy/DaisyExamples/libDaisy/build/libdaisy.a(usbh_conf.o)
                              /Users/reza.kalfane/Workspaces/Daisy/DaisyExamples/libDaisy/build/libdaisy.a(system.o) (hhcd_USB_OTG_HS)
/Users/reza.kalfane/Workspaces/Daisy/DaisyExamples/libDaisy/build/libdaisy.a(hal_map.o)
                              /Users/reza.kalfane/Workspaces/Daisy/DaisyExamples/libDaisy/build/libdaisy.a(gpio.o) (dsy_hal_map_get_port)
/Users/reza.kalfane/Workspaces/Daisy/DaisyExamples/libDaisy/build/libdaisy.a(stm32h7xx_hal.o)
                              /Users/reza.kalfane/Workspaces/Daisy/DaisyExamples/libDaisy/build/libdaisy.a(system.o) (HAL_Init)
/Users/reza.kalfane/Workspaces/Daisy/DaisyExamples/libDaisy/build/libdaisy.a(stm32h7xx_hal_cortex.o)
                              /Users/reza.kalfane/Workspaces/Daisy/DaisyExamples/libDaisy/build/libdaisy.a(stm32h7xx_hal.o) (HAL_NVIC_SetPriorityGrouping)
/Users/reza.kalfane/Workspaces/Daisy/DaisyExamples/libDaisy/build/libdaisy.a(stm32h7xx_hal_dac.o)
                              /Users/reza.kalfane/Workspaces/Daisy/DaisyExamples/libDaisy/build/libdaisy.a(dac.o) (HAL_DAC_Init)
/Users/reza.kalfane/Workspaces/Daisy/DaisyExamples/libDaisy/build/libdaisy.a(stm32h7xx_hal_dac_ex.o)
                              /Users/reza.kalfane/Workspaces/Daisy/DaisyExamples/libDaisy/build/libdaisy.a(stm32h7xx_hal_dac.o) (HAL_DACEx_DMAUnderrunCallbackCh2)
/Users/reza.kalfane/Workspaces/Daisy/DaisyExamples/libDaisy/build/libdaisy.a(stm32h7xx_hal_dma.o)
                              /Users/reza.kalfane/Workspaces/Daisy/DaisyExamples/libDaisy/build/libdaisy.a(dac.o) (HAL_DMA_Init)
/Users/reza.kalfane/Workspaces/Daisy/DaisyExamples/libDaisy/build/libdaisy.a(stm32h7xx_hal_gpio.o)
[...]
Memory Configuration

Name             Origin             Length             Attributes
FLASH            0x0000000008000000 0x0000000000020000 xr
DTCMRAM          0x0000000020000000 0x0000000000020000 xrw
SRAM             0x0000000024000000 0x0000000000080000 xrw
RAM_D2           0x0000000030000000 0x0000000000048000 xrw
RAM_D3           0x0000000038000000 0x0000000000010000 xrw
BACKUP_SRAM      0x0000000038800000 0x0000000000001000 xrw
ITCMRAM          0x0000000000000000 0x0000000000010000 xrw
SDRAM            0x00000000c0000000 0x0000000004000000 xrw
QSPIFLASH        0x0000000090000000 0x0000000000800000 xr
*default*        0x0000000000000000 0xffffffffffffffff

Linker script and memory map

LOAD /Library/DaisyToolchain/0.2.0/arm/bin/../lib/gcc/arm-none-eabi/10.3.1/thumb/v7e-m+dp/hard/crti.o
LOAD /Library/DaisyToolchain/0.2.0/arm/bin/../lib/gcc/arm-none-eabi/10.3.1/thumb/v7e-m+dp/hard/crtbegin.o
LOAD /Library/DaisyToolchain/0.2.0/arm/bin/../lib/gcc/arm-none-eabi/10.3.1/../../../../arm-none-eabi/lib/thumb/v7e-m+dp/hard/crt0.o
LOAD build/startup_stm32h750xx.o
LOAD build/dac_breathing_led.o
LOAD /Users/reza.kalfane/Workspaces/Daisy/DaisyExamples/libDaisy/build/libdaisy.a
LOAD /Library/DaisyToolchain/0.2.0/arm/bin/../lib/gcc/arm-none-eabi/10.3.1/../../../../arm-none-eabi/lib/thumb/v7e-m+dp/hard/libnosys.a
LOAD /Library/DaisyToolchain/0.2.0/arm/bin/../lib/gcc/arm-none-eabi/10.3.1/../../../../arm-none-eabi/lib/thumb/v7e-m+dp/hard/libstdc++_nano.a
LOAD /Library/DaisyToolchain/0.2.0/arm/bin/../lib/gcc/arm-none-eabi/10.3.1/../../../../arm-none-eabi/lib/thumb/v7e-m+dp/hard/libm.a
LOAD /Library/DaisyToolchain/0.2.0/arm/bin/../lib/gcc/arm-none-eabi/10.3.1/../../../../arm-none-eabi/lib/thumb/v7e-m+dp/hard/libc_nano.a
START GROUP
LOAD /Library/DaisyToolchain/0.2.0/arm/bin/../lib/gcc/arm-none-eabi/10.3.1/thumb/v7e-m+dp/hard/libgcc.a
LOAD /Library/DaisyToolchain/0.2.0/arm/bin/../lib/gcc/arm-none-eabi/10.3.1/../../../../arm-none-eabi/lib/thumb/v7e-m+dp/hard/libc_nano.a
END GROUP
START GROUP
LOAD /Library/DaisyToolchain/0.2.0/arm/bin/../lib/gcc/arm-none-eabi/10.3.1/thumb/v7e-m+dp/hard/libgcc.a
LOAD /Library/DaisyToolchain/0.2.0/arm/bin/../lib/gcc/arm-none-eabi/10.3.1/../../../../arm-none-eabi/lib/thumb/v7e-m+dp/hard/libc_nano.a
LOAD /Library/DaisyToolchain/0.2.0/arm/bin/../lib/gcc/arm-none-eabi/10.3.1/../../../../arm-none-eabi/lib/thumb/v7e-m+dp/hard/libnosys.a
END GROUP
START GROUP
LOAD /Library/DaisyToolchain/0.2.0/arm/bin/../lib/gcc/arm-none-eabi/10.3.1/thumb/v7e-m+dp/hard/libgcc.a
LOAD /Library/DaisyToolchain/0.2.0/arm/bin/../lib/gcc/arm-none-eabi/10.3.1/../../../../arm-none-eabi/lib/thumb/v7e-m+dp/hard/libc_nano.a
LOAD /Library/DaisyToolchain/0.2.0/arm/bin/../lib/gcc/arm-none-eabi/10.3.1/../../../../arm-none-eabi/lib/thumb/v7e-m+dp/hard/libnosys.a
END GROUP
LOAD /Library/DaisyToolchain/0.2.0/arm/bin/../lib/gcc/arm-none-eabi/10.3.1/thumb/v7e-m+dp/hard/crtend.o
LOAD /Library/DaisyToolchain/0.2.0/arm/bin/../lib/gcc/arm-none-eabi/10.3.1/thumb/v7e-m+dp/hard/crtn.o
                0x0000000020020000                _estack = 0x20020000

.isr_vector     0x0000000008000000      0x298
                0x0000000008000000                . = ALIGN (0x4)
 *(.isr_vector)
 .isr_vector    0x0000000008000000      0x298 build/startup_stm32h750xx.o
                0x0000000008000000                g_pfnVectors
                0x0000000008000298                . = ALIGN (0x4)

.text           0x0000000008000298     0xfa88
                0x0000000008000298                . = ALIGN (0x4)
                0x0000000008000298                _stext = .
 *(.text)
 .text          0x0000000008000298       0x40 /Library/DaisyToolchain/0.2.0/arm/bin/../lib/gcc/arm-none-eabi/10.3.1/thumb/v7e-m+dp/hard/crtbegin.o
 .text          0x00000000080002d8      0x378 /Library/DaisyToolchain/0.2.0/arm/bin/../lib/gcc/arm-none-eabi/10.3.1/thumb/v7e-m+dp/hard/libgcc.a(_arm_addsubdf3.o)
                0x00000000080002d8                __aeabi_drsub
                0x00000000080002e0                __subdf3
                0x00000000080002e0                __aeabi_dsub
                0x00000000080002e4                __aeabi_dadd
                0x00000000080002e4                __adddf3
                0x000000000800055c                __aeabi_ui2d
                0x000000000800055c                __floatunsidf
                0x000000000800057c                __floatsidf
                0x000000000800057c                __aeabi_i2d
                0x00000000080005a0                __extendsfdf2
                0x00000000080005a0                __aeabi_f2d
                0x00000000080005e4                __aeabi_ul2d
                0x00000000080005e4                __floatundidf
                0x00000000080005f4                __aeabi_l2d
                0x00000000080005f4                __floatdidf
 .text          0x0000000008000650       0x30 /Library/DaisyToolchain/0.2.0/arm/bin/../lib/gcc/arm-none-eabi/10.3.1/thumb/v7e-m+dp/hard/libgcc.a(_aeabi_uldivmod.o)
                0x0000000008000650                __aeabi_uldivmod
 .text          0x0000000008000680      0x2d0 /Library/DaisyToolchain/0.2.0/arm/bin/../lib/gcc/arm-none-eabi/10.3.1/thumb/v7e-m+dp/hard/libgcc.a(_udivmoddi4.o)
                0x0000000008000680                __udivmoddi4
 .text          0x0000000008000950        0x4 /Library/DaisyToolchain/0.2.0/arm/bin/../lib/gcc/arm-none-eabi/10.3.1/thumb/v7e-m+dp/hard/libgcc.a(_dvmd_tls.o)
                0x0000000008000950                __aeabi_ldiv0
                0x0000000008000950                __aeabi_idiv0
 *(.text*)
 .text.Default_Handler
                0x0000000008000954        0x4 build/startup_stm32h750xx.o
                0x0000000008000954                SAI1_IRQHandler
                0x0000000008000954                HASH_RNG_IRQHandler
                0x0000000008000954                EXTI2_IRQHandler
                0x0000000008000954                TIM8_CC_IRQHandler
                0x0000000008000954                HRTIM1_Master_IRQHandler
                0x0000000008000954                DebugMon_Handler
                0x0000000008000954                TIM1_CC_IRQHandler
                0x0000000008000954                BDMA_Channel6_IRQHandler
                0x0000000008000954                DMA2_Stream5_IRQHandler
                0x0000000008000954                HRTIM1_FLT_IRQHandler
                0x0000000008000954                JPEG_IRQHandler
                0x0000000008000954                BDMA_Channel1_IRQHandler
                0x0000000008000954                HRTIM1_TIMD_IRQHandler
                0x0000000008000954                TAMP_STAMP_IRQHandler
                0x0000000008000954                PendSV_Handler
                0x0000000008000954                NMI_Handler
                0x0000000008000954                EXTI3_IRQHandler
                0x0000000008000954                LPTIM4_IRQHandler
                0x0000000008000954                TIM8_TRG_COM_TIM14_IRQHandler
                0x0000000008000954                LPTIM2_IRQHandler
                0x0000000008000954                DFSDM1_FLT1_IRQHandler
                0x0000000008000954                DMAMUX2_OVR_IRQHandler
                0x0000000008000954                TIM8_UP_TIM13_IRQHandler
                0x0000000008000954                I2C3_ER_IRQHandler
                0x0000000008000954                DFSDM1_FLT2_IRQHandler
                0x0000000008000954                MDMA_IRQHandler
                0x0000000008000954                LPTIM3_IRQHandler
                0x0000000008000954                HSEM1_IRQHandler
                0x0000000008000954                EXTI0_IRQHandler
                0x0000000008000954                DMA1_Stream2_IRQHandler
                0x0000000008000954                FPU_IRQHandler
                0x0000000008000954                OTG_HS_WKUP_IRQHandler
                0x0000000008000954                FDCAN1_IT1_IRQHandler
                0x0000000008000954                UsageFault_Handler
                0x0000000008000954                LTDC_ER_IRQHandler
                0x0000000008000954                HRTIM1_TIME_IRQHandler
                0x0000000008000954                DCMI_IRQHandler
                0x0000000008000954                HRTIM1_TIMC_IRQHandler
                0x0000000008000954                SAI2_IRQHandler
                0x0000000008000954                DFSDM1_FLT3_IRQHandler
                0x0000000008000954                TIM17_IRQHandler
                0x0000000008000954                CRYP_IRQHandler
                0x0000000008000954                BDMA_Channel7_IRQHandler
                0x0000000008000954                LPTIM5_IRQHandler
                0x0000000008000954                ADC3_IRQHandler
                0x0000000008000954                BDMA_Channel2_IRQHandler
                0x0000000008000954                DMAMUX1_OVR_IRQHandler
                0x0000000008000954                TIM16_IRQHandler
                0x0000000008000954                BDMA_Channel5_IRQHandler
                0x0000000008000954                RCC_IRQHandler
                0x0000000008000954                TIM8_BRK_TIM12_IRQHandler
                0x0000000008000954                TIM1_TRG_COM_IRQHandler
                0x0000000008000954                Default_Handler
                0x0000000008000954                ECC_IRQHandler
                0x0000000008000954                CEC_IRQHandler
                0x0000000008000954                EXTI15_10_IRQHandler
                0x0000000008000954                BDMA_Channel0_IRQHandler
                0x0000000008000954                ADC_IRQHandler
                0x0000000008000954                DMA1_Stream7_IRQHandler
                0x0000000008000954                HRTIM1_TIMA_IRQHandler
                0x0000000008000954                TIM7_IRQHandler
                0x0000000008000954                SDMMC1_IRQHandler
                0x0000000008000954                DMA2_Stream7_IRQHandler
                0x0000000008000954                TIM15_IRQHandler
                0x0000000008000954                PVD_AVD_IRQHandler
                0x0000000008000954                EXTI9_5_IRQHandler
                0x0000000008000954                RTC_WKUP_IRQHandler
                0x0000000008000954                LTDC_IRQHandler
                0x0000000008000954                SAI3_IRQHandler
                0x0000000008000954                ETH_WKUP_IRQHandler
                0x0000000008000954                SPDIF_RX_IRQHandler
                0x0000000008000954                MemManage_Handler
                0x0000000008000954                SVC_Handler
                0x0000000008000954                CRS_IRQHandler
                0x0000000008000954                EXTI4_IRQHandler
                0x0000000008000954                HRTIM1_TIMB_IRQHandler
                0x0000000008000954                FDCAN2_IT1_IRQHandler
                0x0000000008000954                ETH_IRQHandler
                0x0000000008000954                TIM1_UP_IRQHandler
                0x0000000008000954                BDMA_Channel4_IRQHandler
                0x0000000008000954                WWDG_IRQHandler
                0x0000000008000954                SPI6_IRQHandler
                0x0000000008000954                I2C4_EV_IRQHandler
                0x0000000008000954                MDIOS_IRQHandler
                0x0000000008000954                FDCAN2_IT0_IRQHandler
                0x0000000008000954                FDCAN1_IT0_IRQHandler
                0x0000000008000954                OTG_FS_WKUP_IRQHandler
                0x0000000008000954                DMA2D_IRQHandler
                0x0000000008000954                TIM1_BRK_IRQHandler
                0x0000000008000954                EXTI1_IRQHandler
                0x0000000008000954                SDMMC2_IRQHandler
                0x0000000008000954                OTG_FS_EP1_OUT_IRQHandler
                0x0000000008000954                BDMA_Channel3_IRQHandler
                0x0000000008000954                MDIOS_WKUP_IRQHandler
                0x0000000008000954                DFSDM1_FLT0_IRQHandler
                0x0000000008000954                SAI4_IRQHandler
                0x0000000008000954                I2C2_ER_IRQHandler
                0x0000000008000954                FLASH_IRQHandler
                0x0000000008000954                BusFault_Handler
                0x0000000008000954                OTG_FS_IRQHandler
                0x0000000008000954                WAKEUP_PIN_IRQHandler
                0x0000000008000954                OTG_FS_EP1_IN_IRQHandler
                0x0000000008000954                I2C1_ER_IRQHandler
                0x0000000008000954                FMC_IRQHandler
                0x0000000008000954                FDCAN_CAL_IRQHandler
                0x0000000008000954                SWPMI1_IRQHandler
                0x0000000008000954                COMP1_IRQHandler
                0x0000000008000954                LPTIM1_IRQHandler
                0x0000000008000954                I2C4_ER_IRQHandler
                0x0000000008000954                DMA2_Stream6_IRQHandler
                0x0000000008000954                RTC_Alarm_IRQHandler
 .text.Reset_Handler
                0x0000000008000958       0x44 build/startup_stm32h750xx.o
                0x0000000008000958                Reset_Handler
 .text._ZN5daisy9DaisySeedD2Ev
                0x000000000800099c        0x4 build/dac_breathing_led.o
                0x000000000800099c                daisy::DaisySeed::~DaisySeed()
                0x000000000800099c                daisy::DaisySeed::~DaisySeed()
 .text.startup.main
                0x00000000080009a0      0x470 build/dac_breathing_led.o
                0x00000000080009a0                main
 .text.startup._GLOBAL__sub_I_hw
                0x0000000008000e10       0x38 build/dac_breathing_led.o
 .text._ZN5daisy9DaisySeed17CheckBoardVersionEv
                0x0000000008000e48       0x6c /Users/reza.kalfane/Workspaces/Daisy/DaisyExamples/libDaisy/build/libdaisy.a(daisy_seed.o)
                0x0000000008000e48                daisy::DaisySeed::CheckBoardVersion()
 .text._ZN5daisy9DaisySeed14ConfigureAudioEv
                0x0000000008000eb4      0x10c /Users/reza.kalfane/Workspaces/Daisy/DaisyExamples/libDaisy/build/libdaisy.a(daisy_seed.o)
                0x0000000008000eb4                daisy::DaisySeed::ConfigureAudio()
 .text._ZN5daisy9DaisySeed4InitEb
                0x0000000008000fc0      0x108 /Users/reza.kalfane/Workspaces/Daisy/DaisyExamples/libDaisy/build/libdaisy.a(daisy_seed.o)
                0x0000000008000fc0                daisy::DaisySeed::Init(bool)
 .text._ZN5daisy6Ak45564InitE12dsy_gpio_pin
                0x00000000080010c8       0x44 /Users/reza.kalfane/Workspaces/Daisy/DaisyExamples/libDaisy/build/libdaisy.a(codec_ak4556.o)
                0x00000000080010c8                daisy::Ak4556::Init(dsy_gpio_pin)
 .text._ZN5daisy6Wm873120WriteControlRegisterEht
                0x000000000800110c       0x3c /Users/reza.kalfane/Workspaces/Daisy/DaisyExamples/libDaisy/build/libdaisy.a(codec_wm8731.o)
                0x000000000800110c                daisy::Wm8731::WriteControlRegister(unsigned char, unsigned short)
 .text._ZN5daisy6Wm87314InitERKNS0_6ConfigENS_9I2CHandleE
                0x0000000008001148      0x1bc /Users/reza.kalfane/Workspaces/Daisy/DaisyExamples/libDaisy/build/libdaisy.a(codec_wm8731.o)
                0x0000000008001148                daisy::Wm8731::Init(daisy::Wm8731::Config const&, daisy::I2CHandle)
 .text._ZN11SdramHandle10DeviceInitEv
                0x0000000008001304       0x98 /Users/reza.kalfane/Workspaces/Daisy/DaisyExamples/libDaisy/build/libdaisy.a(sdram.o)
                0x0000000008001304                SdramHandle::DeviceInit()
 .text._ZN11SdramHandle4InitEv
                0x000000000800139c       0x7c /Users/reza.kalfane/Workspaces/Daisy/DaisyExamples/libDaisy/build/libdaisy.a(sdram.o)
                0x000000000800139c                SdramHandle::Init()
 .text.HAL_SDRAM_MspInit
                0x0000000008001418      0x1a8 /Users/reza.kalfane/Workspaces/Daisy/DaisyExamples/libDaisy/build/libdaisy.a(sdram.o)
                0x0000000008001418                HAL_SDRAM_MspInit
 .text._ZN5daisy11AudioHandle4InitERKNS0_6ConfigENS_9SaiHandleE
                0x00000000080015c0       0x70 /Users/reza.kalfane/Workspaces/Daisy/DaisyExamples/libDaisy/build/libdaisy.a(audio.o)
                0x00000000080015c0                daisy::AudioHandle::Init(daisy::AudioHandle::Config const&, daisy::SaiHandle)
 .text._ZNK5daisy11AudioHandle9GetConfigEv
                0x0000000008001630        0x8 /Users/reza.kalfane/Workspaces/Daisy/DaisyExamples/libDaisy/build/libdaisy.a(audio.o)
                0x0000000008001630                daisy::AudioHandle::GetConfig() const
 .text._ZN5daisy11AudioHandle13GetSampleRateEv
                0x0000000008001638        0x8 /Users/reza.kalfane/Workspaces/Daisy/DaisyExamples/libDaisy/build/libdaisy.a(audio.o)
                0x0000000008001638                daisy::AudioHandle::GetSampleRate()
 .text.startup._GLOBAL__sub_I__ZN5daisy11AudioHandle4Impl4InitENS0_6ConfigENS_9SaiHandleE
                0x0000000008001640       0x24 /Users/reza.kalfane/Workspaces/Daisy/DaisyExamples/libDaisy/build/libdaisy.a(audio.o)
 .text.HAL_DAC_MspInit
                0x0000000008001664      0x15c /Users/reza.kalfane/Workspaces/Daisy/DaisyExamples/libDaisy/build/libdaisy.a(dac.o)
                0x0000000008001664                HAL_DAC_MspInit
 .text.DMA2_Stream0_IRQHandler
                0x00000000080017c0        0xc /Users/reza.kalfane/Workspaces/Daisy/DaisyExamples/libDaisy/build/libdaisy.a(dac.o)
                0x00000000080017c0                DMA2_Stream0_IRQHandler
 .text.DMA2_Stream1_IRQHandler
                0x00000000080017cc        0xc /Users/reza.kalfane/Workspaces/Daisy/DaisyExamples/libDaisy/build/libdaisy.a(dac.o)
                0x00000000080017cc                DMA2_Stream1_IRQHandler
 .text.TIM6_DAC_IRQHandler
                0x00000000080017d8       0x1c /Users/reza.kalfane/Workspaces/Daisy/DaisyExamples/libDaisy/build/libdaisy.a(dac.o)
                0x00000000080017d8                TIM6_DAC_IRQHandler
 .text._ZN5daisy9DacHandle4InitERKNS0_6ConfigE
                0x00000000080017f4       0xfc /Users/reza.kalfane/Workspaces/Daisy/DaisyExamples/libDaisy/build/libdaisy.a(dac.o)
                0x00000000080017f4                daisy::DacHandle::Init(daisy::DacHandle::Config const&)
 .text._ZN5daisy9DacHandle10WriteValueENS0_7ChannelEt
                0x00000000080018f0       0x70 /Users/reza.kalfane/Workspaces/Daisy/DaisyExamples/libDaisy/build/libdaisy.a(dac.o)
                0x00000000080018f0                daisy::DacHandle::WriteValue(daisy::DacHandle::Channel, unsigned short)
 .text._ZN5daisy4GPIO4InitENS_3PinENS0_4ModeENS0_4PullENS0_5SpeedE
                0x0000000008001960      0x1cc /Users/reza.kalfane/Workspaces/Daisy/DaisyExamples/libDaisy/build/libdaisy.a(gpio.o)
                0x0000000008001960                daisy::GPIO::Init(daisy::Pin, daisy::GPIO::Mode, daisy::GPIO::Pull, daisy::GPIO::Speed)
 .text._ZN5daisy4GPIO4ReadEv
                0x0000000008001b2c       0x18 /Users/reza.kalfane/Workspaces/Daisy/DaisyExamples/libDaisy/build/libdaisy.a(gpio.o)
                0x0000000008001b2c                daisy::GPIO::Read()
 .text._ZN5daisy4GPIO5WriteEb
                0x0000000008001b44       0x14 /Users/reza.kalfane/Workspaces/Daisy/DaisyExamples/libDaisy/build/libdaisy.a(gpio.o)
                0x0000000008001b44                daisy::GPIO::Write(bool)
 .text.dsy_gpio_init
                0x0000000008001b58      0x1b8 /Users/reza.kalfane/Workspaces/Daisy/DaisyExamples/libDaisy/build/libdaisy.a(gpio.o)
                0x0000000008001b58                dsy_gpio_init
 .text.dsy_gpio_write
                0x0000000008001d10       0x24 /Users/reza.kalfane/Workspaces/Daisy/DaisyExamples/libDaisy/build/libdaisy.a(gpio.o)
                0x0000000008001d10                dsy_gpio_write
 .text._ZN5daisy9I2CHandle4Impl8InitPinsEv
                0x0000000008001d34       0x58 /Users/reza.kalfane/Workspaces/Daisy/DaisyExamples/libDaisy/build/libdaisy.a(i2c.o)
                0x0000000008001d34                daisy::I2CHandle::Impl::InitPins()
 .text.HAL_I2C_MspInit
                0x0000000008001d8c      0x1b4 /Users/reza.kalfane/Workspaces/Daisy/DaisyExamples/libDaisy/build/libdaisy.a(i2c.o)
                0x0000000008001d8c                HAL_I2C_MspInit
 .text.dsy_i2c_global_init
                0x0000000008001f40       0x78 /Users/reza.kalfane/Workspaces/Daisy/DaisyExamples/libDaisy/build/libdaisy.a(i2c.o)
                0x0000000008001f40                dsy_i2c_global_init
 .text.DMA1_Stream6_IRQHandler
                0x0000000008001fb8       0x34 /Users/reza.kalfane/Workspaces/Daisy/DaisyExamples/libDaisy/build/libdaisy.a(i2c.o)
                0x0000000008001fb8                DMA1_Stream6_IRQHandler
 .text.I2C1_EV_IRQHandler
                0x0000000008001fec        0xc /Users/reza.kalfane/Workspaces/Daisy/DaisyExamples/libDaisy/build/libdaisy.a(i2c.o)
                0x0000000008001fec                I2C1_EV_IRQHandler
 .text.I2C2_EV_IRQHandler
                0x0000000008001ff8        0xc /Users/reza.kalfane/Workspaces/Daisy/DaisyExamples/libDaisy/build/libdaisy.a(i2c.o)
                0x0000000008001ff8                I2C2_EV_IRQHandler
 .text.I2C3_EV_IRQHandler
                0x0000000008002004        0xc /Users/reza.kalfane/Workspaces/Daisy/DaisyExamples/libDaisy/build/libdaisy.a(i2c.o)
                0x0000000008002004                I2C3_EV_IRQHandler
 .text._ZN5daisy9I2CHandle4InitERKNS0_6ConfigE
                0x0000000008002010      0x12c /Users/reza.kalfane/Workspaces/Daisy/DaisyExamples/libDaisy/build/libdaisy.a(i2c.o)
                0x0000000008002010                daisy::I2CHandle::Init(daisy::I2CHandle::Config const&)
 .text._ZN5daisy9I2CHandle16TransmitBlockingEtPhtm
                0x000000000800213c       0x50 /Users/reza.kalfane/Workspaces/Daisy/DaisyExamples/libDaisy/build/libdaisy.a(i2c.o)
                0x000000000800213c                daisy::I2CHandle::TransmitBlocking(unsigned short, unsigned char*, unsigned short, unsigned long)
 .text.startup._GLOBAL__sub_I__ZN5daisy9I2CHandle4Impl10GlobalInitEv
                0x000000000800218c       0x18 /Users/reza.kalfane/Workspaces/Daisy/DaisyExamples/libDaisy/build/libdaisy.a(i2c.o)
 .text._ZN5daisy10QSPIHandle4Impl11WriteEnableEv
                0x00000000080021a4       0x8c /Users/reza.kalfane/Workspaces/Daisy/DaisyExamples/libDaisy/build/libdaisy.a(qspi.o)
                0x00000000080021a4                daisy::QSPIHandle::Impl::WriteEnable()
 .text._ZN5daisy10QSPIHandle4Impl17DummyCyclesConfigENS0_6Config6DeviceE
                0x0000000008002230      0x118 /Users/reza.kalfane/Workspaces/Daisy/DaisyExamples/libDaisy/build/libdaisy.a(qspi.o)
                0x0000000008002230                daisy::QSPIHandle::Impl::DummyCyclesConfig(daisy::QSPIHandle::Config::Device)
 .text._ZN5daisy10QSPIHandle4Impl10QuadEnableEv
                0x0000000008002348      0x158 /Users/reza.kalfane/Workspaces/Daisy/DaisyExamples/libDaisy/build/libdaisy.a(qspi.o)
                0x0000000008002348                daisy::QSPIHandle::Impl::QuadEnable()
 .text._ZN5daisy10QSPIHandle4InitERKNS0_6ConfigE
                0x00000000080024a0      0x198 /Users/reza.kalfane/Workspaces/Daisy/DaisyExamples/libDaisy/build/libdaisy.a(qspi.o)
                0x00000000080024a0                daisy::QSPIHandle::Init(daisy::QSPIHandle::Config const&)
 .text.HAL_QSPI_MspInit
                0x0000000008002638      0x11c /Users/reza.kalfane/Workspaces/Daisy/DaisyExamples/libDaisy/build/libdaisy.a(qspi.o)
                0x0000000008002638                HAL_QSPI_MspInit
 .text.HAL_QSPI_MspDeInit
                0x0000000008002754       0x54 /Users/reza.kalfane/Workspaces/Daisy/DaisyExamples/libDaisy/build/libdaisy.a(qspi.o)
                0x0000000008002754                HAL_QSPI_MspDeInit
 .text.QUADSPI_IRQHandler
                0x00000000080027a8        0xc /Users/reza.kalfane/Workspaces/Daisy/DaisyExamples/libDaisy/build/libdaisy.a(qspi.o)
                0x00000000080027a8                QUADSPI_IRQHandler
 .text.startup._GLOBAL__sub_I__ZN5daisy10QSPIHandle4Impl4InitERKNS0_6ConfigE
                0x00000000080027b4       0x28 /Users/reza.kalfane/Workspaces/Daisy/DaisyExamples/libDaisy/build/libdaisy.a(qspi.o)
 .text._ZN5daisy9SaiHandle4Impl7InitDmaENS1_15PeripheralBlockE
                0x00000000080027dc       0xa0 /Users/reza.kalfane/Workspaces/Daisy/DaisyExamples/libDaisy/build/libdaisy.a(sai.o)
                0x00000000080027dc                daisy::SaiHandle::Impl::InitDma(daisy::SaiHandle::Impl::PeripheralBlock)
 .text._ZN5daisy9SaiHandle4Impl8InitPinsEv
                0x000000000800287c       0xa8 /Users/reza.kalfane/Workspaces/Daisy/DaisyExamples/libDaisy/build/libdaisy.a(sai.o)
                0x000000000800287c                daisy::SaiHandle::Impl::InitPins()
 .text.HAL_SAI_MspInit
                0x0000000008002924      0x164 /Users/reza.kalfane/Workspaces/Daisy/DaisyExamples/libDaisy/build/libdaisy.a(sai.o)
                0x0000000008002924                HAL_SAI_MspInit
 .text.DMA1_Stream0_IRQHandler
                0x0000000008002a88        0xc /Users/reza.kalfane/Workspaces/Daisy/DaisyExamples/libDaisy/build/libdaisy.a(sai.o)
                0x0000000008002a88                DMA1_Stream0_IRQHandler
 .text.DMA1_Stream1_IRQHandler
                0x0000000008002a94        0xc /Users/reza.kalfane/Workspaces/Daisy/DaisyExamples/libDaisy/build/libdaisy.a(sai.o)
                0x0000000008002a94                DMA1_Stream1_IRQHandler
 .text.DMA1_Stream3_IRQHandler
                0x0000000008002aa0        0xc /Users/reza.kalfane/Workspaces/Daisy/DaisyExamples/libDaisy/build/libdaisy.a(sai.o)
                0x0000000008002aa0                DMA1_Stream3_IRQHandler
 .text.DMA1_Stream4_IRQHandler
                0x0000000008002aac        0xc /Users/reza.kalfane/Workspaces/Daisy/DaisyExamples/libDaisy/build/libdaisy.a(sai.o)
                0x0000000008002aac                DMA1_Stream4_IRQHandler
 .text._ZN5daisy9SaiHandle4InitERKNS0_6ConfigE
                0x0000000008002ab8      0x1f0 /Users/reza.kalfane/Workspaces/Daisy/DaisyExamples/libDaisy/build/libdaisy.a(sai.o)
                0x0000000008002ab8                daisy::SaiHandle::Init(daisy::SaiHandle::Config const&)
 .text._ZNK5daisy9SaiHandle9GetConfigEv
                0x0000000008002ca8        0x4 /Users/reza.kalfane/Workspaces/Daisy/DaisyExamples/libDaisy/build/libdaisy.a(sai.o)
                0x0000000008002ca8                daisy::SaiHandle::GetConfig() const
 .text._ZN5daisy9SaiHandle13GetSampleRateEv
                0x0000000008002cac       0x24 /Users/reza.kalfane/Workspaces/Daisy/DaisyExamples/libDaisy/build/libdaisy.a(sai.o)
                0x0000000008002cac                daisy::SaiHandle::GetSampleRate()
 .text._ZN5daisy11TimerHandleD2Ev
                0x0000000008002cd0        0x4 /Users/reza.kalfane/Workspaces/Daisy/DaisyExamples/libDaisy/build/libdaisy.a(system.o)
                0x0000000008002cd0                daisy::TimerHandle::~TimerHandle()
                0x0000000008002cd0                daisy::TimerHandle::~TimerHandle()
 .text.SysTick_Handler
                0x0000000008002cd4       0x10 /Users/reza.kalfane/Workspaces/Daisy/DaisyExamples/libDaisy/build/libdaisy.a(system.o)
                0x0000000008002cd4                SysTick_Handler
 .text.OTG_HS_EP1_OUT_IRQHandler
                0x0000000008002ce4       0x24 /Users/reza.kalfane/Workspaces/Daisy/DaisyExamples/libDaisy/build/libdaisy.a(system.o)
                0x0000000008002ce4                OTG_HS_EP1_OUT_IRQHandler
 .text.OTG_HS_EP1_IN_IRQHandler
                0x0000000008002d08       0x24 /Users/reza.kalfane/Workspaces/Daisy/DaisyExamples/libDaisy/build/libdaisy.a(system.o)
                0x0000000008002d08                OTG_HS_EP1_IN_IRQHandler
 .text.OTG_HS_IRQHandler
                0x0000000008002d2c       0x24 /Users/reza.kalfane/Workspaces/Daisy/DaisyExamples/libDaisy/build/libdaisy.a(system.o)
                0x0000000008002d2c                OTG_HS_IRQHandler
 .text.HardFault_Handler
                0x0000000008002d50       0xe0 /Users/reza.kalfane/Workspaces/Daisy/DaisyExamples/libDaisy/build/libdaisy.a(system.o)
                0x0000000008002d50                HardFault_Handler
 .text._ZN5daisy6System5DelayEm
                0x0000000008002e30        0x4 /Users/reza.kalfane/Workspaces/Daisy/DaisyExamples/libDaisy/build/libdaisy.a(system.o)
                0x0000000008002e30                daisy::System::Delay(unsigned long)
 .text._ZN5daisy6System7DelayUsEm
                0x0000000008002e34        0xc /Users/reza.kalfane/Workspaces/Daisy/DaisyExamples/libDaisy/build/libdaisy.a(system.o)
                0x0000000008002e34                daisy::System::DelayUs(unsigned long)
 .text._ZN5daisy6System20GetBootloaderVersionEv
                0x0000000008002e40       0x34 /Users/reza.kalfane/Workspaces/Daisy/DaisyExamples/libDaisy/build/libdaisy.a(system.o)
                0x0000000008002e40                daisy::System::GetBootloaderVersion()
 .text._ZN5daisy6System15ConfigureClocksEv
                0x0000000008002e74      0x194 /Users/reza.kalfane/Workspaces/Daisy/DaisyExamples/libDaisy/build/libdaisy.a(system.o)
                0x0000000008002e74                daisy::System::ConfigureClocks()
 .text._ZN5daisy6System12ConfigureMpuEv
                0x0000000008003008       0x7c /Users/reza.kalfane/Workspaces/Daisy/DaisyExamples/libDaisy/build/libdaisy.a(system.o)
                0x0000000008003008                daisy::System::ConfigureMpu()
 .text._ZN5daisy6System4InitERKNS0_6ConfigE
                0x0000000008003084       0xec /Users/reza.kalfane/Workspaces/Daisy/DaisyExamples/libDaisy/build/libdaisy.a(system.o)
                0x0000000008003084                daisy::System::Init(daisy::System::Config const&)
 .text._ZN5daisy6System12GetPClk1FreqEv
                0x0000000008003170        0x4 /Users/reza.kalfane/Workspaces/Daisy/DaisyExamples/libDaisy/build/libdaisy.a(system.o)
                0x0000000008003170                daisy::System::GetPClk1Freq()
 .text._ZN5daisy6System12GetPClk2FreqEv
                0x0000000008003174        0x4 /Users/reza.kalfane/Workspaces/Daisy/DaisyExamples/libDaisy/build/libdaisy.a(system.o)
                0x0000000008003174                daisy::System::GetPClk2Freq()
 .text._ZN5daisy6System22GetProgramMemoryRegionEv
                0x0000000008003178       0x78 /Users/reza.kalfane/Workspaces/Daisy/DaisyExamples/libDaisy/build/libdaisy.a(system.o)
                0x0000000008003178                daisy::System::GetProgramMemoryRegion()
 .text.startup._GLOBAL__sub_I__ZN5daisy9boot_infoE
                0x00000000080031f0       0x1c /Users/reza.kalfane/Workspaces/Daisy/DaisyExamples/libDaisy/build/libdaisy.a(system.o)
 .text.SystemInit
                0x000000000800320c       0x9c /Users/reza.kalfane/Workspaces/Daisy/DaisyExamples/libDaisy/build/libdaisy.a(system_stm32h7xx.o)
                0x000000000800320c                SystemInit
 .text.HAL_PCD_SetupStageCallback
                0x00000000080032a8        0xc /Users/reza.kalfane/Workspaces/Daisy/DaisyExamples/libDaisy/build/libdaisy.a(usbd_conf.o)
                0x00000000080032a8                HAL_PCD_SetupStageCallback
 .text.HAL_PCD_DataOutStageCallback
                0x00000000080032b4       0x14 /Users/reza.kalfane/Workspaces/Daisy/DaisyExamples/libDaisy/build/libdaisy.a(usbd_conf.o)
                0x00000000080032b4                HAL_PCD_DataOutStageCallback
 .text.HAL_PCD_DataInStageCallback
                0x00000000080032c8       0x14 /Users/reza.kalfane/Workspaces/Daisy/DaisyExamples/libDaisy/build/libdaisy.a(usbd_conf.o)
                0x00000000080032c8                HAL_PCD_DataInStageCallback
 .text.HAL_PCD_SOFCallback
                0x00000000080032dc        0x8 /Users/reza.kalfane/Workspaces/Daisy/DaisyExamples/libDaisy/build/libdaisy.a(usbd_conf.o)
                0x00000000080032dc                HAL_PCD_SOFCallback
 .text.HAL_PCD_ResetCallback
                0x00000000080032e4       0x24 /Users/reza.kalfane/Workspaces/Daisy/DaisyExamples/libDaisy/build/libdaisy.a(usbd_conf.o)
                0x00000000080032e4                HAL_PCD_ResetCallback
 .text.HAL_PCD_SuspendCallback
                0x0000000008003308       0x30 /Users/reza.kalfane/Workspaces/Daisy/DaisyExamples/libDaisy/build/libdaisy.a(usbd_conf.o)
                0x0000000008003308                HAL_PCD_SuspendCallback
 .text.HAL_PCD_ResumeCallback
                0x0000000008003338        0x8 /Users/reza.kalfane/Workspaces/Daisy/DaisyExamples/libDaisy/build/libdaisy.a(usbd_conf.o)
                0x0000000008003338                HAL_PCD_ResumeCallback
 .text.HAL_PCD_ISOOUTIncompleteCallback
                0x0000000008003340        0x8 /Users/reza.kalfane/Workspaces/Daisy/DaisyExamples/libDaisy/build/libdaisy.a(usbd_conf.o)
                0x0000000008003340                HAL_PCD_ISOOUTIncompleteCallback
 .text.HAL_PCD_ISOINIncompleteCallback
                0x0000000008003348        0x8 /Users/reza.kalfane/Workspaces/Daisy/DaisyExamples/libDaisy/build/libdaisy.a(usbd_conf.o)
                0x0000000008003348                HAL_PCD_ISOINIncompleteCallback
 .text.HAL_PCD_ConnectCallback
                0x0000000008003350        0x8 /Users/reza.kalfane/Workspaces/Daisy/DaisyExamples/libDaisy/build/libdaisy.a(usbd_conf.o)
                0x0000000008003350                HAL_PCD_ConnectCallback
 .text.HAL_PCD_DisconnectCallback
                0x0000000008003358        0x8 /Users/reza.kalfane/Workspaces/Daisy/DaisyExamples/libDaisy/build/libdaisy.a(usbd_conf.o)
                0x0000000008003358                HAL_PCD_DisconnectCallback
 .text.USBD_LL_OpenEP
                0x0000000008003360       0x24 /Users/reza.kalfane/Workspaces/Daisy/DaisyExamples/libDaisy/build/libdaisy.a(usbd_conf.o)
                0x0000000008003360                USBD_LL_OpenEP
 .text.USBD_LL_StallEP
                0x0000000008003384       0x1c /Users/reza.kalfane/Workspaces/Daisy/DaisyExamples/libDaisy/build/libdaisy.a(usbd_conf.o)
                0x0000000008003384                USBD_LL_StallEP
 .text.USBD_LL_ClearStallEP
                0x00000000080033a0       0x1c /Users/reza.kalfane/Workspaces/Daisy/DaisyExamples/libDaisy/build/libdaisy.a(usbd_conf.o)
                0x00000000080033a0                USBD_LL_ClearStallEP
 .text.USBD_LL_IsStallEP
                0x00000000080033bc       0x28 /Users/reza.kalfane/Workspaces/Daisy/DaisyExamples/libDaisy/build/libdaisy.a(usbd_conf.o)
                0x00000000080033bc                USBD_LL_IsStallEP
 .text.USBD_LL_SetUSBAddress
                0x00000000080033e4       0x1c /Users/reza.kalfane/Workspaces/Daisy/DaisyExamples/libDaisy/build/libdaisy.a(usbd_conf.o)
                0x00000000080033e4                USBD_LL_SetUSBAddress
 .text.USBD_LL_Transmit
                0x0000000008003400       0x1c /Users/reza.kalfane/Workspaces/Daisy/DaisyExamples/libDaisy/build/libdaisy.a(usbd_conf.o)
                0x0000000008003400                USBD_LL_Transmit
 .text.USBD_LL_PrepareReceive
                0x000000000800341c       0x1c /Users/reza.kalfane/Workspaces/Daisy/DaisyExamples/libDaisy/build/libdaisy.a(usbd_conf.o)
                0x000000000800341c                USBD_LL_PrepareReceive
 .text.HAL_HCD_SOF_Callback
                0x0000000008003438        0x8 /Users/reza.kalfane/Workspaces/Daisy/DaisyExamples/libDaisy/build/libdaisy.a(usbh_conf.o)
                0x0000000008003438                HAL_HCD_SOF_Callback
 .text.HAL_HCD_Connect_Callback
                0x0000000008003440        0x8 /Users/reza.kalfane/Workspaces/Daisy/DaisyExamples/libDaisy/build/libdaisy.a(usbh_conf.o)
                0x0000000008003440                HAL_HCD_Connect_Callback
 .text.HAL_HCD_Disconnect_Callback
                0x0000000008003448        0x8 /Users/reza.kalfane/Workspaces/Daisy/DaisyExamples/libDaisy/build/libdaisy.a(usbh_conf.o)
                0x0000000008003448                HAL_HCD_Disconnect_Callback
 .text.HAL_HCD_HC_NotifyURBChange_Callback
                0x0000000008003450        0x4 /Users/reza.kalfane/Workspaces/Daisy/DaisyExamples/libDaisy/build/libdaisy.a(usbh_conf.o)
                0x0000000008003450                HAL_HCD_HC_NotifyURBChange_Callback
 .text.HAL_HCD_PortEnabled_Callback
                0x0000000008003454        0x8 /Users/reza.kalfane/Workspaces/Daisy/DaisyExamples/libDaisy/build/libdaisy.a(usbh_conf.o)
                0x0000000008003454                HAL_HCD_PortEnabled_Callback
 .text.HAL_HCD_PortDisabled_Callback
                0x000000000800345c        0x8 /Users/reza.kalfane/Workspaces/Daisy/DaisyExamples/libDaisy/build/libdaisy.a(usbh_conf.o)
                0x000000000800345c                HAL_HCD_PortDisabled_Callback
 .text.USBH_LL_Stop
                0x0000000008003464       0x1c /Users/reza.kalfane/Workspaces/Daisy/DaisyExamples/libDaisy/build/libdaisy.a(usbh_conf.o)
                0x0000000008003464                USBH_LL_Stop
 .text.dsy_hal_map_get_port
                0x0000000008003480       0x10 /Users/reza.kalfane/Workspaces/Daisy/DaisyExamples/libDaisy/build/libdaisy.a(hal_map.o)
                0x0000000008003480                dsy_hal_map_get_port
 .text.dsy_hal_map_get_pin
                0x0000000008003490       0x10 /Users/reza.kalfane/Workspaces/Daisy/DaisyExamples/libDaisy/build/libdaisy.a(hal_map.o)
                0x0000000008003490                dsy_hal_map_get_pin
 .text.dsy_hal_map_gpio_clk_enable
                0x00000000080034a0      0x150 /Users/reza.kalfane/Workspaces/Daisy/DaisyExamples/libDaisy/build/libdaisy.a(hal_map.o)
                0x00000000080034a0                dsy_hal_map_gpio_clk_enable
 .text.HAL_MspInit
                0x00000000080035f0        0x4 /Users/reza.kalfane/Workspaces/Daisy/DaisyExamples/libDaisy/build/libdaisy.a(stm32h7xx_hal.o)
                0x00000000080035f0                HAL_MspInit
 .text.HAL_InitTick
                0x00000000080035f4       0x4c /Users/reza.kalfane/Workspaces/Daisy/DaisyExamples/libDaisy/build/libdaisy.a(stm32h7xx_hal.o)
                0x00000000080035f4                HAL_InitTick
 .text.HAL_Init
                0x0000000008003640       0x60 /Users/reza.kalfane/Workspaces/Daisy/DaisyExamples/libDaisy/build/libdaisy.a(stm32h7xx_hal.o)
                0x0000000008003640                HAL_Init
 .text.HAL_IncTick
                0x00000000080036a0       0x18 /Users/reza.kalfane/Workspaces/Daisy/DaisyExamples/libDaisy/build/libdaisy.a(stm32h7xx_hal.o)
                0x00000000080036a0                HAL_IncTick
 .text.HAL_GetTick
                0x00000000080036b8        0xc /Users/reza.kalfane/Workspaces/Daisy/DaisyExamples/libDaisy/build/libdaisy.a(stm32h7xx_hal.o)
                0x00000000080036b8                HAL_GetTick
 .text.HAL_Delay
                0x00000000080036c4       0x24 /Users/reza.kalfane/Workspaces/Daisy/DaisyExamples/libDaisy/build/libdaisy.a(stm32h7xx_hal.o)
                0x00000000080036c4                HAL_Delay
 .text.HAL_GetREVID
                0x00000000080036e8        0xc /Users/reza.kalfane/Workspaces/Daisy/DaisyExamples/libDaisy/build/libdaisy.a(stm32h7xx_hal.o)
                0x00000000080036e8                HAL_GetREVID
 .text.HAL_NVIC_SetPriorityGrouping
                0x00000000080036f4       0x24 /Users/reza.kalfane/Workspaces/Daisy/DaisyExamples/libDaisy/build/libdaisy.a(stm32h7xx_hal_cortex.o)
                0x00000000080036f4                HAL_NVIC_SetPriorityGrouping
 .text.HAL_NVIC_SetPriority
                0x0000000008003718       0x7c /Users/reza.kalfane/Workspaces/Daisy/DaisyExamples/libDaisy/build/libdaisy.a(stm32h7xx_hal_cortex.o)
                0x0000000008003718                HAL_NVIC_SetPriority
 .text.HAL_NVIC_EnableIRQ
                0x0000000008003794       0x1c /Users/reza.kalfane/Workspaces/Daisy/DaisyExamples/libDaisy/build/libdaisy.a(stm32h7xx_hal_cortex.o)
                0x0000000008003794                HAL_NVIC_EnableIRQ
 .text.HAL_NVIC_DisableIRQ
                0x00000000080037b0       0x28 /Users/reza.kalfane/Workspaces/Daisy/DaisyExamples/libDaisy/build/libdaisy.a(stm32h7xx_hal_cortex.o)
                0x00000000080037b0                HAL_NVIC_DisableIRQ
 .text.HAL_SYSTICK_Config
                0x00000000080037d8       0x2c /Users/reza.kalfane/Workspaces/Daisy/DaisyExamples/libDaisy/build/libdaisy.a(stm32h7xx_hal_cortex.o)
                0x00000000080037d8                HAL_SYSTICK_Config
 .text.HAL_MPU_Disable
                0x0000000008003804       0x1c /Users/reza.kalfane/Workspaces/Daisy/DaisyExamples/libDaisy/build/libdaisy.a(stm32h7xx_hal_cortex.o)
                0x0000000008003804                HAL_MPU_Disable
 .text.HAL_MPU_Enable
                0x0000000008003820       0x20 /Users/reza.kalfane/Workspaces/Daisy/DaisyExamples/libDaisy/build/libdaisy.a(stm32h7xx_hal_cortex.o)
                0x0000000008003820                HAL_MPU_Enable
 .text.HAL_MPU_ConfigRegion
                0x0000000008003840       0x64 /Users/reza.kalfane/Workspaces/Daisy/DaisyExamples/libDaisy/build/libdaisy.a(stm32h7xx_hal_cortex.o)
                0x0000000008003840                HAL_MPU_ConfigRegion
 .text.HAL_SYSTICK_Callback
                0x00000000080038a4        0x4 /Users/reza.kalfane/Workspaces/Daisy/DaisyExamples/libDaisy/build/libdaisy.a(stm32h7xx_hal_cortex.o)
                0x00000000080038a4                HAL_SYSTICK_Callback
 .text.HAL_SYSTICK_IRQHandler
                0x00000000080038a8        0x8 /Users/reza.kalfane/Workspaces/Daisy/DaisyExamples/libDaisy/build/libdaisy.a(stm32h7xx_hal_cortex.o)
                0x00000000080038a8                HAL_SYSTICK_IRQHandler
 .text.HAL_DAC_Init
                0x00000000080038b0       0x2c /Users/reza.kalfane/Workspaces/Daisy/DaisyExamples/libDaisy/build/libdaisy.a(stm32h7xx_hal_dac.o)
                0x00000000080038b0                HAL_DAC_Init
 .text.HAL_DAC_Start
                0x00000000080038dc       0x5c /Users/reza.kalfane/Workspaces/Daisy/DaisyExamples/libDaisy/build/libdaisy.a(stm32h7xx_hal_dac.o)
                0x00000000080038dc                HAL_DAC_Start
 .text.HAL_DAC_SetValue
                0x0000000008003938       0x30 /Users/reza.kalfane/Workspaces/Daisy/DaisyExamples/libDaisy/build/libdaisy.a(stm32h7xx_hal_dac.o)
                0x0000000008003938                HAL_DAC_SetValue
 .text.HAL_DAC_DMAUnderrunCallbackCh1
                0x0000000008003968        0x4 /Users/reza.kalfane/Workspaces/Daisy/DaisyExamples/libDaisy/build/libdaisy.a(stm32h7xx_hal_dac.o)
                0x0000000008003968                HAL_DAC_DMAUnderrunCallbackCh1
 .text.HAL_DAC_IRQHandler
                0x000000000800396c       0x68 /Users/reza.kalfane/Workspaces/Daisy/DaisyExamples/libDaisy/build/libdaisy.a(stm32h7xx_hal_dac.o)
                0x000000000800396c                HAL_DAC_IRQHandler
 .text.HAL_DAC_ConfigChannel
                0x00000000080039d4      0x130 /Users/reza.kalfane/Workspaces/Daisy/DaisyExamples/libDaisy/build/libdaisy.a(stm32h7xx_hal_dac.o)
                0x00000000080039d4                HAL_DAC_ConfigChannel
 .text.HAL_DACEx_DMAUnderrunCallbackCh2
                0x0000000008003b04        0x4 /Users/reza.kalfane/Workspaces/Daisy/DaisyExamples/libDaisy/build/libdaisy.a(stm32h7xx_hal_dac_ex.o)
                0x0000000008003b04                HAL_DACEx_DMAUnderrunCallbackCh2
 .text.DMA_CalcBaseAndBitshift
                0x0000000008003b08       0xf4 /Users/reza.kalfane/Workspaces/Daisy/DaisyExamples/libDaisy/build/libdaisy.a(stm32h7xx_hal_dma.o)
 .text.DMA_CalcDMAMUXChannelBaseAndMask
                0x0000000008003bfc       0xd8 /Users/reza.kalfane/Workspaces/Daisy/DaisyExamples/libDaisy/build/libdaisy.a(stm32h7xx_hal_dma.o)
 .text.HAL_DMA_Init
                0x0000000008003cd4      0x37c /Users/reza.kalfane/Workspaces/Daisy/DaisyExamples/libDaisy/build/libdaisy.a(stm32h7xx_hal_dma.o)
                0x0000000008003cd4                HAL_DMA_Init
 .text.HAL_DMA_Start_IT
                0x0000000008004050      0x240 /Users/reza.kalfane/Workspaces/Daisy/DaisyExamples/libDaisy/build/libdaisy.a(stm32h7xx_hal_dma.o)
                0x0000000008004050                HAL_DMA_Start_IT
 .text.HAL_DMA_Abort_IT
                0x0000000008004290      0x134 /Users/reza.kalfane/Workspaces/Daisy/DaisyExamples/libDaisy/build/libdaisy.a(stm32h7xx_hal_dma.o)
                0x0000000008004290                HAL_DMA_Abort_IT
 .text.HAL_DMA_IRQHandler
                0x00000000080043c4      0x6a0 /Users/reza.kalfane/Workspaces/Daisy/DaisyExamples/libDaisy/build/libdaisy.a(stm32h7xx_hal_dma.o)
                0x00000000080043c4                HAL_DMA_IRQHandler
 .text.HAL_DMA_GetError
                0x0000000008004a64        0x4 /Users/reza.kalfane/Workspaces/Daisy/DaisyExamples/libDaisy/build/libdaisy.a(stm32h7xx_hal_dma.o)
                0x0000000008004a64                HAL_DMA_GetError
 .text.HAL_GPIO_Init
                0x0000000008004a68      0x280 /Users/reza.kalfane/Workspaces/Daisy/DaisyExamples/libDaisy/build/libdaisy.a(stm32h7xx_hal_gpio.o)
                0x0000000008004a68                HAL_GPIO_Init
 .text.HAL_GPIO_DeInit
                0x0000000008004ce8      0x190 /Users/reza.kalfane/Workspaces/Daisy/DaisyExamples/libDaisy/build/libdaisy.a(stm32h7xx_hal_gpio.o)
                0x0000000008004ce8                HAL_GPIO_DeInit
 .text.HAL_GPIO_ReadPin
                0x0000000008004e78        0xc /Users/reza.kalfane/Workspaces/Daisy/DaisyExamples/libDaisy/build/libdaisy.a(stm32h7xx_hal_gpio.o)
                0x0000000008004e78                HAL_GPIO_ReadPin
 .text.HAL_GPIO_WritePin
                0x0000000008004e84        0x8 /Users/reza.kalfane/Workspaces/Daisy/DaisyExamples/libDaisy/build/libdaisy.a(stm32h7xx_hal_gpio.o)
                0x0000000008004e84                HAL_GPIO_WritePin
 .text.HAL_HCD_IRQHandler
                0x0000000008004e8c      0x780 /Users/reza.kalfane/Workspaces/Daisy/DaisyExamples/libDaisy/build/libdaisy.a(stm32h7xx_hal_hcd.o)
                0x0000000008004e8c                HAL_HCD_IRQHandler
 .text.HAL_HCD_Stop
                0x000000000800560c       0x28 /Users/reza.kalfane/Workspaces/Daisy/DaisyExamples/libDaisy/build/libdaisy.a(stm32h7xx_hal_hcd.o)
                0x000000000800560c                HAL_HCD_Stop
 .text.I2C_WaitOnTXISFlagUntilTimeout
                0x0000000008005634       0xb8 /Users/reza.kalfane/Workspaces/Daisy/DaisyExamples/libDaisy/build/libdaisy.a(stm32h7xx_hal_i2c.o)
 .text.I2C_WaitOnSTOPFlagUntilTimeout
                0x00000000080056ec       0xac /Users/reza.kalfane/Workspaces/Daisy/DaisyExamples/libDaisy/build/libdaisy.a(stm32h7xx_hal_i2c.o)
 .text.HAL_I2C_Init
                0x0000000008005798       0xac /Users/reza.kalfane/Workspaces/Daisy/DaisyExamples/libDaisy/build/libdaisy.a(stm32h7xx_hal_i2c.o)
                0x0000000008005798                HAL_I2C_Init
 .text.HAL_I2C_Master_Transmit
                0x0000000008005844      0x1a8 /Users/reza.kalfane/Workspaces/Daisy/DaisyExamples/libDaisy/build/libdaisy.a(stm32h7xx_hal_i2c.o)
                0x0000000008005844                HAL_I2C_Master_Transmit
 .text.HAL_I2C_Slave_Transmit
                0x00000000080059ec      0x1c8 /Users/reza.kalfane/Workspaces/Daisy/DaisyExamples/libDaisy/build/libdaisy.a(stm32h7xx_hal_i2c.o)
                0x00000000080059ec                HAL_I2C_Slave_Transmit
 .text.HAL_I2C_EV_IRQHandler
                0x0000000008005bb4       0x10 /Users/reza.kalfane/Workspaces/Daisy/DaisyExamples/libDaisy/build/libdaisy.a(stm32h7xx_hal_i2c.o)
                0x0000000008005bb4                HAL_I2C_EV_IRQHandler
 .text.HAL_I2C_GetState
                0x0000000008005bc4        0x8 /Users/reza.kalfane/Workspaces/Daisy/DaisyExamples/libDaisy/build/libdaisy.a(stm32h7xx_hal_i2c.o)
                0x0000000008005bc4                HAL_I2C_GetState
 .text.HAL_I2CEx_ConfigAnalogFilter
                0x0000000008005bcc       0x54 /Users/reza.kalfane/Workspaces/Daisy/DaisyExamples/libDaisy/build/libdaisy.a(stm32h7xx_hal_i2c_ex.o)
                0x0000000008005bcc                HAL_I2CEx_ConfigAnalogFilter
 .text.HAL_I2CEx_ConfigDigitalFilter
                0x0000000008005c20       0x58 /Users/reza.kalfane/Workspaces/Daisy/DaisyExamples/libDaisy/build/libdaisy.a(stm32h7xx_hal_i2c_ex.o)
                0x0000000008005c20                HAL_I2CEx_ConfigDigitalFilter
 .text.HAL_PCD_IRQHandler
                0x0000000008005c78      0x69c /Users/reza.kalfane/Workspaces/Daisy/DaisyExamples/libDaisy/build/libdaisy.a(stm32h7xx_hal_pcd.o)
                0x0000000008005c78                HAL_PCD_IRQHandler
 .text.HAL_PCD_SetAddress
                0x0000000008006314       0x2c /Users/reza.kalfane/Workspaces/Daisy/DaisyExamples/libDaisy/build/libdaisy.a(stm32h7xx_hal_pcd.o)
                0x0000000008006314                HAL_PCD_SetAddress
 .text.HAL_PCD_EP_Open
                0x0000000008006340       0x7c /Users/reza.kalfane/Workspaces/Daisy/DaisyExamples/libDaisy/build/libdaisy.a(stm32h7xx_hal_pcd.o)
                0x0000000008006340                HAL_PCD_EP_Open
 .text.HAL_PCD_EP_Receive
                0x00000000080063bc       0x50 /Users/reza.kalfane/Workspaces/Daisy/DaisyExamples/libDaisy/build/libdaisy.a(stm32h7xx_hal_pcd.o)
                0x00000000080063bc                HAL_PCD_EP_Receive
 .text.HAL_PCD_EP_Transmit
                0x000000000800640c       0x50 /Users/reza.kalfane/Workspaces/Daisy/DaisyExamples/libDaisy/build/libdaisy.a(stm32h7xx_hal_pcd.o)
                0x000000000800640c                HAL_PCD_EP_Transmit
 .text.HAL_PCD_EP_SetStall
                0x000000000800645c       0x88 /Users/reza.kalfane/Workspaces/Daisy/DaisyExamples/libDaisy/build/libdaisy.a(stm32h7xx_hal_pcd.o)
                0x000000000800645c                HAL_PCD_EP_SetStall
 .text.HAL_PCD_EP_ClrStall
                0x00000000080064e4       0x78 /Users/reza.kalfane/Workspaces/Daisy/DaisyExamples/libDaisy/build/libdaisy.a(stm32h7xx_hal_pcd.o)
                0x00000000080064e4                HAL_PCD_EP_ClrStall
 .text.HAL_PCDEx_LPM_Callback
                0x000000000800655c        0x4 /Users/reza.kalfane/Workspaces/Daisy/DaisyExamples/libDaisy/build/libdaisy.a(stm32h7xx_hal_pcd_ex.o)
                0x000000000800655c                HAL_PCDEx_LPM_Callback
 .text.HAL_PWREx_ConfigSupply
                0x0000000008006560       0x4c /Users/reza.kalfane/Workspaces/Daisy/DaisyExamples/libDaisy/build/libdaisy.a(stm32h7xx_hal_pwr_ex.o)
                0x0000000008006560                HAL_PWREx_ConfigSupply
 .text.HAL_PWREx_EnableUSBVoltageDetector
                0x00000000080065ac       0x10 /Users/reza.kalfane/Workspaces/Daisy/DaisyExamples/libDaisy/build/libdaisy.a(stm32h7xx_hal_pwr_ex.o)
                0x00000000080065ac                HAL_PWREx_EnableUSBVoltageDetector
 .text.QSPI_Config
                0x00000000080065bc      0x174 /Users/reza.kalfane/Workspaces/Daisy/DaisyExamples/libDaisy/build/libdaisy.a(stm32h7xx_hal_qspi.o)
 .text.HAL_QSPI_Init
                0x0000000008006730       0xd8 /Users/reza.kalfane/Workspaces/Daisy/DaisyExamples/libDaisy/build/libdaisy.a(stm32h7xx_hal_qspi.o)
                0x0000000008006730                HAL_QSPI_Init
 .text.HAL_QSPI_DeInit
                0x0000000008006808       0x3c /Users/reza.kalfane/Workspaces/Daisy/DaisyExamples/libDaisy/build/libdaisy.a(stm32h7xx_hal_qspi.o)
                0x0000000008006808                HAL_QSPI_DeInit
 .text.HAL_QSPI_Command
                0x0000000008006844       0xd4 /Users/reza.kalfane/Workspaces/Daisy/DaisyExamples/libDaisy/build/libdaisy.a(stm32h7xx_hal_qspi.o)
                0x0000000008006844                HAL_QSPI_Command
 .text.HAL_QSPI_Transmit
                0x0000000008006918       0xfc /Users/reza.kalfane/Workspaces/Daisy/DaisyExamples/libDaisy/build/libdaisy.a(stm32h7xx_hal_qspi.o)
                0x0000000008006918                HAL_QSPI_Transmit
 .text.HAL_QSPI_Receive
                0x0000000008006a14      0x108 /Users/reza.kalfane/Workspaces/Daisy/DaisyExamples/libDaisy/build/libdaisy.a(stm32h7xx_hal_qspi.o)
                0x0000000008006a14                HAL_QSPI_Receive
 .text.HAL_QSPI_AutoPolling
                0x0000000008006b1c       0xf0 /Users/reza.kalfane/Workspaces/Daisy/DaisyExamples/libDaisy/build/libdaisy.a(stm32h7xx_hal_qspi.o)
                0x0000000008006b1c                HAL_QSPI_AutoPolling
 .text.HAL_QSPI_MemoryMapped
                0x0000000008006c0c       0xc0 /Users/reza.kalfane/Workspaces/Daisy/DaisyExamples/libDaisy/build/libdaisy.a(stm32h7xx_hal_qspi.o)
                0x0000000008006c0c                HAL_QSPI_MemoryMapped
 .text.HAL_QSPI_ErrorCallback
                0x0000000008006ccc        0x4 /Users/reza.kalfane/Workspaces/Daisy/DaisyExamples/libDaisy/build/libdaisy.a(stm32h7xx_hal_qspi.o)
                0x0000000008006ccc                HAL_QSPI_ErrorCallback
 .text.QSPI_DMAAbortCplt
                0x0000000008006cd0       0x38 /Users/reza.kalfane/Workspaces/Daisy/DaisyExamples/libDaisy/build/libdaisy.a(stm32h7xx_hal_qspi.o)
 .text.HAL_QSPI_AbortCpltCallback
                0x0000000008006d08        0x4 /Users/reza.kalfane/Workspaces/Daisy/DaisyExamples/libDaisy/build/libdaisy.a(stm32h7xx_hal_qspi.o)
                0x0000000008006d08                HAL_QSPI_AbortCpltCallback
 .text.HAL_QSPI_CmdCpltCallback
                0x0000000008006d0c        0x4 /Users/reza.kalfane/Workspaces/Daisy/DaisyExamples/libDaisy/build/libdaisy.a(stm32h7xx_hal_qspi.o)
                0x0000000008006d0c                HAL_QSPI_CmdCpltCallback
 .text.HAL_QSPI_RxCpltCallback
                0x0000000008006d10        0x4 /Users/reza.kalfane/Workspaces/Daisy/DaisyExamples/libDaisy/build/libdaisy.a(stm32h7xx_hal_qspi.o)
                0x0000000008006d10                HAL_QSPI_RxCpltCallback
 .text.HAL_QSPI_TxCpltCallback
                0x0000000008006d14        0x4 /Users/reza.kalfane/Workspaces/Daisy/DaisyExamples/libDaisy/build/libdaisy.a(stm32h7xx_hal_qspi.o)
                0x0000000008006d14                HAL_QSPI_TxCpltCallback
 .text.HAL_QSPI_FifoThresholdCallback
                0x0000000008006d18        0x4 /Users/reza.kalfane/Workspaces/Daisy/DaisyExamples/libDaisy/build/libdaisy.a(stm32h7xx_hal_qspi.o)
                0x0000000008006d18                HAL_QSPI_FifoThresholdCallback
 .text.HAL_QSPI_StatusMatchCallback
                0x0000000008006d1c        0x4 /Users/reza.kalfane/Workspaces/Daisy/DaisyExamples/libDaisy/build/libdaisy.a(stm32h7xx_hal_qspi.o)
                0x0000000008006d1c                HAL_QSPI_StatusMatchCallback
 .text.HAL_QSPI_TimeOutCallback
                0x0000000008006d20        0x4 /Users/reza.kalfane/Workspaces/Daisy/DaisyExamples/libDaisy/build/libdaisy.a(stm32h7xx_hal_qspi.o)
                0x0000000008006d20                HAL_QSPI_TimeOutCallback
 .text.HAL_QSPI_IRQHandler
                0x0000000008006d24      0x210 /Users/reza.kalfane/Workspaces/Daisy/DaisyExamples/libDaisy/build/libdaisy.a(stm32h7xx_hal_qspi.o)
                0x0000000008006d24                HAL_QSPI_IRQHandler
 .text.HAL_RCC_OscConfig
                0x0000000008006f34      0x51c /Users/reza.kalfane/Workspaces/Daisy/DaisyExamples/libDaisy/build/libdaisy.a(stm32h7xx_hal_rcc.o)
                0x0000000008006f34                HAL_RCC_OscConfig
 .text.HAL_RCC_GetSysClockFreq
                0x0000000008007450      0x140 /Users/reza.kalfane/Workspaces/Daisy/DaisyExamples/libDaisy/build/libdaisy.a(stm32h7xx_hal_rcc.o)
                0x0000000008007450                HAL_RCC_GetSysClockFreq
 .text.HAL_RCC_ClockConfig
                0x0000000008007590      0x234 /Users/reza.kalfane/Workspaces/Daisy/DaisyExamples/libDaisy/build/libdaisy.a(stm32h7xx_hal_rcc.o)
                0x0000000008007590                HAL_RCC_ClockConfig
 .text.HAL_RCC_GetHCLKFreq
                0x00000000080077c4       0x2c /Users/reza.kalfane/Workspaces/Daisy/DaisyExamples/libDaisy/build/libdaisy.a(stm32h7xx_hal_rcc.o)
                0x00000000080077c4                HAL_RCC_GetHCLKFreq
 .text.HAL_RCC_GetPCLK1Freq
                0x00000000080077f0       0x38 /Users/reza.kalfane/Workspaces/Daisy/DaisyExamples/libDaisy/build/libdaisy.a(stm32h7xx_hal_rcc.o)
                0x00000000080077f0                HAL_RCC_GetPCLK1Freq
 .text.HAL_RCC_GetPCLK2Freq
                0x0000000008007828       0x38 /Users/reza.kalfane/Workspaces/Daisy/DaisyExamples/libDaisy/build/libdaisy.a(stm32h7xx_hal_rcc.o)
                0x0000000008007828                HAL_RCC_GetPCLK2Freq
 .text.RCCEx_PLL2_Config
                0x0000000008007860       0xf4 /Users/reza.kalfane/Workspaces/Daisy/DaisyExamples/libDaisy/build/libdaisy.a(stm32h7xx_hal_rcc_ex.o)
 .text.RCCEx_PLL3_Config
                0x0000000008007954       0xf4 /Users/reza.kalfane/Workspaces/Daisy/DaisyExamples/libDaisy/build/libdaisy.a(stm32h7xx_hal_rcc_ex.o)
 .text.HAL_RCCEx_PeriphCLKConfig
                0x0000000008007a48      0xa7c /Users/reza.kalfane/Workspaces/Daisy/DaisyExamples/libDaisy/build/libdaisy.a(stm32h7xx_hal_rcc_ex.o)
                0x0000000008007a48                HAL_RCCEx_PeriphCLKConfig
 .text.HAL_RCCEx_GetD3PCLK1Freq
                0x00000000080084c4       0x24 /Users/reza.kalfane/Workspaces/Daisy/DaisyExamples/libDaisy/build/libdaisy.a(stm32h7xx_hal_rcc_ex.o)
                0x00000000080084c4                HAL_RCCEx_GetD3PCLK1Freq
 .text.HAL_RCCEx_GetPLL2ClockFreq
                0x00000000080084e8      0x17c /Users/reza.kalfane/Workspaces/Daisy/DaisyExamples/libDaisy/build/libdaisy.a(stm32h7xx_hal_rcc_ex.o)
                0x00000000080084e8                HAL_RCCEx_GetPLL2ClockFreq
 .text.HAL_RCCEx_GetPLL3ClockFreq
                0x0000000008008664      0x17c /Users/reza.kalfane/Workspaces/Daisy/DaisyExamples/libDaisy/build/libdaisy.a(stm32h7xx_hal_rcc_ex.o)
                0x0000000008008664                HAL_RCCEx_GetPLL3ClockFreq
 .text.HAL_RCCEx_GetPLL1ClockFreq
                0x00000000080087e0      0x17c /Users/reza.kalfane/Workspaces/Daisy/DaisyExamples/libDaisy/build/libdaisy.a(stm32h7xx_hal_rcc_ex.o)
                0x00000000080087e0                HAL_RCCEx_GetPLL1ClockFreq
 .text.HAL_RCCEx_GetPeriphCLKFreq
                0x000000000800895c      0x198 /Users/reza.kalfane/Workspaces/Daisy/DaisyExamples/libDaisy/build/libdaisy.a(stm32h7xx_hal_rcc_ex.o)
                0x000000000800895c                HAL_RCCEx_GetPeriphCLKFreq
 .text.HAL_RCCEx_GetD1SysClockFreq
                0x0000000008008af4       0x2c /Users/reza.kalfane/Workspaces/Daisy/DaisyExamples/libDaisy/build/libdaisy.a(stm32h7xx_hal_rcc_ex.o)
                0x0000000008008af4                HAL_RCCEx_GetD1SysClockFreq
 .text.HAL_SAI_Init.part.0
                0x0000000008008b20      0x348 /Users/reza.kalfane/Workspaces/Daisy/DaisyExamples/libDaisy/build/libdaisy.a(stm32h7xx_hal_sai.o)
 .text.HAL_SAI_InitProtocol
                0x0000000008008e68      0x178 /Users/reza.kalfane/Workspaces/Daisy/DaisyExamples/libDaisy/build/libdaisy.a(stm32h7xx_hal_sai.o)
                0x0000000008008e68                HAL_SAI_InitProtocol
 .text.HAL_SDRAM_Init
                0x0000000008008fe0       0x54 /Users/reza.kalfane/Workspaces/Daisy/DaisyExamples/libDaisy/build/libdaisy.a(stm32h7xx_hal_sdram.o)
                0x0000000008008fe0                HAL_SDRAM_Init
 .text.HAL_SDRAM_SendCommand
                0x0000000008009034       0x40 /Users/reza.kalfane/Workspaces/Daisy/DaisyExamples/libDaisy/build/libdaisy.a(stm32h7xx_hal_sdram.o)
                0x0000000008009034                HAL_SDRAM_SendCommand
 .text.HAL_SDRAM_ProgramRefreshRate
                0x0000000008009074       0x30 /Users/reza.kalfane/Workspaces/Daisy/DaisyExamples/libDaisy/build/libdaisy.a(stm32h7xx_hal_sdram.o)
                0x0000000008009074                HAL_SDRAM_ProgramRefreshRate
 .text.HAL_TIM_Base_Init
                0x00000000080090a4      0x140 /Users/reza.kalfane/Workspaces/Daisy/DaisyExamples/libDaisy/build/libdaisy.a(stm32h7xx_hal_tim.o)
                0x00000000080090a4                HAL_TIM_Base_Init
 .text.HAL_TIM_Base_Start
                0x00000000080091e4       0x34 /Users/reza.kalfane/Workspaces/Daisy/DaisyExamples/libDaisy/build/libdaisy.a(stm32h7xx_hal_tim.o)
                0x00000000080091e4                HAL_TIM_Base_Start
 .text.HAL_TIM_Base_Start_IT
                0x0000000008009218       0x2c /Users/reza.kalfane/Workspaces/Daisy/DaisyExamples/libDaisy/build/libdaisy.a(stm32h7xx_hal_tim.o)
                0x0000000008009218                HAL_TIM_Base_Start_IT
 .text.HAL_TIM_ConfigClockSource
                0x0000000008009244      0x17c /Users/reza.kalfane/Workspaces/Daisy/DaisyExamples/libDaisy/build/libdaisy.a(stm32h7xx_hal_tim.o)
                0x0000000008009244                HAL_TIM_ConfigClockSource
 .text.HAL_TIM_OC_DelayElapsedCallback
                0x00000000080093c0        0x4 /Users/reza.kalfane/Workspaces/Daisy/DaisyExamples/libDaisy/build/libdaisy.a(stm32h7xx_hal_tim.o)
                0x00000000080093c0                HAL_TIM_OC_DelayElapsedCallback
 .text.HAL_TIM_IC_CaptureCallback
                0x00000000080093c4        0x4 /Users/reza.kalfane/Workspaces/Daisy/DaisyExamples/libDaisy/build/libdaisy.a(stm32h7xx_hal_tim.o)
                0x00000000080093c4                HAL_TIM_IC_CaptureCallback
 .text.HAL_TIM_PWM_PulseFinishedCallback
                0x00000000080093c8        0x4 /Users/reza.kalfane/Workspaces/Daisy/DaisyExamples/libDaisy/build/libdaisy.a(stm32h7xx_hal_tim.o)
                0x00000000080093c8                HAL_TIM_PWM_PulseFinishedCallback
 .text.HAL_TIM_TriggerCallback
                0x00000000080093cc        0x4 /Users/reza.kalfane/Workspaces/Daisy/DaisyExamples/libDaisy/build/libdaisy.a(stm32h7xx_hal_tim.o)
                0x00000000080093cc                HAL_TIM_TriggerCallback
 .text.HAL_TIM_IRQHandler
                0x00000000080093d0      0x170 /Users/reza.kalfane/Workspaces/Daisy/DaisyExamples/libDaisy/build/libdaisy.a(stm32h7xx_hal_tim.o)
                0x00000000080093d0                HAL_TIM_IRQHandler
 .text.HAL_TIMEx_MasterConfigSynchronization
                0x0000000008009540       0x64 /Users/reza.kalfane/Workspaces/Daisy/DaisyExamples/libDaisy/build/libdaisy.a(stm32h7xx_hal_tim_ex.o)
                0x0000000008009540                HAL_TIMEx_MasterConfigSynchronization
 .text.HAL_TIMEx_CommutCallback
                0x00000000080095a4        0x4 /Users/reza.kalfane/Workspaces/Daisy/DaisyExamples/libDaisy/build/libdaisy.a(stm32h7xx_hal_tim_ex.o)
                0x00000000080095a4                HAL_TIMEx_CommutCallback
 .text.HAL_TIMEx_BreakCallback
                0x00000000080095a8        0x4 /Users/reza.kalfane/Workspaces/Daisy/DaisyExamples/libDaisy/build/libdaisy.a(stm32h7xx_hal_tim_ex.o)
                0x00000000080095a8                HAL_TIMEx_BreakCallback
 .text.HAL_TIMEx_Break2Callback
                0x00000000080095ac        0x4 /Users/reza.kalfane/Workspaces/Daisy/DaisyExamples/libDaisy/build/libdaisy.a(stm32h7xx_hal_tim_ex.o)
                0x00000000080095ac                HAL_TIMEx_Break2Callback
 .text.FMC_SDRAM_Init
                0x00000000080095b0       0x7c /Users/reza.kalfane/Workspaces/Daisy/DaisyExamples/libDaisy/build/libdaisy.a(stm32h7xx_ll_fmc.o)
                0x00000000080095b0                FMC_SDRAM_Init
 .text.FMC_SDRAM_Timing_Init
                0x000000000800962c       0x98 /Users/reza.kalfane/Workspaces/Daisy/DaisyExamples/libDaisy/build/libdaisy.a(stm32h7xx_ll_fmc.o)
                0x000000000800962c                FMC_SDRAM_Timing_Init
 .text.FMC_SDRAM_SendCommand
                0x00000000080096c4       0x28 /Users/reza.kalfane/Workspaces/Daisy/DaisyExamples/libDaisy/build/libdaisy.a(stm32h7xx_ll_fmc.o)
                0x00000000080096c4                FMC_SDRAM_SendCommand
 .text.FMC_SDRAM_ProgramRefreshRate
                0x00000000080096ec       0x1c /Users/reza.kalfane/Workspaces/Daisy/DaisyExamples/libDaisy/build/libdaisy.a(stm32h7xx_ll_fmc.o)
                0x00000000080096ec                FMC_SDRAM_ProgramRefreshRate
 .text.USB_SetTurnaroundTime
                0x0000000008009708      0x104 /Users/reza.kalfane/Workspaces/Daisy/DaisyExamples/libDaisy/build/libdaisy.a(stm32h7xx_ll_usb.o)
                0x0000000008009708                USB_SetTurnaroundTime
 .text.USB_FlushTxFifo
                0x000000000800980c       0x34 /Users/reza.kalfane/Workspaces/Daisy/DaisyExamples/libDaisy/build/libdaisy.a(stm32h7xx_ll_usb.o)
                0x000000000800980c                USB_FlushTxFifo
 .text.USB_GetDevSpeed
                0x0000000008009840       0x24 /Users/reza.kalfane/Workspaces/Daisy/DaisyExamples/libDaisy/build/libdaisy.a(stm32h7xx_ll_usb.o)
                0x0000000008009840                USB_GetDevSpeed
 .text.USB_ActivateEndpoint
                0x0000000008009864       0x90 /Users/reza.kalfane/Workspaces/Daisy/DaisyExamples/libDaisy/build/libdaisy.a(stm32h7xx_ll_usb.o)
                0x0000000008009864                USB_ActivateEndpoint
 .text.USB_EPStartXfer
                0x00000000080098f4      0x230 /Users/reza.kalfane/Workspaces/Daisy/DaisyExamples/libDaisy/build/libdaisy.a(stm32h7xx_ll_usb.o)
                0x00000000080098f4                USB_EPStartXfer
 .text.USB_EP0StartXfer
                0x0000000008009b24      0x174 /Users/reza.kalfane/Workspaces/Daisy/DaisyExamples/libDaisy/build/libdaisy.a(stm32h7xx_ll_usb.o)
                0x0000000008009b24                USB_EP0StartXfer
 .text.USB_WritePacket
                0x0000000008009c98       0x2c /Users/reza.kalfane/Workspaces/Daisy/DaisyExamples/libDaisy/build/libdaisy.a(stm32h7xx_ll_usb.o)
                0x0000000008009c98                USB_WritePacket
 .text.USB_ReadPacket
                0x0000000008009cc4       0x20 /Users/reza.kalfane/Workspaces/Daisy/DaisyExamples/libDaisy/build/libdaisy.a(stm32h7xx_ll_usb.o)
                0x0000000008009cc4                USB_ReadPacket
 .text.USB_EPSetStall
                0x0000000008009ce4       0x68 /Users/reza.kalfane/Workspaces/Daisy/DaisyExamples/libDaisy/build/libdaisy.a(stm32h7xx_ll_usb.o)
                0x0000000008009ce4                USB_EPSetStall
 .text.USB_EPClearStall
                0x0000000008009d4c       0x58 /Users/reza.kalfane/Workspaces/Daisy/DaisyExamples/libDaisy/build/libdaisy.a(stm32h7xx_ll_usb.o)
                0x0000000008009d4c                USB_EPClearStall
 .text.USB_SetDevAddress
                0x0000000008009da4       0x24 /Users/reza.kalfane/Workspaces/Daisy/DaisyExamples/libDaisy/build/libdaisy.a(stm32h7xx_ll_usb.o)
                0x0000000008009da4                USB_SetDevAddress
 .text.USB_ReadInterrupts
                0x0000000008009dc8       0x14 /Users/reza.kalfane/Workspaces/Daisy/DaisyExamples/libDaisy/build/libdaisy.a(stm32h7xx_ll_usb.o)
                0x0000000008009dc8                USB_ReadInterrupts
 .text.USB_ReadDevAllOutEpInterrupt
                0x0000000008009ddc       0x1c /Users/reza.kalfane/Workspaces/Daisy/DaisyExamples/libDaisy/build/libdaisy.a(stm32h7xx_ll_usb.o)
                0x0000000008009ddc                USB_ReadDevAllOutEpInterrupt
 .text.USB_ReadDevAllInEpInterrupt
                0x0000000008009df8       0x1c /Users/reza.kalfane/Workspaces/Daisy/DaisyExamples/libDaisy/build/libdaisy.a(stm32h7xx_ll_usb.o)
                0x0000000008009df8                USB_ReadDevAllInEpInterrupt
 .text.USB_ReadDevOutEPInterrupt
                0x0000000008009e14       0x1c /Users/reza.kalfane/Workspaces/Daisy/DaisyExamples/libDaisy/build/libdaisy.a(stm32h7xx_ll_usb.o)
                0x0000000008009e14                USB_ReadDevOutEPInterrupt
 .text.USB_ReadDevInEPInterrupt
                0x0000000008009e30       0x38 /Users/reza.kalfane/Workspaces/Daisy/DaisyExamples/libDaisy/build/libdaisy.a(stm32h7xx_ll_usb.o)
                0x0000000008009e30                USB_ReadDevInEPInterrupt
 .text.USB_GetMode
                0x0000000008009e68        0x8 /Users/reza.kalfane/Workspaces/Daisy/DaisyExamples/libDaisy/build/libdaisy.a(stm32h7xx_ll_usb.o)
                0x0000000008009e68                USB_GetMode
 .text.USB_ActivateSetup
                0x0000000008009e70       0x38 /Users/reza.kalfane/Workspaces/Daisy/DaisyExamples/libDaisy/build/libdaisy.a(stm32h7xx_ll_usb.o)
                0x0000000008009e70                USB_ActivateSetup
 .text.USB_EP0_OutStart
                0x0000000008009ea8       0x58 /Users/reza.kalfane/Workspaces/Daisy/DaisyExamples/libDaisy/build/libdaisy.a(stm32h7xx_ll_usb.o)
                0x0000000008009ea8                USB_EP0_OutStart
 .text.USB_InitFSLSPClkSel
                0x0000000008009f00       0x44 /Users/reza.kalfane/Workspaces/Daisy/DaisyExamples/libDaisy/build/libdaisy.a(stm32h7xx_ll_usb.o)
                0x0000000008009f00                USB_InitFSLSPClkSel
 .text.USB_HC_ReadInterrupt
                0x0000000008009f44        0x8 /Users/reza.kalfane/Workspaces/Daisy/DaisyExamples/libDaisy/build/libdaisy.a(stm32h7xx_ll_usb.o)
                0x0000000008009f44                USB_HC_ReadInterrupt
 .text.USB_HC_Halt
                0x0000000008009f4c       0xc0 /Users/reza.kalfane/Workspaces/Daisy/DaisyExamples/libDaisy/build/libdaisy.a(stm32h7xx_ll_usb.o)
                0x0000000008009f4c                USB_HC_Halt
 .text.USB_StopHost
                0x000000000800a00c      0x2ec /Users/reza.kalfane/Workspaces/Daisy/DaisyExamples/libDaisy/build/libdaisy.a(stm32h7xx_ll_usb.o)
                0x000000000800a00c                USB_StopHost
 .text.USBD_SetClassConfig
                0x000000000800a2f8       0x14 /Users/reza.kalfane/Workspaces/Daisy/DaisyExamples/libDaisy/build/libdaisy.a(usbd_core.o)
                0x000000000800a2f8                USBD_SetClassConfig
 .text.USBD_ClrClassConfig
                0x000000000800a30c       0x10 /Users/reza.kalfane/Workspaces/Daisy/DaisyExamples/libDaisy/build/libdaisy.a(usbd_core.o)
                0x000000000800a30c                USBD_ClrClassConfig
 .text.USBD_LL_SetupStage
                0x000000000800a31c       0x5c /Users/reza.kalfane/Workspaces/Daisy/DaisyExamples/libDaisy/build/libdaisy.a(usbd_core.o)
                0x000000000800a31c                USBD_LL_SetupStage
 .text.USBD_LL_DataOutStage
                0x000000000800a378       0x7c /Users/reza.kalfane/Workspaces/Daisy/DaisyExamples/libDaisy/build/libdaisy.a(usbd_core.o)
                0x000000000800a378                USBD_LL_DataOutStage
 .text.USBD_LL_DataInStage
                0x000000000800a3f4       0xcc /Users/reza.kalfane/Workspaces/Daisy/DaisyExamples/libDaisy/build/libdaisy.a(usbd_core.o)
                0x000000000800a3f4                USBD_LL_DataInStage
 .text.USBD_LL_Reset
                0x000000000800a4c0       0x50 /Users/reza.kalfane/Workspaces/Daisy/DaisyExamples/libDaisy/build/libdaisy.a(usbd_core.o)
                0x000000000800a4c0                USBD_LL_Reset
 .text.USBD_LL_SetSpeed
                0x000000000800a510        0x8 /Users/reza.kalfane/Workspaces/Daisy/DaisyExamples/libDaisy/build/libdaisy.a(usbd_core.o)
                0x000000000800a510                USBD_LL_SetSpeed
 .text.USBD_LL_Suspend
                0x000000000800a518       0x14 /Users/reza.kalfane/Workspaces/Daisy/DaisyExamples/libDaisy/build/libdaisy.a(usbd_core.o)
                0x000000000800a518                USBD_LL_Suspend
 .text.USBD_LL_Resume
                0x000000000800a52c       0x10 /Users/reza.kalfane/Workspaces/Daisy/DaisyExamples/libDaisy/build/libdaisy.a(usbd_core.o)
                0x000000000800a52c                USBD_LL_Resume
 .text.USBD_LL_SOF
                0x000000000800a53c       0x1c /Users/reza.kalfane/Workspaces/Daisy/DaisyExamples/libDaisy/build/libdaisy.a(usbd_core.o)
                0x000000000800a53c                USBD_LL_SOF
 .text.USBD_LL_IsoINIncomplete
                0x000000000800a558        0x4 /Users/reza.kalfane/Workspaces/Daisy/DaisyExamples/libDaisy/build/libdaisy.a(usbd_core.o)
                0x000000000800a558                USBD_LL_IsoINIncomplete
 .text.USBD_LL_IsoOUTIncomplete
                0x000000000800a55c        0x4 /Users/reza.kalfane/Workspaces/Daisy/DaisyExamples/libDaisy/build/libdaisy.a(usbd_core.o)
                0x000000000800a55c                USBD_LL_IsoOUTIncomplete
 .text.USBD_LL_DevConnected
                0x000000000800a560        0x4 /Users/reza.kalfane/Workspaces/Daisy/DaisyExamples/libDaisy/build/libdaisy.a(usbd_core.o)
                0x000000000800a560                USBD_LL_DevConnected
 .text.USBD_LL_DevDisconnected
                0x000000000800a564       0x18 /Users/reza.kalfane/Workspaces/Daisy/DaisyExamples/libDaisy/build/libdaisy.a(usbd_core.o)
                0x000000000800a564                USBD_LL_DevDisconnected
 .text.USBD_StdDevReq
                0x000000000800a57c      0x304 /Users/reza.kalfane/Workspaces/Daisy/DaisyExamples/libDaisy/build/libdaisy.a(usbd_ctlreq.o)
                0x000000000800a57c                USBD_StdDevReq
 .text.USBD_StdItfReq
                0x000000000800a880       0x68 /Users/reza.kalfane/Workspaces/Daisy/DaisyExamples/libDaisy/build/libdaisy.a(usbd_ctlreq.o)
                0x000000000800a880                USBD_StdItfReq
 .text.USBD_StdEPReq
                0x000000000800a8e8      0x13c /Users/reza.kalfane/Workspaces/Daisy/DaisyExamples/libDaisy/build/libdaisy.a(usbd_ctlreq.o)
                0x000000000800a8e8                USBD_StdEPReq
 .text.USBD_ParseSetupRequest
                0x000000000800aa24       0x28 /Users/reza.kalfane/Workspaces/Daisy/DaisyExamples/libDaisy/build/libdaisy.a(usbd_ctlreq.o)
                0x000000000800aa24                USBD_ParseSetupRequest
 .text.USBD_CtlSendData
                0x000000000800aa4c       0x1c /Users/reza.kalfane/Workspaces/Daisy/DaisyExamples/libDaisy/build/libdaisy.a(usbd_ioreq.o)
                0x000000000800aa4c                USBD_CtlSendData
 .text.USBD_CtlContinueSendData
                0x000000000800aa68       0x14 /Users/reza.kalfane/Workspaces/Daisy/DaisyExamples/libDaisy/build/libdaisy.a(usbd_ioreq.o)
                0x000000000800aa68                USBD_CtlContinueSendData
 .text.USBD_CtlContinueRx
                0x000000000800aa7c       0x14 /Users/reza.kalfane/Workspaces/Daisy/DaisyExamples/libDaisy/build/libdaisy.a(usbd_ioreq.o)
                0x000000000800aa7c                USBD_CtlContinueRx
 .text.USBD_CtlSendStatus
                0x000000000800aa90       0x18 /Users/reza.kalfane/Workspaces/Daisy/DaisyExamples/libDaisy/build/libdaisy.a(usbd_ioreq.o)
                0x000000000800aa90                USBD_CtlSendStatus
 .text.USBD_CtlReceiveStatus
                0x000000000800aaa8       0x18 /Users/reza.kalfane/Workspaces/Daisy/DaisyExamples/libDaisy/build/libdaisy.a(usbd_ioreq.o)
                0x000000000800aaa8                USBD_CtlReceiveStatus
 .text.USBH_LL_IncTimer
                0x000000000800aac0       0x20 /Users/reza.kalfane/Workspaces/Daisy/DaisyExamples/libDaisy/build/libdaisy.a(usbh_core.o)
                0x000000000800aac0                USBH_LL_IncTimer
 .text.USBH_LL_PortEnabled
                0x000000000800aae0        0x8 /Users/reza.kalfane/Workspaces/Daisy/DaisyExamples/libDaisy/build/libdaisy.a(usbh_core.o)
                0x000000000800aae0                USBH_LL_PortEnabled
 .text.USBH_LL_PortDisabled
                0x000000000800aae8        0x8 /Users/reza.kalfane/Workspaces/Daisy/DaisyExamples/libDaisy/build/libdaisy.a(usbh_core.o)
                0x000000000800aae8                USBH_LL_PortDisabled
 .text.USBH_LL_Connect
                0x000000000800aaf0       0x18 /Users/reza.kalfane/Workspaces/Daisy/DaisyExamples/libDaisy/build/libdaisy.a(usbh_core.o)
                0x000000000800aaf0                USBH_LL_Connect
 .text.USBH_LL_Disconnect
                0x000000000800ab08       0x2c /Users/reza.kalfane/Workspaces/Daisy/DaisyExamples/libDaisy/build/libdaisy.a(usbh_core.o)
                0x000000000800ab08                USBH_LL_Disconnect
 .text.USBH_FreePipe
                0x000000000800ab34       0x18 /Users/reza.kalfane/Workspaces/Daisy/DaisyExamples/libDaisy/build/libdaisy.a(usbh_pipes.o)
                0x000000000800ab34                USBH_FreePipe
 .text._ZN5daisy6Random4InitEv
                0x000000000800ab4c       0x3c /Users/reza.kalfane/Workspaces/Daisy/DaisyExamples/libDaisy/build/libdaisy.a(rng.o)
                0x000000000800ab4c                daisy::Random::Init()
 .text._ZN5daisy9SpiHandle4Impl7InitDmaEv
                0x000000000800ab88       0xec /Users/reza.kalfane/Workspaces/Daisy/DaisyExamples/libDaisy/build/libdaisy.a(spi.o)
                0x000000000800ab88                daisy::SpiHandle::Impl::InitDma()
 .text._ZN5daisy9SpiHandle4Impl10StartDmaTxEPhjPFvPvEPFvS3_NS0_6ResultEES3_
                0x000000000800ac74       0xc8 /Users/reza.kalfane/Workspaces/Daisy/DaisyExamples/libDaisy/build/libdaisy.a(spi.o)
                0x000000000800ac74                daisy::SpiHandle::Impl::StartDmaTx(unsigned char*, unsigned int, void (*)(void*), void (*)(void*, daisy::SpiHandle::Result), void*)
 .text._ZN5daisy9SpiHandle4Impl10StartDmaRxEPhjPFvPvEPFvS3_NS0_6ResultEES3_
                0x000000000800ad3c       0xc8 /Users/reza.kalfane/Workspaces/Daisy/DaisyExamples/libDaisy/build/libdaisy.a(spi.o)
                0x000000000800ad3c                daisy::SpiHandle::Impl::StartDmaRx(unsigned char*, unsigned int, void (*)(void*), void (*)(void*, daisy::SpiHandle::Result), void*)
 .text._ZN5daisy9SpiHandle4Impl12StartDmaRxTxEPhS2_jPFvPvEPFvS3_NS0_6ResultEES3_
                0x000000000800ae04       0xcc /Users/reza.kalfane/Workspaces/Daisy/DaisyExamples/libDaisy/build/libdaisy.a(spi.o)
                0x000000000800ae04                daisy::SpiHandle::Impl::StartDmaRxTx(unsigned char*, unsigned char*, unsigned int, void (*)(void*), void (*)(void*, daisy::SpiHandle::Result), void*)
 .text._ZN5daisy9SpiHandle4Impl8InitPinsEv
                0x000000000800aed0      0x274 /Users/reza.kalfane/Workspaces/Daisy/DaisyExamples/libDaisy/build/libdaisy.a(spi.o)
                0x000000000800aed0                daisy::SpiHandle::Impl::InitPins()
 .text.HAL_SPI_MspInit
                0x000000000800b144      0x1a8 /Users/reza.kalfane/Workspaces/Daisy/DaisyExamples/libDaisy/build/libdaisy.a(spi.o)
                0x000000000800b144                HAL_SPI_MspInit
 .text.dsy_spi_global_init
                0x000000000800b2ec       0x80 /Users/reza.kalfane/Workspaces/Daisy/DaisyExamples/libDaisy/build/libdaisy.a(spi.o)
                0x000000000800b2ec                dsy_spi_global_init
 .text.SPI1_IRQHandler
                0x000000000800b36c        0xc /Users/reza.kalfane/Workspaces/Daisy/DaisyExamples/libDaisy/build/libdaisy.a(spi.o)
                0x000000000800b36c                SPI1_IRQHandler
 .text.SPI2_IRQHandler
                0x000000000800b378        0xc /Users/reza.kalfane/Workspaces/Daisy/DaisyExamples/libDaisy/build/libdaisy.a(spi.o)
                0x000000000800b378                SPI2_IRQHandler
 .text.SPI3_IRQHandler
                0x000000000800b384        0xc /Users/reza.kalfane/Workspaces/Daisy/DaisyExamples/libDaisy/build/libdaisy.a(spi.o)
                0x000000000800b384                SPI3_IRQHandler
 .text.SPI4_IRQHandler
                0x000000000800b390        0xc /Users/reza.kalfane/Workspaces/Daisy/DaisyExamples/libDaisy/build/libdaisy.a(spi.o)
                0x000000000800b390                SPI4_IRQHandler
 .text.SPI5_IRQHandler
                0x000000000800b39c        0xc /Users/reza.kalfane/Workspaces/Daisy/DaisyExamples/libDaisy/build/libdaisy.a(spi.o)
                0x000000000800b39c                SPI5_IRQHandler
 .text.DMA2_Stream2_IRQHandler
                0x000000000800b3a8       0x34 /Users/reza.kalfane/Workspaces/Daisy/DaisyExamples/libDaisy/build/libdaisy.a(spi.o)
                0x000000000800b3a8                DMA2_Stream2_IRQHandler
 .text.DMA2_Stream3_IRQHandler
                0x000000000800b3dc       0x38 /Users/reza.kalfane/Workspaces/Daisy/DaisyExamples/libDaisy/build/libdaisy.a(spi.o)
                0x000000000800b3dc                DMA2_Stream3_IRQHandler
 .text.HAL_SPI_TxCpltCallback
                0x000000000800b414       0xc4 /Users/reza.kalfane/Workspaces/Daisy/DaisyExamples/libDaisy/build/libdaisy.a(spi.o)
                0x000000000800b414                HAL_SPI_TxCpltCallback
 .text.HAL_SPI_RxCpltCallback
                0x000000000800b4d8       0xc4 /Users/reza.kalfane/Workspaces/Daisy/DaisyExamples/libDaisy/build/libdaisy.a(spi.o)
                0x000000000800b4d8                HAL_SPI_RxCpltCallback
 .text.HAL_SPI_TxRxCpltCallback
                0x000000000800b59c       0xc4 /Users/reza.kalfane/Workspaces/Daisy/DaisyExamples/libDaisy/build/libdaisy.a(spi.o)
                0x000000000800b59c                HAL_SPI_TxRxCpltCallback
 .text.HAL_SPI_ErrorCallback
                0x000000000800b660       0xc8 /Users/reza.kalfane/Workspaces/Daisy/DaisyExamples/libDaisy/build/libdaisy.a(spi.o)
                0x000000000800b660                HAL_SPI_ErrorCallback
 .text.startup._GLOBAL__sub_I__Z19MapInstanceToHandleP11SPI_TypeDef
                0x000000000800b728      0x1b0 /Users/reza.kalfane/Workspaces/Daisy/DaisyExamples/libDaisy/build/libdaisy.a(spi.o)
 .text.HAL_TIM_Base_MspInit
                0x000000000800b8d8      0x1e0 /Users/reza.kalfane/Workspaces/Daisy/DaisyExamples/libDaisy/build/libdaisy.a(tim.o)
                0x000000000800b8d8                HAL_TIM_Base_MspInit
 .text.HAL_TIM_PeriodElapsedCallback
                0x000000000800bab8       0x44 /Users/reza.kalfane/Workspaces/Daisy/DaisyExamples/libDaisy/build/libdaisy.a(tim.o)
                0x000000000800bab8                HAL_TIM_PeriodElapsedCallback
 .text.TIM2_IRQHandler
                0x000000000800bafc        0xc /Users/reza.kalfane/Workspaces/Daisy/DaisyExamples/libDaisy/build/libdaisy.a(tim.o)
                0x000000000800bafc                TIM2_IRQHandler
 .text.TIM3_IRQHandler
                0x000000000800bb08        0xc /Users/reza.kalfane/Workspaces/Daisy/DaisyExamples/libDaisy/build/libdaisy.a(tim.o)
                0x000000000800bb08                TIM3_IRQHandler
 .text.TIM4_IRQHandler
                0x000000000800bb14        0xc /Users/reza.kalfane/Workspaces/Daisy/DaisyExamples/libDaisy/build/libdaisy.a(tim.o)
                0x000000000800bb14                TIM4_IRQHandler
 .text.TIM5_IRQHandler
                0x000000000800bb20        0xc /Users/reza.kalfane/Workspaces/Daisy/DaisyExamples/libDaisy/build/libdaisy.a(tim.o)
                0x000000000800bb20                TIM5_IRQHandler
 .text._ZN5daisy11TimerHandle4InitERKNS0_6ConfigE
                0x000000000800bb2c       0xd0 /Users/reza.kalfane/Workspaces/Daisy/DaisyExamples/libDaisy/build/libdaisy.a(tim.o)
                0x000000000800bb2c                daisy::TimerHandle::Init(daisy::TimerHandle::Config const&)
 .text._ZN5daisy11TimerHandle5StartEv
                0x000000000800bbfc       0x24 /Users/reza.kalfane/Workspaces/Daisy/DaisyExamples/libDaisy/build/libdaisy.a(tim.o)
                0x000000000800bbfc                daisy::TimerHandle::Start()
 .text._ZN5daisy11TimerHandle7DelayUsEm
                0x000000000800bc20       0x34 /Users/reza.kalfane/Workspaces/Daisy/DaisyExamples/libDaisy/build/libdaisy.a(tim.o)
                0x000000000800bc20                daisy::TimerHandle::DelayUs(unsigned long)
 .text.startup._GLOBAL__sub_I__ZN5daisy11TimerHandle4Impl4InitERKNS0_6ConfigE
                0x000000000800bc54       0x38 /Users/reza.kalfane/Workspaces/Daisy/DaisyExamples/libDaisy/build/libdaisy.a(tim.o)
 .text._ZL20UART_CheckRxListenerPN5daisy11UartHandler4ImplE
                0x000000000800bc8c       0x84 /Users/reza.kalfane/Workspaces/Daisy/DaisyExamples/libDaisy/build/libdaisy.a(uart.o)
 .text._ZN5daisy11UartHandler4Impl10StartDmaTxEPhjPFvPvEPFvS3_NS0_6ResultEES3_
                0x000000000800bd10      0x184 /Users/reza.kalfane/Workspaces/Daisy/DaisyExamples/libDaisy/build/libdaisy.a(uart.o)
                0x000000000800bd10                daisy::UartHandler::Impl::StartDmaTx(unsigned char*, unsigned int, void (*)(void*), void (*)(void*, daisy::UartHandler::Result), void*)
 .text._ZN5daisy11UartHandler4Impl10StartDmaRxEPhjPFvPvEPFvS3_NS0_6ResultEES3_
                0x000000000800be94      0x184 /Users/reza.kalfane/Workspaces/Daisy/DaisyExamples/libDaisy/build/libdaisy.a(uart.o)
                0x000000000800be94                daisy::UartHandler::Impl::StartDmaRx(unsigned char*, unsigned int, void (*)(void*), void (*)(void*, daisy::UartHandler::Result), void*)
 .text._ZN5daisy11UartHandler4Impl19DmaTransferFinishedEP20__UART_HandleTypeDefNS0_6ResultE
                0x000000000800c018       0xc0 /Users/reza.kalfane/Workspaces/Daisy/DaisyExamples/libDaisy/build/libdaisy.a(uart.o)
                0x000000000800c018                daisy::UartHandler::Impl::DmaTransferFinished(__UART_HandleTypeDef*, daisy::UartHandler::Result)
 .text._ZN5daisy11UartHandler4Impl8InitPinsEv
                0x000000000800c0d8      0x154 /Users/reza.kalfane/Workspaces/Daisy/DaisyExamples/libDaisy/build/libdaisy.a(uart.o)
                0x000000000800c0d8                daisy::UartHandler::Impl::InitPins()
 .text.HAL_UART_MspInit
                0x000000000800c22c      0x210 /Users/reza.kalfane/Workspaces/Daisy/DaisyExamples/libDaisy/build/libdaisy.a(uart.o)
                0x000000000800c22c                HAL_UART_MspInit
 .text.dsy_uart_global_init
                0x000000000800c43c       0xfc /Users/reza.kalfane/Workspaces/Daisy/DaisyExamples/libDaisy/build/libdaisy.a(uart.o)
                0x000000000800c43c                dsy_uart_global_init
 .text.USART1_IRQHandler
                0x000000000800c538       0x2c /Users/reza.kalfane/Workspaces/Daisy/DaisyExamples/libDaisy/build/libdaisy.a(uart.o)
                0x000000000800c538                USART1_IRQHandler
 .text.USART2_IRQHandler
                0x000000000800c564       0x34 /Users/reza.kalfane/Workspaces/Daisy/DaisyExamples/libDaisy/build/libdaisy.a(uart.o)
                0x000000000800c564                USART2_IRQHandler
 .text.USART3_IRQHandler
                0x000000000800c598       0x34 /Users/reza.kalfane/Workspaces/Daisy/DaisyExamples/libDaisy/build/libdaisy.a(uart.o)
                0x000000000800c598                USART3_IRQHandler
 .text.UART4_IRQHandler
                0x000000000800c5cc       0x34 /Users/reza.kalfane/Workspaces/Daisy/DaisyExamples/libDaisy/build/libdaisy.a(uart.o)
                0x000000000800c5cc                UART4_IRQHandler
 .text.UART5_IRQHandler
                0x000000000800c600       0x34 /Users/reza.kalfane/Workspaces/Daisy/DaisyExamples/libDaisy/build/libdaisy.a(uart.o)
                0x000000000800c600                UART5_IRQHandler
 .text.USART6_IRQHandler
                0x000000000800c634       0x34 /Users/reza.kalfane/Workspaces/Daisy/DaisyExamples/libDaisy/build/libdaisy.a(uart.o)
                0x000000000800c634                USART6_IRQHandler
 .text.UART7_IRQHandler
                0x000000000800c668       0x34 /Users/reza.kalfane/Workspaces/Daisy/DaisyExamples/libDaisy/build/libdaisy.a(uart.o)
                0x000000000800c668                UART7_IRQHandler
 .text.UART8_IRQHandler
                0x000000000800c69c       0x34 /Users/reza.kalfane/Workspaces/Daisy/DaisyExamples/libDaisy/build/libdaisy.a(uart.o)
                0x000000000800c69c                UART8_IRQHandler
 .text.LPUART1_IRQHandler
                0x000000000800c6d0       0x34 /Users/reza.kalfane/Workspaces/Daisy/DaisyExamples/libDaisy/build/libdaisy.a(uart.o)
                0x000000000800c6d0                LPUART1_IRQHandler
 .text.DMA1_Stream5_IRQHandler
                0x000000000800c704       0x34 /Users/reza.kalfane/Workspaces/Daisy/DaisyExamples/libDaisy/build/libdaisy.a(uart.o)
                0x000000000800c704                DMA1_Stream5_IRQHandler
 .text.DMA2_Stream4_IRQHandler
                0x000000000800c738       0x38 /Users/reza.kalfane/Workspaces/Daisy/DaisyExamples/libDaisy/build/libdaisy.a(uart.o)
                0x000000000800c738                DMA2_Stream4_IRQHandler
 .text.HAL_UART_TxCpltCallback
                0x000000000800c770        0x8 /Users/reza.kalfane/Workspaces/Daisy/DaisyExamples/libDaisy/build/libdaisy.a(uart.o)
                0x000000000800c770                HAL_UART_TxCpltCallback
 .text.HAL_UART_RxCpltCallback
                0x000000000800c778       0x94 /Users/reza.kalfane/Workspaces/Daisy/DaisyExamples/libDaisy/build/libdaisy.a(uart.o)
                0x000000000800c778                HAL_UART_RxCpltCallback
 .text.HAL_UART_RxHalfCpltCallback
                0x000000000800c80c       0x90 /Users/reza.kalfane/Workspaces/Daisy/DaisyExamples/libDaisy/build/libdaisy.a(uart.o)
                0x000000000800c80c                HAL_UART_RxHalfCpltCallback
 .text.HAL_UART_ErrorCallback
                0x000000000800c89c        0x8 /Users/reza.kalfane/Workspaces/Daisy/DaisyExamples/libDaisy/build/libdaisy.a(uart.o)
                0x000000000800c89c                HAL_UART_ErrorCallback
 .text.startup._GLOBAL__sub_I__Z19MapInstanceToHandleP13USART_TypeDef
                0x000000000800c8a4      0x194 /Users/reza.kalfane/Workspaces/Daisy/DaisyExamples/libDaisy/build/libdaisy.a(uart.o)
 .text.dsy_dma_init
                0x000000000800ca38      0x100 /Users/reza.kalfane/Workspaces/Daisy/DaisyExamples/libDaisy/build/libdaisy.a(dma.o)
                0x000000000800ca38                dsy_dma_init
 .text.dsy_dma_invalidate_cache_for_buffer
                0x000000000800cb38       0x2c /Users/reza.kalfane/Workspaces/Daisy/DaisyExamples/libDaisy/build/libdaisy.a(dma.o)
                0x000000000800cb38                dsy_dma_invalidate_cache_for_buffer
 .text.HAL_MDMA_Abort_IT
                0x000000000800cb64       0x2c /Users/reza.kalfane/Workspaces/Daisy/DaisyExamples/libDaisy/build/libdaisy.a(stm32h7xx_hal_mdma.o)
                0x000000000800cb64                HAL_MDMA_Abort_IT
 .text.SPI_CloseTransfer
                0x000000000800cb90       0xb8 /Users/reza.kalfane/Workspaces/Daisy/DaisyExamples/libDaisy/build/libdaisy.a(stm32h7xx_hal_spi.o)
 .text.HAL_SPI_Init
                0x000000000800cc48      0x15c /Users/reza.kalfane/Workspaces/Daisy/DaisyExamples/libDaisy/build/libdaisy.a(stm32h7xx_hal_spi.o)
                0x000000000800cc48                HAL_SPI_Init
 .text.HAL_SPI_Transmit_DMA
                0x000000000800cda4      0x170 /Users/reza.kalfane/Workspaces/Daisy/DaisyExamples/libDaisy/build/libdaisy.a(stm32h7xx_hal_spi.o)
                0x000000000800cda4                HAL_SPI_Transmit_DMA
 .text.HAL_SPI_TransmitReceive_DMA
                0x000000000800cf14      0x218 /Users/reza.kalfane/Workspaces/Daisy/DaisyExamples/libDaisy/build/libdaisy.a(stm32h7xx_hal_spi.o)
                0x000000000800cf14                HAL_SPI_TransmitReceive_DMA
 .text.HAL_SPI_Receive_DMA
                0x000000000800d12c      0x1b4 /Users/reza.kalfane/Workspaces/Daisy/DaisyExamples/libDaisy/build/libdaisy.a(stm32h7xx_hal_spi.o)
                0x000000000800d12c                HAL_SPI_Receive_DMA
 .text.SPI_DMATransmitCplt
                0x000000000800d2e0       0x28 /Users/reza.kalfane/Workspaces/Daisy/DaisyExamples/libDaisy/build/libdaisy.a(stm32h7xx_hal_spi.o)
 .text.SPI_DMAReceiveCplt
                0x000000000800d308       0x28 /Users/reza.kalfane/Workspaces/Daisy/DaisyExamples/libDaisy/build/libdaisy.a(stm32h7xx_hal_spi.o)
 .text.SPI_DMATransmitReceiveCplt
                0x000000000800d330       0x28 /Users/reza.kalfane/Workspaces/Daisy/DaisyExamples/libDaisy/build/libdaisy.a(stm32h7xx_hal_spi.o)
 .text.HAL_SPI_TxHalfCpltCallback
                0x000000000800d358        0x4 /Users/reza.kalfane/Workspaces/Daisy/DaisyExamples/libDaisy/build/libdaisy.a(stm32h7xx_hal_spi.o)
                0x000000000800d358                HAL_SPI_TxHalfCpltCallback
 .text.SPI_DMAHalfTransmitCplt
                0x000000000800d35c        0xc /Users/reza.kalfane/Workspaces/Daisy/DaisyExamples/libDaisy/build/libdaisy.a(stm32h7xx_hal_spi.o)
 .text.HAL_SPI_RxHalfCpltCallback
                0x000000000800d368        0x4 /Users/reza.kalfane/Workspaces/Daisy/DaisyExamples/libDaisy/build/libdaisy.a(stm32h7xx_hal_spi.o)
                0x000000000800d368                HAL_SPI_RxHalfCpltCallback
 .text.SPI_DMAHalfReceiveCplt
                0x000000000800d36c        0xc /Users/reza.kalfane/Workspaces/Daisy/DaisyExamples/libDaisy/build/libdaisy.a(stm32h7xx_hal_spi.o)
 .text.HAL_SPI_TxRxHalfCpltCallback
                0x000000000800d378        0x4 /Users/reza.kalfane/Workspaces/Daisy/DaisyExamples/libDaisy/build/libdaisy.a(stm32h7xx_hal_spi.o)
                0x000000000800d378                HAL_SPI_TxRxHalfCpltCallback
 .text.SPI_DMAHalfTransmitReceiveCplt
                0x000000000800d37c        0xc /Users/reza.kalfane/Workspaces/Daisy/DaisyExamples/libDaisy/build/libdaisy.a(stm32h7xx_hal_spi.o)
 .text.SPI_DMAError
                0x000000000800d388       0xd8 /Users/reza.kalfane/Workspaces/Daisy/DaisyExamples/libDaisy/build/libdaisy.a(stm32h7xx_hal_spi.o)
 .text.HAL_SPI_IRQHandler
                0x000000000800d460      0x23c /Users/reza.kalfane/Workspaces/Daisy/DaisyExamples/libDaisy/build/libdaisy.a(stm32h7xx_hal_spi.o)
                0x000000000800d460                HAL_SPI_IRQHandler
 .text.SPI_DMAAbortOnError
                0x000000000800d69c       0x1c /Users/reza.kalfane/Workspaces/Daisy/DaisyExamples/libDaisy/build/libdaisy.a(stm32h7xx_hal_spi.o)
 .text.HAL_SPI_GetState
                0x000000000800d6b8        0x8 /Users/reza.kalfane/Workspaces/Daisy/DaisyExamples/libDaisy/build/libdaisy.a(stm32h7xx_hal_spi.o)
                0x000000000800d6b8                HAL_SPI_GetState
 .text.HAL_UART_Transmit_DMA
                0x000000000800d6c0       0xa4 /Users/reza.kalfane/Workspaces/Daisy/DaisyExamples/libDaisy/build/libdaisy.a(stm32h7xx_hal_uart.o)
                0x000000000800d6c0                HAL_UART_Transmit_DMA
 .text.HAL_UART_Receive_DMA
                0x000000000800d764       0xac /Users/reza.kalfane/Workspaces/Daisy/DaisyExamples/libDaisy/build/libdaisy.a(stm32h7xx_hal_uart.o)
                0x000000000800d764                HAL_UART_Receive_DMA