Archive member included to satisfy reference by file (symbol)

/Users/reza.kalfane/Workspaces/Daisy/DaisyExamples/libDaisy/build/libdaisy.a(daisy_seed.o)
                              build/fsr_calibrate.o (daisy::DaisySeed::StartAudio(void (*)(float const* const*, float**, unsigned int)))
/Users/reza.kalfane/Workspaces/Daisy/DaisyExamples/libDaisy/build/libdaisy.a(codec_ak4556.o)
                              /Users/reza.kalfane/Workspaces/Daisy/DaisyExamples/libDaisy/build/libdaisy.a(daisy_seed.o) (daisy::Ak4556::Init(dsy_gpio_pin))
/Users/reza.kalfane/Workspaces/Daisy/DaisyExamples/libDaisy/build/libdaisy.a(codec_wm8731.o)
                              /Users/reza.kalfane/Workspaces/Daisy/DaisyExamples/libDaisy/build/libdaisy.a(daisy_seed.o) (daisy::Wm8731::Init(daisy::Wm8731::Config const&, daisy::I2CHandle))
/Users/reza.kalfane/Workspaces/Daisy/DaisyExamples/libDaisy/build/libdaisy.a(sdram.o)
                              /Users/reza.kalfane/Workspaces/Daisy/DaisyExamples/libDaisy/build/libdaisy.a(daisy_seed.o) (SdramHandle::Init())
/Users/reza.kalfane/Workspaces/Daisy/DaisyExamples/libDaisy/build/libdaisy.a(audio.o)
                              /Users/reza.kalfane/Workspaces/Daisy/DaisyExamples/libDaisy/build/libdaisy.a(daisy_seed.o) (daisy::AudioHandle::Init(daisy::AudioHandle::Config const&, daisy::SaiHandle))
/Users/reza.kalfane/Workspaces/Daisy/DaisyExamples/libDaisy/build/libdaisy.a(logger.o)
                              build/fsr_calibrate.o (daisy::Logger<(daisy::LoggerDestination)1>::PrintLine(char const*, ...))
/Users/reza.kalfane/Workspaces/Daisy/DaisyExamples/libDaisy/build/libdaisy.a(usb.o)
                              /Users/reza.kalfane/Workspaces/Daisy/DaisyExamples/libDaisy/build/libdaisy.a(logger.o) (daisy::UsbHandle::Init(daisy::UsbHandle::UsbPeriph))
/Users/reza.kalfane/Workspaces/Daisy/DaisyExamples/libDaisy/build/libdaisy.a(adc.o)
                              build/fsr_calibrate.o (daisy::AdcChannelConfig::InitSingle(dsy_gpio_pin, daisy::AdcChannelConfig::ConversionSpeed))
/Users/reza.kalfane/Workspaces/Daisy/DaisyExamples/libDaisy/build/libdaisy.a(gpio.o)
                              /Users/reza.kalfane/Workspaces/Daisy/DaisyExamples/libDaisy/build/libdaisy.a(daisy_seed.o) (daisy::GPIO::Init(daisy::Pin, daisy::GPIO::Mode, daisy::GPIO::Pull, daisy::GPIO::Speed))
/Users/reza.kalfane/Workspaces/Daisy/DaisyExamples/libDaisy/build/libdaisy.a(i2c.o)
                              /Users/reza.kalfane/Workspaces/Daisy/DaisyExamples/libDaisy/build/libdaisy.a(daisy_seed.o) (daisy::I2CHandle::Init(daisy::I2CHandle::Config const&))
/Users/reza.kalfane/Workspaces/Daisy/DaisyExamples/libDaisy/build/libdaisy.a(qspi.o)
                              /Users/reza.kalfane/Workspaces/Daisy/DaisyExamples/libDaisy/build/libdaisy.a(daisy_seed.o) (daisy::QSPIHandle::Init(daisy::QSPIHandle::Config const&))
/Users/reza.kalfane/Workspaces/Daisy/DaisyExamples/libDaisy/build/libdaisy.a(sai.o)
                              /Users/reza.kalfane/Workspaces/Daisy/DaisyExamples/libDaisy/build/libdaisy.a(daisy_seed.o) (daisy::SaiHandle::Init(daisy::SaiHandle::Config const&))
/Users/reza.kalfane/Workspaces/Daisy/DaisyExamples/libDaisy/build/libdaisy.a(system.o)
                              /Users/reza.kalfane/Workspaces/Daisy/DaisyExamples/libDaisy/build/libdaisy.a(daisy_seed.o) (daisy::System::DeInit())
/Users/reza.kalfane/Workspaces/Daisy/DaisyExamples/libDaisy/build/libdaisy.a(system_stm32h7xx.o)
                              build/startup_stm32h750xx.o (SystemInit)
/Users/reza.kalfane/Workspaces/Daisy/DaisyExamples/libDaisy/build/libdaisy.a(usbd_cdc_if.o)
                              /Users/reza.kalfane/Workspaces/Daisy/DaisyExamples/libDaisy/build/libdaisy.a(usb.o) (CDC_Transmit_FS)
/Users/reza.kalfane/Workspaces/Daisy/DaisyExamples/libDaisy/build/libdaisy.a(usbd_conf.o)
                              /Users/reza.kalfane/Workspaces/Daisy/DaisyExamples/libDaisy/build/libdaisy.a(system.o) (hpcd_USB_OTG_HS)
/Users/reza.kalfane/Workspaces/Daisy/DaisyExamples/libDaisy/build/libdaisy.a(usbd_desc.o)
                              /Users/reza.kalfane/Workspaces/Daisy/DaisyExamples/libDaisy/build/libdaisy.a(usb.o) (HS_Desc)
/Users/reza.kalfane/Workspaces/Daisy/DaisyExamples/libDaisy/build/libdaisy.a(usbh_conf.o)
                              /Users/reza.kalfane/Workspaces/Daisy/DaisyExamples/libDaisy/build/libdaisy.a(system.o) (hhcd_USB_OTG_HS)
/Users/reza.kalfane/Workspaces/Daisy/DaisyExamples/libDaisy/build/libdaisy.a(hal_map.o)
                              /Users/reza.kalfane/Workspaces/Daisy/DaisyExamples/libDaisy/build/libdaisy.a(gpio.o) (dsy_hal_map_get_port)
/Users/reza.kalfane/Workspaces/Daisy/DaisyExamples/libDaisy/build/libdaisy.a(stm32h7xx_hal.o)
                              /Users/reza.kalfane/Workspaces/Daisy/DaisyExamples/libDaisy/build/libdaisy.a(system.o) (HAL_Init)
/Users/reza.kalfane/Workspaces/Daisy/DaisyExamples/libDaisy/build/libdaisy.a(stm32h7xx_hal_adc.o)
[...]
Memory Configuration

Name             Origin             Length             Attributes
FLASH            0x0000000008000000 0x0000000000020000 xr
DTCMRAM          0x0000000020000000 0x0000000000020000 xrw
SRAM             0x0000000024000000 0x0000000000080000 xrw
RAM_D2           0x0000000030000000 0x0000000000048000 xrw
RAM_D3           0x0000000038000000 0x0000000000010000 xrw
BACKUP_SRAM      0x0000000038800000 0x0000000000001000 xrw
ITCMRAM          0x0000000000000000 0x0000000000010000 xrw
SDRAM            0x00000000c0000000 0x0000000004000000 xrw
QSPIFLASH        0x0000000090000000 0x0000000000800000 xr
*default*        0x0000000000000000 0xffffffffffffffff

Linker script and memory map

LOAD /Library/DaisyToolchain/0.2.0/arm/bin/../lib/gcc/arm-none-eabi/10.3.1/thumb/v7e-m+dp/hard/crti.o
LOAD /Library/DaisyToolchain/0.2.0/arm/bin/../lib/gcc/arm-none-eabi/10.3.1/thumb/v7e-m+dp/hard/crtbegin.o
LOAD /Library/DaisyToolchain/0.2.0/arm/bin/../lib/gcc/arm-none-eabi/10.3.1/../../../../arm-none-eabi/lib/thumb/v7e-m+dp/hard/crt0.o
LOAD build/startup_stm32h750xx.o
LOAD build/fsr_calibrate.o
LOAD /Users/reza.kalfane/Workspaces/Daisy/DaisyExamples/libDaisy/build/libdaisy.a
LOAD /Library/DaisyToolchain/0.2.0/arm/bin/../lib/gcc/arm-none-eabi/10.3.1/../../../../arm-none-eabi/lib/thumb/v7e-m+dp/hard/libnosys.a
LOAD /Library/DaisyToolchain/0.2.0/arm/bin/../lib/gcc/arm-none-eabi/10.3.1/../../../../arm-none-eabi/lib/thumb/v7e-m+dp/hard/libstdc++_nano.a
LOAD /Library/DaisyToolchain/0.2.0/arm/bin/../lib/gcc/arm-none-eabi/10.3.1/../../../../arm-none-eabi/lib/thumb/v7e-m+dp/hard/libm.a
LOAD /Library/DaisyToolchain/0.2.0/arm/bin/../lib/gcc/arm-none-eabi/10.3.1/../../../../arm-none-eabi/lib/thumb/v7e-m+dp/hard/libc_nano.a
START GROUP
LOAD /Library/DaisyToolchain/0.2.0/arm/bin/../lib/gcc/arm-none-eabi/10.3.1/thumb/v7e-m+dp/hard/libgcc.a
LOAD /Library/DaisyToolchain/0.2.0/arm/bin/../lib/gcc/arm-none-eabi/10.3.1/../../../../arm-none-eabi/lib/thumb/v7e-m+dp/hard/libc_nano.a
END GROUP
START GROUP
LOAD /Library/DaisyToolchain/0.2.0/arm/bin/../lib/gcc/arm-none-eabi/10.3.1/thumb/v7e-m+dp/hard/libgcc.a
LOAD /Library/DaisyToolchain/0.2.0/arm/bin/../lib/gcc/arm-none-eabi/10.3.1/../../../../arm-none-eabi/lib/thumb/v7e-m+dp/hard/libc_nano.a
LOAD /Library/DaisyToolchain/0.2.0/arm/bin/../lib/gcc/arm-none-eabi/10.3.1/../../../../arm-none-eabi/lib/thumb/v7e-m+dp/hard/libnosys.a
END GROUP
START GROUP
LOAD /Library/DaisyToolchain/0.2.0/arm/bin/../lib/gcc/arm-none-eabi/10.3.1/thumb/v7e-m+dp/hard/libgcc.a
LOAD /Library/DaisyToolchain/0.2.0/arm/bin/../lib/gcc/arm-none-eabi/10.3.1/../../../../arm-none-eabi/lib/thumb/v7e-m+dp/hard/libc_nano.a
LOAD /Library/DaisyToolchain/0.2.0/arm/bin/../lib/gcc/arm-none-eabi/10.3.1/../../../../arm-none-eabi/lib/thumb/v7e-m+dp/hard/libnosys.a
END GROUP
LOAD /Library/DaisyToolchain/0.2.0/arm/bin/../lib/gcc/arm-none-eabi/10.3.1/thumb/v7e-m+dp/hard/crtend.o
LOAD /Library/DaisyToolchain/0.2.0/arm/bin/../lib/gcc/arm-none-eabi/10.3.1/thumb/v7e-m+dp/hard/crtn.o
                0x0000000020020000                _estack = 0x20020000

.isr_vector     0x0000000008000000      0x298
                0x0000000008000000                . = ALIGN (0x4)
 *(.isr_vector)
 .isr_vector    0x0000000008000000      0x298 build/startup_stm32h750xx.o
                0x0000000008000000                g_pfnVectors
                0x0000000008000298                . = ALIGN (0x4)

.text           0x00000000080002a0    0x1b390
                0x00000000080002a0                . = ALIGN (0x4)
                0x00000000080002a0                _stext = .
 *(.text)
 .text          0x00000000080002a0       0x40 /Library/DaisyToolchain/0.2.0/arm/bin/../lib/gcc/arm-none-eabi/10.3.1/thumb/v7e-m+dp/hard/crtbegin.o
 .text          0x00000000080002e0       0xa0 /Library/DaisyToolchain/0.2.0/arm/bin/../lib/gcc/arm-none-eabi/10.3.1/../../../../arm-none-eabi/lib/thumb/v7e-m+dp/hard/libc_nano.a(lib_a-memchr.o)
                0x00000000080002e0                memchr
 .text          0x0000000008000380       0x30 /Library/DaisyToolchain/0.2.0/arm/bin/../lib/gcc/arm-none-eabi/10.3.1/thumb/v7e-m+dp/hard/libgcc.a(_aeabi_uldivmod.o)
                0x0000000008000380                __aeabi_uldivmod
 .text          0x00000000080003b0      0x2d0 /Library/DaisyToolchain/0.2.0/arm/bin/../lib/gcc/arm-none-eabi/10.3.1/thumb/v7e-m+dp/hard/libgcc.a(_udivmoddi4.o)
                0x00000000080003b0                __udivmoddi4
 .text          0x0000000008000680        0x4 /Library/DaisyToolchain/0.2.0/arm/bin/../lib/gcc/arm-none-eabi/10.3.1/thumb/v7e-m+dp/hard/libgcc.a(_dvmd_tls.o)
                0x0000000008000680                __aeabi_ldiv0
                0x0000000008000680                __aeabi_idiv0
 *(.text*)
 .text.Default_Handler
                0x0000000008000684        0x4 build/startup_stm32h750xx.o
                0x0000000008000684                SAI1_IRQHandler
                0x0000000008000684                HASH_RNG_IRQHandler
                0x0000000008000684                EXTI2_IRQHandler
                0x0000000008000684                TIM8_CC_IRQHandler
                0x0000000008000684                HRTIM1_Master_IRQHandler
                0x0000000008000684                DebugMon_Handler
                0x0000000008000684                TIM1_CC_IRQHandler
                0x0000000008000684                BDMA_Channel6_IRQHandler
                0x0000000008000684                DMA2_Stream5_IRQHandler
                0x0000000008000684                HRTIM1_FLT_IRQHandler
                0x0000000008000684                JPEG_IRQHandler
                0x0000000008000684                BDMA_Channel1_IRQHandler
                0x0000000008000684                HRTIM1_TIMD_IRQHandler
                0x0000000008000684                TAMP_STAMP_IRQHandler
                0x0000000008000684                PendSV_Handler
                0x0000000008000684                NMI_Handler
                0x0000000008000684                EXTI3_IRQHandler
                0x0000000008000684                LPTIM4_IRQHandler
                0x0000000008000684                TIM8_TRG_COM_TIM14_IRQHandler
                0x0000000008000684                LPTIM2_IRQHandler
                0x0000000008000684                DFSDM1_FLT1_IRQHandler
                0x0000000008000684                DMAMUX2_OVR_IRQHandler
                0x0000000008000684                TIM8_UP_TIM13_IRQHandler
                0x0000000008000684                I2C3_ER_IRQHandler
                0x0000000008000684                DFSDM1_FLT2_IRQHandler
                0x0000000008000684                MDMA_IRQHandler
                0x0000000008000684                LPTIM3_IRQHandler
                0x0000000008000684                HSEM1_IRQHandler
                0x0000000008000684                EXTI0_IRQHandler
                0x0000000008000684                FPU_IRQHandler
                0x0000000008000684                OTG_HS_WKUP_IRQHandler
                0x0000000008000684                FDCAN1_IT1_IRQHandler
                0x0000000008000684                UsageFault_Handler
                0x0000000008000684                LTDC_ER_IRQHandler
                0x0000000008000684                HRTIM1_TIME_IRQHandler
                0x0000000008000684                TIM6_DAC_IRQHandler
                0x0000000008000684                DCMI_IRQHandler
                0x0000000008000684                HRTIM1_TIMC_IRQHandler
                0x0000000008000684                SAI2_IRQHandler
                0x0000000008000684                DFSDM1_FLT3_IRQHandler
                0x0000000008000684                TIM17_IRQHandler
                0x0000000008000684                CRYP_IRQHandler
                0x0000000008000684                BDMA_Channel7_IRQHandler
                0x0000000008000684                LPTIM5_IRQHandler
                0x0000000008000684                ADC3_IRQHandler
                0x0000000008000684                DMA2_Stream0_IRQHandler
                0x0000000008000684                BDMA_Channel2_IRQHandler
                0x0000000008000684                DMAMUX1_OVR_IRQHandler
                0x0000000008000684                TIM16_IRQHandler
                0x0000000008000684                BDMA_Channel5_IRQHandler
                0x0000000008000684                RCC_IRQHandler
                0x0000000008000684                TIM8_BRK_TIM12_IRQHandler
                0x0000000008000684                TIM1_TRG_COM_IRQHandler
                0x0000000008000684                Default_Handler
                0x0000000008000684                ECC_IRQHandler
                0x0000000008000684                CEC_IRQHandler
                0x0000000008000684                EXTI15_10_IRQHandler
                0x0000000008000684                BDMA_Channel0_IRQHandler
                0x0000000008000684                ADC_IRQHandler
                0x0000000008000684                DMA1_Stream7_IRQHandler
                0x0000000008000684                HRTIM1_TIMA_IRQHandler
                0x0000000008000684                TIM7_IRQHandler
                0x0000000008000684                SDMMC1_IRQHandler
                0x0000000008000684                DMA2_Stream7_IRQHandler
                0x0000000008000684                TIM15_IRQHandler
                0x0000000008000684                PVD_AVD_IRQHandler
                0x0000000008000684                EXTI9_5_IRQHandler
                0x0000000008000684                RTC_WKUP_IRQHandler
                0x0000000008000684                LTDC_IRQHandler
                0x0000000008000684                SAI3_IRQHandler
                0x0000000008000684                ETH_WKUP_IRQHandler
                0x0000000008000684                SPDIF_RX_IRQHandler
                0x0000000008000684                MemManage_Handler
                0x0000000008000684                SVC_Handler
                0x0000000008000684                CRS_IRQHandler
                0x0000000008000684                EXTI4_IRQHandler
                0x0000000008000684                HRTIM1_TIMB_IRQHandler
                0x0000000008000684                FDCAN2_IT1_IRQHandler
                0x0000000008000684                ETH_IRQHandler
                0x0000000008000684                TIM1_UP_IRQHandler
                0x0000000008000684                BDMA_Channel4_IRQHandler
                0x0000000008000684                WWDG_IRQHandler
                0x0000000008000684                SPI6_IRQHandler
                0x0000000008000684                I2C4_EV_IRQHandler
                0x0000000008000684                MDIOS_IRQHandler
                0x0000000008000684                FDCAN2_IT0_IRQHandler
                0x0000000008000684                FDCAN1_IT0_IRQHandler
                0x0000000008000684                OTG_FS_WKUP_IRQHandler
                0x0000000008000684                DMA2D_IRQHandler
                0x0000000008000684                TIM1_BRK_IRQHandler
                0x0000000008000684                EXTI1_IRQHandler
                0x0000000008000684                SDMMC2_IRQHandler
                0x0000000008000684                BDMA_Channel3_IRQHandler
                0x0000000008000684                MDIOS_WKUP_IRQHandler
                0x0000000008000684                DFSDM1_FLT0_IRQHandler
                0x0000000008000684                SAI4_IRQHandler
                0x0000000008000684                I2C2_ER_IRQHandler
                0x0000000008000684                DMA2_Stream1_IRQHandler
                0x0000000008000684                FLASH_IRQHandler
                0x0000000008000684                BusFault_Handler
                0x0000000008000684                WAKEUP_PIN_IRQHandler
                0x0000000008000684                I2C1_ER_IRQHandler
                0x0000000008000684                FMC_IRQHandler
                0x0000000008000684                FDCAN_CAL_IRQHandler
                0x0000000008000684                SWPMI1_IRQHandler
                0x0000000008000684                COMP1_IRQHandler
                0x0000000008000684                LPTIM1_IRQHandler
                0x0000000008000684                I2C4_ER_IRQHandler
                0x0000000008000684                DMA2_Stream6_IRQHandler
                0x0000000008000684                RTC_Alarm_IRQHandler
 .text.Reset_Handler
                0x0000000008000688       0x44 build/startup_stm32h750xx.o
                0x0000000008000688                Reset_Handler
 .text._ZN5daisy9DaisySeedD2Ev
                0x00000000080006cc        0x4 build/fsr_calibrate.o
                0x00000000080006cc                daisy::DaisySeed::~DaisySeed()
                0x00000000080006cc                daisy::DaisySeed::~DaisySeed()
 .text._Z13AudioCallbackPKPKfPPfj
                0x00000000080006d0       0xc0 build/fsr_calibrate.o
                0x00000000080006d0                AudioCallback(float const* const*, float**, unsigned int)
 .text._ZL3sayPKhm
                0x0000000008000790       0x3c build/fsr_calibrate.o
 .text._ZL12speak_numbert
                0x00000000080007cc       0xac build/fsr_calibrate.o
 .text.startup.main
                0x0000000008000878      0x2a4 build/fsr_calibrate.o
                0x0000000008000878                main
 .text.startup._GLOBAL__sub_I_hw
                0x0000000008000b1c       0x20 build/fsr_calibrate.o
 .text._ZN5daisy9DaisySeed10StartAudioEPFvPKPKfPPfjE
                0x0000000008000b3c        0x8 /Users/reza.kalfane/Workspaces/Daisy/DaisyExamples/libDaisy/build/libdaisy.a(daisy_seed.o)
                0x0000000008000b3c                daisy::DaisySeed::StartAudio(void (*)(float const* const*, float**, unsigned int))
 .text._ZN5daisy9DaisySeed17SetAudioBlockSizeEj
                0x0000000008000b44       0x38 /Users/reza.kalfane/Workspaces/Daisy/DaisyExamples/libDaisy/build/libdaisy.a(daisy_seed.o)
                0x0000000008000b44                daisy::DaisySeed::SetAudioBlockSize(unsigned int)
 .text._ZN5daisy9DaisySeed17CheckBoardVersionEv
                0x0000000008000b7c       0x6c /Users/reza.kalfane/Workspaces/Daisy/DaisyExamples/libDaisy/build/libdaisy.a(daisy_seed.o)
                0x0000000008000b7c                daisy::DaisySeed::CheckBoardVersion()
 .text._ZN5daisy9DaisySeed14ConfigureAudioEv
                0x0000000008000be8      0x10c /Users/reza.kalfane/Workspaces/Daisy/DaisyExamples/libDaisy/build/libdaisy.a(daisy_seed.o)
                0x0000000008000be8                daisy::DaisySeed::ConfigureAudio()
 .text._ZN5daisy9DaisySeed4InitEb
                0x0000000008000cf4      0x108 /Users/reza.kalfane/Workspaces/Daisy/DaisyExamples/libDaisy/build/libdaisy.a(daisy_seed.o)
                0x0000000008000cf4                daisy::DaisySeed::Init(bool)
 .text._ZN5daisy6Ak45564InitE12dsy_gpio_pin
                0x0000000008000dfc       0x44 /Users/reza.kalfane/Workspaces/Daisy/DaisyExamples/libDaisy/build/libdaisy.a(codec_ak4556.o)
                0x0000000008000dfc                daisy::Ak4556::Init(dsy_gpio_pin)
 .text._ZN5daisy6Wm873120WriteControlRegisterEht
                0x0000000008000e40       0x3c /Users/reza.kalfane/Workspaces/Daisy/DaisyExamples/libDaisy/build/libdaisy.a(codec_wm8731.o)
                0x0000000008000e40                daisy::Wm8731::WriteControlRegister(unsigned char, unsigned short)
 .text._ZN5daisy6Wm87314InitERKNS0_6ConfigENS_9I2CHandleE
                0x0000000008000e7c      0x1bc /Users/reza.kalfane/Workspaces/Daisy/DaisyExamples/libDaisy/build/libdaisy.a(codec_wm8731.o)
                0x0000000008000e7c                daisy::Wm8731::Init(daisy::Wm8731::Config const&, daisy::I2CHandle)
 .text._ZN11SdramHandle10DeviceInitEv
                0x0000000008001038       0x98 /Users/reza.kalfane/Workspaces/Daisy/DaisyExamples/libDaisy/build/libdaisy.a(sdram.o)
                0x0000000008001038                SdramHandle::DeviceInit()
 .text._ZN11SdramHandle4InitEv
                0x00000000080010d0       0x7c /Users/reza.kalfane/Workspaces/Daisy/DaisyExamples/libDaisy/build/libdaisy.a(sdram.o)
                0x00000000080010d0                SdramHandle::Init()
 .text.HAL_SDRAM_MspInit
                0x000000000800114c      0x1a8 /Users/reza.kalfane/Workspaces/Daisy/DaisyExamples/libDaisy/build/libdaisy.a(sdram.o)
                0x000000000800114c                HAL_SDRAM_MspInit
 .text._ZN5daisy11AudioHandle4Impl16InternalCallbackEPlS2_j
                0x00000000080012f4      0xbbc /Users/reza.kalfane/Workspaces/Daisy/DaisyExamples/libDaisy/build/libdaisy.a(audio.o)
                0x00000000080012f4                daisy::AudioHandle::Impl::InternalCallback(long*, long*, unsigned int)
 .text._ZN5daisy11AudioHandle4InitERKNS0_6ConfigENS_9SaiHandleE
                0x0000000008001eb0       0x70 /Users/reza.kalfane/Workspaces/Daisy/DaisyExamples/libDaisy/build/libdaisy.a(audio.o)
                0x0000000008001eb0                daisy::AudioHandle::Init(daisy::AudioHandle::Config const&, daisy::SaiHandle)
 .text._ZNK5daisy11AudioHandle9GetConfigEv
                0x0000000008001f20        0x8 /Users/reza.kalfane/Workspaces/Daisy/DaisyExamples/libDaisy/build/libdaisy.a(audio.o)
                0x0000000008001f20                daisy::AudioHandle::GetConfig() const
 .text._ZN5daisy11AudioHandle12SetBlockSizeEj
                0x0000000008001f28       0x1c /Users/reza.kalfane/Workspaces/Daisy/DaisyExamples/libDaisy/build/libdaisy.a(audio.o)
                0x0000000008001f28                daisy::AudioHandle::SetBlockSize(unsigned int)
 .text._ZN5daisy11AudioHandle13GetSampleRateEv
                0x0000000008001f44        0x8 /Users/reza.kalfane/Workspaces/Daisy/DaisyExamples/libDaisy/build/libdaisy.a(audio.o)
                0x0000000008001f44                daisy::AudioHandle::GetSampleRate()
 .text._ZN5daisy11AudioHandle5StartEPFvPKPKfPPfjE
                0x0000000008001f4c       0x44 /Users/reza.kalfane/Workspaces/Daisy/DaisyExamples/libDaisy/build/libdaisy.a(audio.o)
                0x0000000008001f4c                daisy::AudioHandle::Start(void (*)(float const* const*, float**, unsigned int))
 .text.startup._GLOBAL__sub_I__ZN5daisy11AudioHandle4Impl4InitENS0_6ConfigENS_9SaiHandleE
                0x0000000008001f90       0x24 /Users/reza.kalfane/Workspaces/Daisy/DaisyExamples/libDaisy/build/libdaisy.a(audio.o)
 .text._ZN5daisy9UsbHandleD2Ev
                0x0000000008001fb4        0x4 /Users/reza.kalfane/Workspaces/Daisy/DaisyExamples/libDaisy/build/libdaisy.a(logger.o)
                0x0000000008001fb4                daisy::UsbHandle::~UsbHandle()
                0x0000000008001fb4                daisy::UsbHandle::~UsbHandle()
 .text._ZN5daisy6LoggerILNS_17LoggerDestinationE1EE11TransmitBufEv
                0x0000000008001fb8       0x60 /Users/reza.kalfane/Workspaces/Daisy/DaisyExamples/libDaisy/build/libdaisy.a(logger.o)
                0x0000000008001fb8                daisy::Logger<(daisy::LoggerDestination)1>::TransmitBuf()
 .text._ZN5daisy6LoggerILNS_17LoggerDestinationE1EE13AppendNewLineEv
                0x0000000008002018       0x60 /Users/reza.kalfane/Workspaces/Daisy/DaisyExamples/libDaisy/build/libdaisy.a(logger.o)
                0x0000000008002018                daisy::Logger<(daisy::LoggerDestination)1>::AppendNewLine()
 .text._ZN5daisy6LoggerILNS_17LoggerDestinationE1EE10PrintLineVEPKcSt9__va_list
                0x0000000008002078       0x30 /Users/reza.kalfane/Workspaces/Daisy/DaisyExamples/libDaisy/build/libdaisy.a(logger.o)
                0x0000000008002078                daisy::Logger<(daisy::LoggerDestination)1>::PrintLineV(char const*, std::__va_list)
 .text._ZN5daisy6LoggerILNS_17LoggerDestinationE1EE9PrintLineEPKcz
                0x00000000080020a8       0x1c /Users/reza.kalfane/Workspaces/Daisy/DaisyExamples/libDaisy/build/libdaisy.a(logger.o)
                0x00000000080020a8                daisy::Logger<(daisy::LoggerDestination)1>::PrintLine(char const*, ...)
 .text._ZN5daisy6LoggerILNS_17LoggerDestinationE1EE8StartLogEb
                0x00000000080020c4       0x40 /Users/reza.kalfane/Workspaces/Daisy/DaisyExamples/libDaisy/build/libdaisy.a(logger.o)
                0x00000000080020c4                daisy::Logger<(daisy::LoggerDestination)1>::StartLog(bool)
 .text.startup._GLOBAL__sub_I__ZN5daisy10LoggerImplILNS_17LoggerDestinationE1EE11usb_handle_E
                0x0000000008002104       0x2c /Users/reza.kalfane/Workspaces/Daisy/DaisyExamples/libDaisy/build/libdaisy.a(logger.o)
 .text.DummyRxCallback
                0x0000000008002130        0x4 /Users/reza.kalfane/Workspaces/Daisy/DaisyExamples/libDaisy/build/libdaisy.a(usb.o)
                0x0000000008002130                DummyRxCallback
 .text._ZN5daisy9UsbHandle4InitENS0_9UsbPeriphE
                0x0000000008002134      0x10c /Users/reza.kalfane/Workspaces/Daisy/DaisyExamples/libDaisy/build/libdaisy.a(usb.o)
                0x0000000008002134                daisy::UsbHandle::Init(daisy::UsbHandle::UsbPeriph)
 .text._ZN5daisy9UsbHandle16TransmitInternalEPhj
                0x0000000008002240       0x14 /Users/reza.kalfane/Workspaces/Daisy/DaisyExamples/libDaisy/build/libdaisy.a(usb.o)
                0x0000000008002240                daisy::UsbHandle::TransmitInternal(unsigned char*, unsigned int)
 .text.OTG_FS_EP1_OUT_IRQHandler
                0x0000000008002254        0xc /Users/reza.kalfane/Workspaces/Daisy/DaisyExamples/libDaisy/build/libdaisy.a(usb.o)
                0x0000000008002254                OTG_FS_EP1_OUT_IRQHandler
 .text.OTG_FS_EP1_IN_IRQHandler
                0x0000000008002260        0xc /Users/reza.kalfane/Workspaces/Daisy/DaisyExamples/libDaisy/build/libdaisy.a(usb.o)
                0x0000000008002260                OTG_FS_EP1_IN_IRQHandler
 .text.OTG_FS_IRQHandler
                0x000000000800226c        0xc /Users/reza.kalfane/Workspaces/Daisy/DaisyExamples/libDaisy/build/libdaisy.a(usb.o)
                0x000000000800226c                OTG_FS_IRQHandler
 .text._ZN5daisy16AdcChannelConfig10InitSingleE12dsy_gpio_pinNS0_15ConversionSpeedE
                0x0000000008002278       0x28 /Users/reza.kalfane/Workspaces/Daisy/DaisyExamples/libDaisy/build/libdaisy.a(adc.o)
                0x0000000008002278                daisy::AdcChannelConfig::InitSingle(dsy_gpio_pin, daisy::AdcChannelConfig::ConversionSpeed)
 .text._ZN5daisy9AdcHandle4InitEPNS_16AdcChannelConfigEjNS0_12OverSamplingE
                0x00000000080022a0      0x41c /Users/reza.kalfane/Workspaces/Daisy/DaisyExamples/libDaisy/build/libdaisy.a(adc.o)
                0x00000000080022a0                daisy::AdcHandle::Init(daisy::AdcChannelConfig*, unsigned int, daisy::AdcHandle::OverSampling)
 .text._ZN5daisy9AdcHandle5StartEv
                0x00000000080026bc       0x2c /Users/reza.kalfane/Workspaces/Daisy/DaisyExamples/libDaisy/build/libdaisy.a(adc.o)
                0x00000000080026bc                daisy::AdcHandle::Start()
 .text._ZNK5daisy9AdcHandle3GetEh
                0x00000000080026e8       0x18 /Users/reza.kalfane/Workspaces/Daisy/DaisyExamples/libDaisy/build/libdaisy.a(adc.o)
                0x00000000080026e8                daisy::AdcHandle::Get(unsigned char) const
 .text.HAL_ADC_MspInit
                0x0000000008002700       0x98 /Users/reza.kalfane/Workspaces/Daisy/DaisyExamples/libDaisy/build/libdaisy.a(adc.o)
                0x0000000008002700                HAL_ADC_MspInit
 .text.DMA1_Stream2_IRQHandler
                0x0000000008002798        0xc /Users/reza.kalfane/Workspaces/Daisy/DaisyExamples/libDaisy/build/libdaisy.a(adc.o)
                0x0000000008002798                DMA1_Stream2_IRQHandler
 .text.HAL_ADC_ConvCpltCallback
                0x00000000080027a4      0x148 /Users/reza.kalfane/Workspaces/Daisy/DaisyExamples/libDaisy/build/libdaisy.a(adc.o)
                0x00000000080027a4                HAL_ADC_ConvCpltCallback
 .text.HAL_ADC_ErrorCallback
                0x00000000080028ec        0x4 /Users/reza.kalfane/Workspaces/Daisy/DaisyExamples/libDaisy/build/libdaisy.a(adc.o)
                0x00000000080028ec                HAL_ADC_ErrorCallback
 .text._ZN5daisy4GPIO4InitENS_3PinENS0_4ModeENS0_4PullENS0_5SpeedE
                0x00000000080028f0      0x1cc /Users/reza.kalfane/Workspaces/Daisy/DaisyExamples/libDaisy/build/libdaisy.a(gpio.o)
                0x00000000080028f0                daisy::GPIO::Init(daisy::Pin, daisy::GPIO::Mode, daisy::GPIO::Pull, daisy::GPIO::Speed)
 .text._ZN5daisy4GPIO4ReadEv
                0x0000000008002abc       0x18 /Users/reza.kalfane/Workspaces/Daisy/DaisyExamples/libDaisy/build/libdaisy.a(gpio.o)
                0x0000000008002abc                daisy::GPIO::Read()
 .text._ZN5daisy4GPIO5WriteEb
                0x0000000008002ad4       0x14 /Users/reza.kalfane/Workspaces/Daisy/DaisyExamples/libDaisy/build/libdaisy.a(gpio.o)
                0x0000000008002ad4                daisy::GPIO::Write(bool)
 .text.dsy_gpio_init
                0x0000000008002ae8      0x1b8 /Users/reza.kalfane/Workspaces/Daisy/DaisyExamples/libDaisy/build/libdaisy.a(gpio.o)
                0x0000000008002ae8                dsy_gpio_init
 .text.dsy_gpio_write
                0x0000000008002ca0       0x24 /Users/reza.kalfane/Workspaces/Daisy/DaisyExamples/libDaisy/build/libdaisy.a(gpio.o)
                0x0000000008002ca0                dsy_gpio_write
 .text._ZN5daisy9I2CHandle4Impl8InitPinsEv
                0x0000000008002cc4       0x58 /Users/reza.kalfane/Workspaces/Daisy/DaisyExamples/libDaisy/build/libdaisy.a(i2c.o)
                0x0000000008002cc4                daisy::I2CHandle::Impl::InitPins()
 .text.HAL_I2C_MspInit
                0x0000000008002d1c      0x1b4 /Users/reza.kalfane/Workspaces/Daisy/DaisyExamples/libDaisy/build/libdaisy.a(i2c.o)
                0x0000000008002d1c                HAL_I2C_MspInit
 .text.dsy_i2c_global_init
                0x0000000008002ed0       0x78 /Users/reza.kalfane/Workspaces/Daisy/DaisyExamples/libDaisy/build/libdaisy.a(i2c.o)
                0x0000000008002ed0                dsy_i2c_global_init
 .text.DMA1_Stream6_IRQHandler
                0x0000000008002f48       0x34 /Users/reza.kalfane/Workspaces/Daisy/DaisyExamples/libDaisy/build/libdaisy.a(i2c.o)
                0x0000000008002f48                DMA1_Stream6_IRQHandler
 .text.I2C1_EV_IRQHandler
                0x0000000008002f7c        0xc /Users/reza.kalfane/Workspaces/Daisy/DaisyExamples/libDaisy/build/libdaisy.a(i2c.o)
                0x0000000008002f7c                I2C1_EV_IRQHandler
 .text.I2C2_EV_IRQHandler
                0x0000000008002f88        0xc /Users/reza.kalfane/Workspaces/Daisy/DaisyExamples/libDaisy/build/libdaisy.a(i2c.o)
                0x0000000008002f88                I2C2_EV_IRQHandler
 .text.I2C3_EV_IRQHandler
                0x0000000008002f94        0xc /Users/reza.kalfane/Workspaces/Daisy/DaisyExamples/libDaisy/build/libdaisy.a(i2c.o)
                0x0000000008002f94                I2C3_EV_IRQHandler
 .text._ZN5daisy9I2CHandle4InitERKNS0_6ConfigE
                0x0000000008002fa0      0x12c /Users/reza.kalfane/Workspaces/Daisy/DaisyExamples/libDaisy/build/libdaisy.a(i2c.o)
                0x0000000008002fa0                daisy::I2CHandle::Init(daisy::I2CHandle::Config const&)
 .text._ZN5daisy9I2CHandle16TransmitBlockingEtPhtm
                0x00000000080030cc       0x50 /Users/reza.kalfane/Workspaces/Daisy/DaisyExamples/libDaisy/build/libdaisy.a(i2c.o)
                0x00000000080030cc                daisy::I2CHandle::TransmitBlocking(unsigned short, unsigned char*, unsigned short, unsigned long)
 .text.startup._GLOBAL__sub_I__ZN5daisy9I2CHandle4Impl10GlobalInitEv
                0x000000000800311c       0x18 /Users/reza.kalfane/Workspaces/Daisy/DaisyExamples/libDaisy/build/libdaisy.a(i2c.o)
 .text._ZN5daisy10QSPIHandle4Impl11WriteEnableEv
                0x0000000008003134       0x8c /Users/reza.kalfane/Workspaces/Daisy/DaisyExamples/libDaisy/build/libdaisy.a(qspi.o)
                0x0000000008003134                daisy::QSPIHandle::Impl::WriteEnable()
 .text._ZN5daisy10QSPIHandle4Impl17DummyCyclesConfigENS0_6Config6DeviceE
                0x00000000080031c0      0x118 /Users/reza.kalfane/Workspaces/Daisy/DaisyExamples/libDaisy/build/libdaisy.a(qspi.o)
                0x00000000080031c0                daisy::QSPIHandle::Impl::DummyCyclesConfig(daisy::QSPIHandle::Config::Device)
 .text._ZN5daisy10QSPIHandle4Impl10QuadEnableEv
                0x00000000080032d8      0x158 /Users/reza.kalfane/Workspaces/Daisy/DaisyExamples/libDaisy/build/libdaisy.a(qspi.o)
                0x00000000080032d8                daisy::QSPIHandle::Impl::QuadEnable()
 .text._ZN5daisy10QSPIHandle4InitERKNS0_6ConfigE
                0x0000000008003430      0x198 /Users/reza.kalfane/Workspaces/Daisy/DaisyExamples/libDaisy/build/libdaisy.a(qspi.o)
                0x0000000008003430                daisy::QSPIHandle::Init(daisy::QSPIHandle::Config const&)
 .text.HAL_QSPI_MspInit
                0x00000000080035c8      0x11c /Users/reza.kalfane/Workspaces/Daisy/DaisyExamples/libDaisy/build/libdaisy.a(qspi.o)
                0x00000000080035c8                HAL_QSPI_MspInit
 .text.HAL_QSPI_MspDeInit
                0x00000000080036e4       0x54 /Users/reza.kalfane/Workspaces/Daisy/DaisyExamples/libDaisy/build/libdaisy.a(qspi.o)
                0x00000000080036e4                HAL_QSPI_MspDeInit
 .text.QUADSPI_IRQHandler
                0x0000000008003738        0xc /Users/reza.kalfane/Workspaces/Daisy/DaisyExamples/libDaisy/build/libdaisy.a(qspi.o)
                0x0000000008003738                QUADSPI_IRQHandler
 .text.startup._GLOBAL__sub_I__ZN5daisy10QSPIHandle4Impl4InitERKNS0_6ConfigE
                0x0000000008003744       0x28 /Users/reza.kalfane/Workspaces/Daisy/DaisyExamples/libDaisy/build/libdaisy.a(qspi.o)
 .text._ZN5daisy9SaiHandle4Impl7InitDmaENS1_15PeripheralBlockE
                0x000000000800376c       0xa0 /Users/reza.kalfane/Workspaces/Daisy/DaisyExamples/libDaisy/build/libdaisy.a(sai.o)
                0x000000000800376c                daisy::SaiHandle::Impl::InitDma(daisy::SaiHandle::Impl::PeripheralBlock)
 .text._ZN5daisy9SaiHandle4Impl8InitPinsEv
                0x000000000800380c       0xa8 /Users/reza.kalfane/Workspaces/Daisy/DaisyExamples/libDaisy/build/libdaisy.a(sai.o)
                0x000000000800380c                daisy::SaiHandle::Impl::InitPins()
 .text.HAL_SAI_MspInit
                0x00000000080038b4      0x164 /Users/reza.kalfane/Workspaces/Daisy/DaisyExamples/libDaisy/build/libdaisy.a(sai.o)
                0x00000000080038b4                HAL_SAI_MspInit
 .text.DMA1_Stream0_IRQHandler
                0x0000000008003a18        0xc /Users/reza.kalfane/Workspaces/Daisy/DaisyExamples/libDaisy/build/libdaisy.a(sai.o)
                0x0000000008003a18                DMA1_Stream0_IRQHandler
 .text.DMA1_Stream1_IRQHandler
                0x0000000008003a24        0xc /Users/reza.kalfane/Workspaces/Daisy/DaisyExamples/libDaisy/build/libdaisy.a(sai.o)
                0x0000000008003a24                DMA1_Stream1_IRQHandler
 .text.DMA1_Stream3_IRQHandler
                0x0000000008003a30        0xc /Users/reza.kalfane/Workspaces/Daisy/DaisyExamples/libDaisy/build/libdaisy.a(sai.o)
                0x0000000008003a30                DMA1_Stream3_IRQHandler
 .text.DMA1_Stream4_IRQHandler
                0x0000000008003a3c        0xc /Users/reza.kalfane/Workspaces/Daisy/DaisyExamples/libDaisy/build/libdaisy.a(sai.o)
                0x0000000008003a3c                DMA1_Stream4_IRQHandler
 .text.HAL_SAI_RxHalfCpltCallback
                0x0000000008003a48       0x78 /Users/reza.kalfane/Workspaces/Daisy/DaisyExamples/libDaisy/build/libdaisy.a(sai.o)
                0x0000000008003a48                HAL_SAI_RxHalfCpltCallback
 .text.HAL_SAI_RxCpltCallback
                0x0000000008003ac0       0x70 /Users/reza.kalfane/Workspaces/Daisy/DaisyExamples/libDaisy/build/libdaisy.a(sai.o)
                0x0000000008003ac0                HAL_SAI_RxCpltCallback
 .text._ZN5daisy9SaiHandle4InitERKNS0_6ConfigE
                0x0000000008003b30      0x1f0 /Users/reza.kalfane/Workspaces/Daisy/DaisyExamples/libDaisy/build/libdaisy.a(sai.o)
                0x0000000008003b30                daisy::SaiHandle::Init(daisy::SaiHandle::Config const&)
 .text._ZNK5daisy9SaiHandle9GetConfigEv
                0x0000000008003d20        0x4 /Users/reza.kalfane/Workspaces/Daisy/DaisyExamples/libDaisy/build/libdaisy.a(sai.o)
                0x0000000008003d20                daisy::SaiHandle::GetConfig() const
 .text._ZN5daisy9SaiHandle8StartDmaEPlS1_jPFvS1_S1_jE
                0x0000000008003d24       0xbc /Users/reza.kalfane/Workspaces/Daisy/DaisyExamples/libDaisy/build/libdaisy.a(sai.o)
                0x0000000008003d24                daisy::SaiHandle::StartDma(long*, long*, unsigned int, void (*)(long*, long*, unsigned int))
 .text._ZN5daisy9SaiHandle13GetSampleRateEv
                0x0000000008003de0       0x24 /Users/reza.kalfane/Workspaces/Daisy/DaisyExamples/libDaisy/build/libdaisy.a(sai.o)
                0x0000000008003de0                daisy::SaiHandle::GetSampleRate()
 .text._ZNK5daisy9SaiHandle9GetOffsetEv
                0x0000000008003e04        0x8 /Users/reza.kalfane/Workspaces/Daisy/DaisyExamples/libDaisy/build/libdaisy.a(sai.o)
                0x0000000008003e04                daisy::SaiHandle::GetOffset() const
 .text._ZN5daisy11TimerHandleD2Ev
                0x0000000008003e0c        0x4 /Users/reza.kalfane/Workspaces/Daisy/DaisyExamples/libDaisy/build/libdaisy.a(system.o)
                0x0000000008003e0c                daisy::TimerHandle::~TimerHandle()
                0x0000000008003e0c                daisy::TimerHandle::~TimerHandle()
 .text.SysTick_Handler
                0x0000000008003e10       0x10 /Users/reza.kalfane/Workspaces/Daisy/DaisyExamples/libDaisy/build/libdaisy.a(system.o)
                0x0000000008003e10                SysTick_Handler
 .text.OTG_HS_EP1_OUT_IRQHandler
                0x0000000008003e20       0x24 /Users/reza.kalfane/Workspaces/Daisy/DaisyExamples/libDaisy/build/libdaisy.a(system.o)
                0x0000000008003e20                OTG_HS_EP1_OUT_IRQHandler
 .text.OTG_HS_EP1_IN_IRQHandler
                0x0000000008003e44       0x24 /Users/reza.kalfane/Workspaces/Daisy/DaisyExamples/libDaisy/build/libdaisy.a(system.o)
                0x0000000008003e44                OTG_HS_EP1_IN_IRQHandler
 .text.OTG_HS_IRQHandler
                0x0000000008003e68       0x24 /Users/reza.kalfane/Workspaces/Daisy/DaisyExamples/libDaisy/build/libdaisy.a(system.o)
                0x0000000008003e68                OTG_HS_IRQHandler
 .text.HardFault_Handler
                0x0000000008003e8c       0xe0 /Users/reza.kalfane/Workspaces/Daisy/DaisyExamples/libDaisy/build/libdaisy.a(system.o)
                0x0000000008003e8c                HardFault_Handler
 .text._ZN5daisy6System6GetNowEv
                0x0000000008003f6c        0x4 /Users/reza.kalfane/Workspaces/Daisy/DaisyExamples/libDaisy/build/libdaisy.a(system.o)
                0x0000000008003f6c                daisy::System::GetNow()
 .text._ZN5daisy6System5DelayEm
                0x0000000008003f70        0x4 /Users/reza.kalfane/Workspaces/Daisy/DaisyExamples/libDaisy/build/libdaisy.a(system.o)
                0x0000000008003f70                daisy::System::Delay(unsigned long)
 .text._ZN5daisy6System20GetBootloaderVersionEv
                0x0000000008003f74       0x34 /Users/reza.kalfane/Workspaces/Daisy/DaisyExamples/libDaisy/build/libdaisy.a(system.o)
                0x0000000008003f74                daisy::System::GetBootloaderVersion()
 .text._ZN5daisy6System15ConfigureClocksEv
                0x0000000008003fa8      0x194 /Users/reza.kalfane/Workspaces/Daisy/DaisyExamples/libDaisy/build/libdaisy.a(system.o)
                0x0000000008003fa8                daisy::System::ConfigureClocks()
 .text._ZN5daisy6System12ConfigureMpuEv
                0x000000000800413c       0x7c /Users/reza.kalfane/Workspaces/Daisy/DaisyExamples/libDaisy/build/libdaisy.a(system.o)
                0x000000000800413c                daisy::System::ConfigureMpu()
 .text._ZN5daisy6System4InitERKNS0_6ConfigE
                0x00000000080041b8       0xec /Users/reza.kalfane/Workspaces/Daisy/DaisyExamples/libDaisy/build/libdaisy.a(system.o)
                0x00000000080041b8                daisy::System::Init(daisy::System::Config const&)
 .text._ZN5daisy6System12GetPClk1FreqEv
                0x00000000080042a4        0x4 /Users/reza.kalfane/Workspaces/Daisy/DaisyExamples/libDaisy/build/libdaisy.a(system.o)
                0x00000000080042a4                daisy::System::GetPClk1Freq()
 .text._ZN5daisy6System22GetProgramMemoryRegionEv
                0x00000000080042a8       0x78 /Users/reza.kalfane/Workspaces/Daisy/DaisyExamples/libDaisy/build/libdaisy.a(system.o)
                0x00000000080042a8                daisy::System::GetProgramMemoryRegion()
 .text.startup._GLOBAL__sub_I__ZN5daisy9boot_infoE
                0x0000000008004320       0x1c /Users/reza.kalfane/Workspaces/Daisy/DaisyExamples/libDaisy/build/libdaisy.a(system.o)
 .text.SystemInit
                0x000000000800433c       0x9c /Users/reza.kalfane/Workspaces/Daisy/DaisyExamples/libDaisy/build/libdaisy.a(system_stm32h7xx.o)
                0x000000000800433c                SystemInit
 .text.dummy_rx_callback
                0x00000000080043d8        0x4 /Users/reza.kalfane/Workspaces/Daisy/DaisyExamples/libDaisy/build/libdaisy.a(usbd_cdc_if.o)
                0x00000000080043d8                dummy_rx_callback
 .text.CDC_DeInit_FS
                0x00000000080043dc        0x4 /Users/reza.kalfane/Workspaces/Daisy/DaisyExamples/libDaisy/build/libdaisy.a(usbd_cdc_if.o)
 .text.CDC_Receive_FS
                0x00000000080043e0       0x2c /Users/reza.kalfane/Workspaces/Daisy/DaisyExamples/libDaisy/build/libdaisy.a(usbd_cdc_if.o)
 .text.CDC_Receive_HS
                0x000000000800440c       0x2c /Users/reza.kalfane/Workspaces/Daisy/DaisyExamples/libDaisy/build/libdaisy.a(usbd_cdc_if.o)
 .text.CDC_Init_FS
                0x0000000008004438       0x3c /Users/reza.kalfane/Workspaces/Daisy/DaisyExamples/libDaisy/build/libdaisy.a(usbd_cdc_if.o)
 .text.CDC_Init_HS
                0x0000000008004474       0x3c /Users/reza.kalfane/Workspaces/Daisy/DaisyExamples/libDaisy/build/libdaisy.a(usbd_cdc_if.o)
 .text.CDC_Control_FS
                0x00000000080044b0       0x34 /Users/reza.kalfane/Workspaces/Daisy/DaisyExamples/libDaisy/build/libdaisy.a(usbd_cdc_if.o)
 .text.CDC_Control_HS
                0x00000000080044e4       0x34 /Users/reza.kalfane/Workspaces/Daisy/DaisyExamples/libDaisy/build/libdaisy.a(usbd_cdc_if.o)
 .text.CDC_DeInit_HS
                0x0000000008004518        0x4 /Users/reza.kalfane/Workspaces/Daisy/DaisyExamples/libDaisy/build/libdaisy.a(usbd_cdc_if.o)
 .text.CDC_Transmit_FS
                0x000000000800451c       0x2c /Users/reza.kalfane/Workspaces/Daisy/DaisyExamples/libDaisy/build/libdaisy.a(usbd_cdc_if.o)
                0x000000000800451c                CDC_Transmit_FS
 .text.HAL_PCD_MspInit
                0x0000000008004548      0x144 /Users/reza.kalfane/Workspaces/Daisy/DaisyExamples/libDaisy/build/libdaisy.a(usbd_conf.o)
                0x0000000008004548                HAL_PCD_MspInit
 .text.HAL_PCD_SetupStageCallback
                0x000000000800468c        0xc /Users/reza.kalfane/Workspaces/Daisy/DaisyExamples/libDaisy/build/libdaisy.a(usbd_conf.o)
                0x000000000800468c                HAL_PCD_SetupStageCallback
 .text.HAL_PCD_DataOutStageCallback
                0x0000000008004698       0x14 /Users/reza.kalfane/Workspaces/Daisy/DaisyExamples/libDaisy/build/libdaisy.a(usbd_conf.o)
                0x0000000008004698                HAL_PCD_DataOutStageCallback
 .text.HAL_PCD_DataInStageCallback
                0x00000000080046ac       0x14 /Users/reza.kalfane/Workspaces/Daisy/DaisyExamples/libDaisy/build/libdaisy.a(usbd_conf.o)
                0x00000000080046ac                HAL_PCD_DataInStageCallback
 .text.HAL_PCD_SOFCallback
                0x00000000080046c0        0x8 /Users/reza.kalfane/Workspaces/Daisy/DaisyExamples/libDaisy/build/libdaisy.a(usbd_conf.o)
                0x00000000080046c0                HAL_PCD_SOFCallback
 .text.HAL_PCD_ResetCallback
                0x00000000080046c8       0x24 /Users/reza.kalfane/Workspaces/Daisy/DaisyExamples/libDaisy/build/libdaisy.a(usbd_conf.o)
                0x00000000080046c8                HAL_PCD_ResetCallback
 .text.HAL_PCD_SuspendCallback
                0x00000000080046ec       0x30 /Users/reza.kalfane/Workspaces/Daisy/DaisyExamples/libDaisy/build/libdaisy.a(usbd_conf.o)
                0x00000000080046ec                HAL_PCD_SuspendCallback
 .text.HAL_PCD_ResumeCallback
                0x000000000800471c        0x8 /Users/reza.kalfane/Workspaces/Daisy/DaisyExamples/libDaisy/build/libdaisy.a(usbd_conf.o)
                0x000000000800471c                HAL_PCD_ResumeCallback
 .text.HAL_PCD_ISOOUTIncompleteCallback
                0x0000000008004724        0x8 /Users/reza.kalfane/Workspaces/Daisy/DaisyExamples/libDaisy/build/libdaisy.a(usbd_conf.o)
                0x0000000008004724                HAL_PCD_ISOOUTIncompleteCallback
 .text.HAL_PCD_ISOINIncompleteCallback
                0x000000000800472c        0x8 /Users/reza.kalfane/Workspaces/Daisy/DaisyExamples/libDaisy/build/libdaisy.a(usbd_conf.o)
                0x000000000800472c                HAL_PCD_ISOINIncompleteCallback
 .text.HAL_PCD_ConnectCallback
                0x0000000008004734        0x8 /Users/reza.kalfane/Workspaces/Daisy/DaisyExamples/libDaisy/build/libdaisy.a(usbd_conf.o)
                0x0000000008004734                HAL_PCD_ConnectCallback
 .text.HAL_PCD_DisconnectCallback
                0x000000000800473c        0x8 /Users/reza.kalfane/Workspaces/Daisy/DaisyExamples/libDaisy/build/libdaisy.a(usbd_conf.o)
                0x000000000800473c                HAL_PCD_DisconnectCallback
 .text.USBD_LL_Init
                0x0000000008004744       0xe4 /Users/reza.kalfane/Workspaces/Daisy/DaisyExamples/libDaisy/build/libdaisy.a(usbd_conf.o)
                0x0000000008004744                USBD_LL_Init
 .text.USBD_LL_Start
                0x0000000008004828       0x1c /Users/reza.kalfane/Workspaces/Daisy/DaisyExamples/libDaisy/build/libdaisy.a(usbd_conf.o)
                0x0000000008004828                USBD_LL_Start
 .text.USBD_LL_OpenEP
                0x0000000008004844       0x24 /Users/reza.kalfane/Workspaces/Daisy/DaisyExamples/libDaisy/build/libdaisy.a(usbd_conf.o)
                0x0000000008004844                USBD_LL_OpenEP
 .text.USBD_LL_CloseEP
                0x0000000008004868       0x1c /Users/reza.kalfane/Workspaces/Daisy/DaisyExamples/libDaisy/build/libdaisy.a(usbd_conf.o)
                0x0000000008004868                USBD_LL_CloseEP
 .text.USBD_LL_StallEP
                0x0000000008004884       0x1c /Users/reza.kalfane/Workspaces/Daisy/DaisyExamples/libDaisy/build/libdaisy.a(usbd_conf.o)
                0x0000000008004884                USBD_LL_StallEP
 .text.USBD_LL_ClearStallEP
                0x00000000080048a0       0x1c /Users/reza.kalfane/Workspaces/Daisy/DaisyExamples/libDaisy/build/libdaisy.a(usbd_conf.o)
                0x00000000080048a0                USBD_LL_ClearStallEP
 .text.USBD_LL_IsStallEP
                0x00000000080048bc       0x28 /Users/reza.kalfane/Workspaces/Daisy/DaisyExamples/libDaisy/build/libdaisy.a(usbd_conf.o)
                0x00000000080048bc                USBD_LL_IsStallEP
 .text.USBD_LL_SetUSBAddress
                0x00000000080048e4       0x1c /Users/reza.kalfane/Workspaces/Daisy/DaisyExamples/libDaisy/build/libdaisy.a(usbd_conf.o)
                0x00000000080048e4                USBD_LL_SetUSBAddress
 .text.USBD_LL_Transmit
                0x0000000008004900       0x1c /Users/reza.kalfane/Workspaces/Daisy/DaisyExamples/libDaisy/build/libdaisy.a(usbd_conf.o)
                0x0000000008004900                USBD_LL_Transmit
 .text.USBD_LL_PrepareReceive
                0x000000000800491c       0x1c /Users/reza.kalfane/Workspaces/Daisy/DaisyExamples/libDaisy/build/libdaisy.a(usbd_conf.o)
                0x000000000800491c                USBD_LL_PrepareReceive
 .text.USBD_LL_GetRxDataSize
                0x0000000008004938        0x8 /Users/reza.kalfane/Workspaces/Daisy/DaisyExamples/libDaisy/build/libdaisy.a(usbd_conf.o)
                0x0000000008004938                USBD_LL_GetRxDataSize
 .text.USBD_HS_DeviceDescriptor
                0x0000000008004940        0xc /Users/reza.kalfane/Workspaces/Daisy/DaisyExamples/libDaisy/build/libdaisy.a(usbd_desc.o)
                0x0000000008004940                USBD_HS_DeviceDescriptor
 .text.USBD_FS_DeviceDescriptor
                0x000000000800494c        0xc /Users/reza.kalfane/Workspaces/Daisy/DaisyExamples/libDaisy/build/libdaisy.a(usbd_desc.o)
                0x000000000800494c                USBD_FS_DeviceDescriptor
 .text.USBD_FS_LangIDStrDescriptor
                0x0000000008004958        0xc /Users/reza.kalfane/Workspaces/Daisy/DaisyExamples/libDaisy/build/libdaisy.a(usbd_desc.o)
                0x0000000008004958                USBD_FS_LangIDStrDescriptor
 .text.USBD_FS_ManufacturerStrDescriptor
                0x0000000008004964       0x1c /Users/reza.kalfane/Workspaces/Daisy/DaisyExamples/libDaisy/build/libdaisy.a(usbd_desc.o)
                0x0000000008004964                USBD_FS_ManufacturerStrDescriptor
 .text.USBD_HS_ProductStrDescriptor
                0x0000000008004980       0x1c /Users/reza.kalfane/Workspaces/Daisy/DaisyExamples/libDaisy/build/libdaisy.a(usbd_desc.o)
                0x0000000008004980                USBD_HS_ProductStrDescriptor
 .text.USBD_FS_ConfigStrDescriptor
                0x000000000800499c       0x1c /Users/reza.kalfane/Workspaces/Daisy/DaisyExamples/libDaisy/build/libdaisy.a(usbd_desc.o)
                0x000000000800499c                USBD_FS_ConfigStrDescriptor
 .text.USBD_FS_InterfaceStrDescriptor
                0x00000000080049b8       0x1c /Users/reza.kalfane/Workspaces/Daisy/DaisyExamples/libDaisy/build/libdaisy.a(usbd_desc.o)
                0x00000000080049b8                USBD_FS_InterfaceStrDescriptor
 .text.USBD_FS_ProductStrDescriptor
                0x00000000080049d4       0x1c /Users/reza.kalfane/Workspaces/Daisy/DaisyExamples/libDaisy/build/libdaisy.a(usbd_desc.o)
                0x00000000080049d4                USBD_FS_ProductStrDescriptor
 .text.USBD_HS_LangIDStrDescriptor
                0x00000000080049f0        0xc /Users/reza.kalfane/Workspaces/Daisy/DaisyExamples/libDaisy/build/libdaisy.a(usbd_desc.o)
                0x00000000080049f0                USBD_HS_LangIDStrDescriptor
 .text.USBD_HS_ManufacturerStrDescriptor
                0x00000000080049fc       0x1c /Users/reza.kalfane/Workspaces/Daisy/DaisyExamples/libDaisy/build/libdaisy.a(usbd_desc.o)
                0x00000000080049fc                USBD_HS_ManufacturerStrDescriptor
 .text.USBD_FS_SerialStrDescriptor
                0x0000000008004a18      0x124 /Users/reza.kalfane/Workspaces/Daisy/DaisyExamples/libDaisy/build/libdaisy.a(usbd_desc.o)
                0x0000000008004a18                USBD_FS_SerialStrDescriptor
 .text.USBD_HS_SerialStrDescriptor
                0x0000000008004b3c      0x124 /Users/reza.kalfane/Workspaces/Daisy/DaisyExamples/libDaisy/build/libdaisy.a(usbd_desc.o)
                0x0000000008004b3c                USBD_HS_SerialStrDescriptor
 .text.USBD_HS_InterfaceStrDescriptor
                0x0000000008004c60       0x1c /Users/reza.kalfane/Workspaces/Daisy/DaisyExamples/libDaisy/build/libdaisy.a(usbd_desc.o)
                0x0000000008004c60                USBD_HS_InterfaceStrDescriptor
 .text.USBD_HS_ConfigStrDescriptor
                0x0000000008004c7c       0x1c /Users/reza.kalfane/Workspaces/Daisy/DaisyExamples/libDaisy/build/libdaisy.a(usbd_desc.o)
                0x0000000008004c7c                USBD_HS_ConfigStrDescriptor
 .text.HAL_HCD_SOF_Callback
                0x0000000008004c98        0x8 /Users/reza.kalfane/Workspaces/Daisy/DaisyExamples/libDaisy/build/libdaisy.a(usbh_conf.o)
                0x0000000008004c98                HAL_HCD_SOF_Callback
 .text.HAL_HCD_Connect_Callback
                0x0000000008004ca0        0x8 /Users/reza.kalfane/Workspaces/Daisy/DaisyExamples/libDaisy/build/libdaisy.a(usbh_conf.o)
                0x0000000008004ca0                HAL_HCD_Connect_Callback
 .text.HAL_HCD_Disconnect_Callback
                0x0000000008004ca8        0x8 /Users/reza.kalfane/Workspaces/Daisy/DaisyExamples/libDaisy/build/libdaisy.a(usbh_conf.o)
                0x0000000008004ca8                HAL_HCD_Disconnect_Callback
 .text.HAL_HCD_HC_NotifyURBChange_Callback
                0x0000000008004cb0        0x4 /Users/reza.kalfane/Workspaces/Daisy/DaisyExamples/libDaisy/build/libdaisy.a(usbh_conf.o)
                0x0000000008004cb0                HAL_HCD_HC_NotifyURBChange_Callback
 .text.HAL_HCD_PortEnabled_Callback
                0x0000000008004cb4        0x8 /Users/reza.kalfane/Workspaces/Daisy/DaisyExamples/libDaisy/build/libdaisy.a(usbh_conf.o)
                0x0000000008004cb4                HAL_HCD_PortEnabled_Callback
 .text.HAL_HCD_PortDisabled_Callback
                0x0000000008004cbc        0x8 /Users/reza.kalfane/Workspaces/Daisy/DaisyExamples/libDaisy/build/libdaisy.a(usbh_conf.o)
                0x0000000008004cbc                HAL_HCD_PortDisabled_Callback
 .text.USBH_LL_Stop
                0x0000000008004cc4       0x1c /Users/reza.kalfane/Workspaces/Daisy/DaisyExamples/libDaisy/build/libdaisy.a(usbh_conf.o)
                0x0000000008004cc4                USBH_LL_Stop
 .text.dsy_hal_map_get_port
                0x0000000008004ce0       0x10 /Users/reza.kalfane/Workspaces/Daisy/DaisyExamples/libDaisy/build/libdaisy.a(hal_map.o)
                0x0000000008004ce0                dsy_hal_map_get_port
 .text.dsy_hal_map_get_pin
                0x0000000008004cf0       0x10 /Users/reza.kalfane/Workspaces/Daisy/DaisyExamples/libDaisy/build/libdaisy.a(hal_map.o)
                0x0000000008004cf0                dsy_hal_map_get_pin
 .text.dsy_hal_map_gpio_clk_enable
                0x0000000008004d00      0x150 /Users/reza.kalfane/Workspaces/Daisy/DaisyExamples/libDaisy/build/libdaisy.a(hal_map.o)
                0x0000000008004d00                dsy_hal_map_gpio_clk_enable
 .text.HAL_MspInit
                0x0000000008004e50        0x4 /Users/reza.kalfane/Workspaces/Daisy/DaisyExamples/libDaisy/build/libdaisy.a(stm32h7xx_hal.o)
                0x0000000008004e50                HAL_MspInit
 .text.HAL_InitTick
                0x0000000008004e54       0x4c /Users/reza.kalfane/Workspaces/Daisy/DaisyExamples/libDaisy/build/libdaisy.a(stm32h7xx_hal.o)
                0x0000000008004e54                HAL_InitTick
 .text.HAL_Init
                0x0000000008004ea0       0x60 /Users/reza.kalfane/Workspaces/Daisy/DaisyExamples/libDaisy/build/libdaisy.a(stm32h7xx_hal.o)
                0x0000000008004ea0                HAL_Init
 .text.HAL_IncTick
                0x0000000008004f00       0x18 /Users/reza.kalfane/Workspaces/Daisy/DaisyExamples/libDaisy/build/libdaisy.a(stm32h7xx_hal.o)
                0x0000000008004f00                HAL_IncTick
 .text.HAL_GetTick
                0x0000000008004f18        0xc /Users/reza.kalfane/Workspaces/Daisy/DaisyExamples/libDaisy/build/libdaisy.a(stm32h7xx_hal.o)
                0x0000000008004f18                HAL_GetTick
 .text.HAL_Delay
                0x0000000008004f24       0x24 /Users/reza.kalfane/Workspaces/Daisy/DaisyExamples/libDaisy/build/libdaisy.a(stm32h7xx_hal.o)
                0x0000000008004f24                HAL_Delay
 .text.HAL_GetREVID
                0x0000000008004f48        0xc /Users/reza.kalfane/Workspaces/Daisy/DaisyExamples/libDaisy/build/libdaisy.a(stm32h7xx_hal.o)
                0x0000000008004f48                HAL_GetREVID
 .text.HAL_ADC_ConvHalfCpltCallback
                0x0000000008004f54        0x4 /Users/reza.kalfane/Workspaces/Daisy/DaisyExamples/libDaisy/build/libdaisy.a(stm32h7xx_hal_adc.o)
                0x0000000008004f54                HAL_ADC_ConvHalfCpltCallback
 .text.ADC_DMAHalfConvCplt
                0x0000000008004f58        0xc /Users/reza.kalfane/Workspaces/Daisy/DaisyExamples/libDaisy/build/libdaisy.a(stm32h7xx_hal_adc.o)
                0x0000000008004f58                ADC_DMAHalfConvCplt
 .text.ADC_DMAConvCplt
                0x0000000008004f64       0x6c /Users/reza.kalfane/Workspaces/Daisy/DaisyExamples/libDaisy/build/libdaisy.a(stm32h7xx_hal_adc.o)
                0x0000000008004f64                ADC_DMAConvCplt
 .text.ADC_DMAError
                0x0000000008004fd0       0x1c /Users/reza.kalfane/Workspaces/Daisy/DaisyExamples/libDaisy/build/libdaisy.a(stm32h7xx_hal_adc.o)
                0x0000000008004fd0                ADC_DMAError
 .text.HAL_ADC_ConfigChannel
                0x0000000008004fec      0x3fc /Users/reza.kalfane/Workspaces/Daisy/DaisyExamples/libDaisy/build/libdaisy.a(stm32h7xx_hal_adc.o)
                0x0000000008004fec                HAL_ADC_ConfigChannel
 .text.ADC_Enable
                0x00000000080053e8       0xac /Users/reza.kalfane/Workspaces/Daisy/DaisyExamples/libDaisy/build/libdaisy.a(stm32h7xx_hal_adc.o)
                0x00000000080053e8                ADC_Enable
 .text.HAL_ADC_Start_DMA
                0x0000000008005494      0x114 /Users/reza.kalfane/Workspaces/Daisy/DaisyExamples/libDaisy/build/libdaisy.a(stm32h7xx_hal_adc.o)
                0x0000000008005494                HAL_ADC_Start_DMA
 .text.ADC_Disable
                0x00000000080055a8       0x68 /Users/reza.kalfane/Workspaces/Daisy/DaisyExamples/libDaisy/build/libdaisy.a(stm32h7xx_hal_adc.o)
                0x00000000080055a8                ADC_Disable
 .text.ADC_ConfigureBoostMode
                0x0000000008005610      0x184 /Users/reza.kalfane/Workspaces/Daisy/DaisyExamples/libDaisy/build/libdaisy.a(stm32h7xx_hal_adc.o)
                0x0000000008005610                ADC_ConfigureBoostMode
 .text.HAL_ADC_Init
                0x0000000008005794      0x218 /Users/reza.kalfane/Workspaces/Daisy/DaisyExamples/libDaisy/build/libdaisy.a(stm32h7xx_hal_adc.o)
                0x0000000008005794                HAL_ADC_Init
 .text.HAL_ADCEx_Calibration_Start
                0x00000000080059ac       0xa4 /Users/reza.kalfane/Workspaces/Daisy/DaisyExamples/libDaisy/build/libdaisy.a(stm32h7xx_hal_adc_ex.o)
                0x00000000080059ac                HAL_ADCEx_Calibration_Start
 .text.HAL_ADCEx_MultiModeConfigChannel
                0x0000000008005a50       0xc4 /Users/reza.kalfane/Workspaces/Daisy/DaisyExamples/libDaisy/build/libdaisy.a(stm32h7xx_hal_adc_ex.o)
                0x0000000008005a50                HAL_ADCEx_MultiModeConfigChannel
 .text.HAL_NVIC_SetPriorityGrouping
                0x0000000008005b14       0x24 /Users/reza.kalfane/Workspaces/Daisy/DaisyExamples/libDaisy/build/libdaisy.a(stm32h7xx_hal_cortex.o)
                0x0000000008005b14                HAL_NVIC_SetPriorityGrouping
 .text.HAL_NVIC_SetPriority
                0x0000000008005b38       0x7c /Users/reza.kalfane/Workspaces/Daisy/DaisyExamples/libDaisy/build/libdaisy.a(stm32h7xx_hal_cortex.o)
                0x0000000008005b38                HAL_NVIC_SetPriority
 .text.HAL_NVIC_EnableIRQ
                0x0000000008005bb4       0x1c /Users/reza.kalfane/Workspaces/Daisy/DaisyExamples/libDaisy/build/libdaisy.a(stm32h7xx_hal_cortex.o)
                0x0000000008005bb4                HAL_NVIC_EnableIRQ
 .text.HAL_NVIC_DisableIRQ
                0x0000000008005bd0       0x28 /Users/reza.kalfane/Workspaces/Daisy/DaisyExamples/libDaisy/build/libdaisy.a(stm32h7xx_hal_cortex.o)
                0x0000000008005bd0                HAL_NVIC_DisableIRQ
 .text.HAL_SYSTICK_Config
                0x0000000008005bf8       0x2c /Users/reza.kalfane/Workspaces/Daisy/DaisyExamples/libDaisy/build/libdaisy.a(stm32h7xx_hal_cortex.o)
                0x0000000008005bf8                HAL_SYSTICK_Config
 .text.HAL_MPU_Disable
                0x0000000008005c24       0x1c /Users/reza.kalfane/Workspaces/Daisy/DaisyExamples/libDaisy/build/libdaisy.a(stm32h7xx_hal_cortex.o)
                0x0000000008005c24                HAL_MPU_Disable
 .text.HAL_MPU_Enable
                0x0000000008005c40       0x20 /Users/reza.kalfane/Workspaces/Daisy/DaisyExamples/libDaisy/build/libdaisy.a(stm32h7xx_hal_cortex.o)
                0x0000000008005c40                HAL_MPU_Enable
 .text.HAL_MPU_ConfigRegion
                0x0000000008005c60       0x64 /Users/reza.kalfane/Workspaces/Daisy/DaisyExamples/libDaisy/build/libdaisy.a(stm32h7xx_hal_cortex.o)
                0x0000000008005c60                HAL_MPU_ConfigRegion
 .text.HAL_SYSTICK_Callback
                0x0000000008005cc4        0x4 /Users/reza.kalfane/Workspaces/Daisy/DaisyExamples/libDaisy/build/libdaisy.a(stm32h7xx_hal_cortex.o)
                0x0000000008005cc4                HAL_SYSTICK_Callback
 .text.HAL_SYSTICK_IRQHandler
                0x0000000008005cc8        0x8 /Users/reza.kalfane/Workspaces/Daisy/DaisyExamples/libDaisy/build/libdaisy.a(stm32h7xx_hal_cortex.o)
                0x0000000008005cc8                HAL_SYSTICK_IRQHandler
 .text.DMA_CalcBaseAndBitshift
                0x0000000008005cd0       0xf4 /Users/reza.kalfane/Workspaces/Daisy/DaisyExamples/libDaisy/build/libdaisy.a(stm32h7xx_hal_dma.o)
 .text.DMA_CalcDMAMUXChannelBaseAndMask
                0x0000000008005dc4       0xd8 /Users/reza.kalfane/Workspaces/Daisy/DaisyExamples/libDaisy/build/libdaisy.a(stm32h7xx_hal_dma.o)
 .text.HAL_DMA_Init
                0x0000000008005e9c      0x37c /Users/reza.kalfane/Workspaces/Daisy/DaisyExamples/libDaisy/build/libdaisy.a(stm32h7xx_hal_dma.o)
                0x0000000008005e9c                HAL_DMA_Init
 .text.HAL_DMA_Start_IT
                0x0000000008006218      0x240 /Users/reza.kalfane/Workspaces/Daisy/DaisyExamples/libDaisy/build/libdaisy.a(stm32h7xx_hal_dma.o)
                0x0000000008006218                HAL_DMA_Start_IT
 .text.HAL_DMA_Abort_IT
                0x0000000008006458      0x134 /Users/reza.kalfane/Workspaces/Daisy/DaisyExamples/libDaisy/build/libdaisy.a(stm32h7xx_hal_dma.o)
                0x0000000008006458                HAL_DMA_Abort_IT
 .text.HAL_DMA_IRQHandler
                0x000000000800658c      0x6a0 /Users/reza.kalfane/Workspaces/Daisy/DaisyExamples/libDaisy/build/libdaisy.a(stm32h7xx_hal_dma.o)
                0x000000000800658c                HAL_DMA_IRQHandler
 .text.HAL_DMA_GetError
                0x0000000008006c2c        0x4 /Users/reza.kalfane/Workspaces/Daisy/DaisyExamples/libDaisy/build/libdaisy.a(stm32h7xx_hal_dma.o)
                0x0000000008006c2c                HAL_DMA_GetError
 .text.HAL_GPIO_Init
                0x0000000008006c30      0x280 /Users/reza.kalfane/Workspaces/Daisy/DaisyExamples/libDaisy/build/libdaisy.a(stm32h7xx_hal_gpio.o)
                0x0000000008006c30                HAL_GPIO_Init
 .text.HAL_GPIO_DeInit
                0x0000000008006eb0      0x190 /Users/reza.kalfane/Workspaces/Daisy/DaisyExamples/libDaisy/build/libdaisy.a(stm32h7xx_hal_gpio.o)
                0x0000000008006eb0                HAL_GPIO_DeInit
 .text.HAL_GPIO_ReadPin
                0x0000000008007040        0xc /Users/reza.kalfane/Workspaces/Daisy/DaisyExamples/libDaisy/build/libdaisy.a(stm32h7xx_hal_gpio.o)
                0x0000000008007040                HAL_GPIO_ReadPin
 .text.HAL_GPIO_WritePin
                0x000000000800704c        0x8 /Users/reza.kalfane/Workspaces/Daisy/DaisyExamples/libDaisy/build/libdaisy.a(stm32h7xx_hal_gpio.o)
                0x000000000800704c                HAL_GPIO_WritePin
 .text.HAL_HCD_IRQHandler
                0x0000000008007054      0x780 /Users/reza.kalfane/Workspaces/Daisy/DaisyExamples/libDaisy/build/libdaisy.a(stm32h7xx_hal_hcd.o)
                0x0000000008007054                HAL_HCD_IRQHandler
 .text.HAL_HCD_Stop
                0x00000000080077d4       0x28 /Users/reza.kalfane/Workspaces/Daisy/DaisyExamples/libDaisy/build/libdaisy.a(stm32h7xx_hal_hcd.o)
                0x00000000080077d4                HAL_HCD_Stop
 .text.I2C_WaitOnTXISFlagUntilTimeout
                0x00000000080077fc       0xb8 /Users/reza.kalfane/Workspaces/Daisy/DaisyExamples/libDaisy/build/libdaisy.a(stm32h7xx_hal_i2c.o)
 .text.I2C_WaitOnSTOPFlagUntilTimeout
                0x00000000080078b4       0xac /Users/reza.kalfane/Workspaces/Daisy/DaisyExamples/libDaisy/build/libdaisy.a(stm32h7xx_hal_i2c.o)
 .text.HAL_I2C_Init
                0x0000000008007960       0xac /Users/reza.kalfane/Workspaces/Daisy/DaisyExamples/libDaisy/build/libdaisy.a(stm32h7xx_hal_i2c.o)
                0x0000000008007960                HAL_I2C_Init
 .text.HAL_I2C_Master_Transmit
                0x0000000008007a0c      0x1a8 /Users/reza.kalfane/Workspaces/Daisy/DaisyExamples/libDaisy/build/libdaisy.a(stm32h7xx_hal_i2c.o)
                0x0000000008007a0c                HAL_I2C_Master_Transmit
 .text.HAL_I2C_Slave_Transmit
                0x0000000008007bb4      0x1c8 /Users/reza.kalfane/Workspaces/Daisy/DaisyExamples/libDaisy/build/libdaisy.a(stm32h7xx_hal_i2c.o)
                0x0000000008007bb4                HAL_I2C_Slave_Transmit
 .text.HAL_I2C_EV_IRQHandler
                0x0000000008007d7c       0x10 /Users/reza.kalfane/Workspaces/Daisy/DaisyExamples/libDaisy/build/libdaisy.a(stm32h7xx_hal_i2c.o)
                0x0000000008007d7c                HAL_I2C_EV_IRQHandler
 .text.HAL_I2C_GetState
                0x0000000008007d8c        0x8 /Users/reza.kalfane/Workspaces/Daisy/DaisyExamples/libDaisy/build/libdaisy.a(stm32h7xx_hal_i2c.o)
                0x0000000008007d8c                HAL_I2C_GetState
 .text.HAL_I2CEx_ConfigAnalogFilter
                0x0000000008007d94       0x54 /Users/reza.kalfane/Workspaces/Daisy/DaisyExamples/libDaisy/build/libdaisy.a(stm32h7xx_hal_i2c_ex.o)
                0x0000000008007d94                HAL_I2CEx_ConfigAnalogFilter
 .text.HAL_I2CEx_ConfigDigitalFilter
                0x0000000008007de8       0x58 /Users/reza.kalfane/Workspaces/Daisy/DaisyExamples/libDaisy/build/libdaisy.a(stm32h7xx_hal_i2c_ex.o)
                0x0000000008007de8                HAL_I2CEx_ConfigDigitalFilter
 .text.HAL_PCD_Init
                0x0000000008007e40      0x12c /Users/reza.kalfane/Workspaces/Daisy/DaisyExamples/libDaisy/build/libdaisy.a(stm32h7xx_hal_pcd.o)
                0x0000000008007e40                HAL_PCD_Init
 .text.HAL_PCD_Start
                0x0000000008007f6c       0x44 /Users/reza.kalfane/Workspaces/Daisy/DaisyExamples/libDaisy/build/libdaisy.a(stm32h7xx_hal_pcd.o)
                0x0000000008007f6c                HAL_PCD_Start
 .text.HAL_PCD_IRQHandler
                0x0000000008007fb0      0x69c /Users/reza.kalfane/Workspaces/Daisy/DaisyExamples/libDaisy/build/libdaisy.a(stm32h7xx_hal_pcd.o)
                0x0000000008007fb0                HAL_PCD_IRQHandler
 .text.HAL_PCD_SetAddress
                0x000000000800864c       0x2c /Users/reza.kalfane/Workspaces/Daisy/DaisyExamples/libDaisy/build/libdaisy.a(stm32h7xx_hal_pcd.o)
                0x000000000800864c                HAL_PCD_SetAddress
 .text.HAL_PCD_EP_Open
                0x0000000008008678       0x7c /Users/reza.kalfane/Workspaces/Daisy/DaisyExamples/libDaisy/build/libdaisy.a(stm32h7xx_hal_pcd.o)
                0x0000000008008678                HAL_PCD_EP_Open
 .text.HAL_PCD_EP_Close
                0x00000000080086f4       0x6c /Users/reza.kalfane/Workspaces/Daisy/DaisyExamples/libDaisy/build/libdaisy.a(stm32h7xx_hal_pcd.o)
                0x00000000080086f4                HAL_PCD_EP_Close
 .text.HAL_PCD_EP_Receive
                0x0000000008008760       0x50 /Users/reza.kalfane/Workspaces/Daisy/DaisyExamples/libDaisy/build/libdaisy.a(stm32h7xx_hal_pcd.o)
                0x0000000008008760                HAL_PCD_EP_Receive
 .text.HAL_PCD_EP_GetRxCount
                0x00000000080087b0       0x14 /Users/reza.kalfane/Workspaces/Daisy/DaisyExamples/libDaisy/build/libdaisy.a(stm32h7xx_hal_pcd.o)
                0x00000000080087b0                HAL_PCD_EP_GetRxCount
 .text.HAL_PCD_EP_Transmit
                0x00000000080087c4       0x50 /Users/reza.kalfane/Workspaces/Daisy/DaisyExamples/libDaisy/build/libdaisy.a(stm32h7xx_hal_pcd.o)
                0x00000000080087c4                HAL_PCD_EP_Transmit
 .text.HAL_PCD_EP_SetStall
                0x0000000008008814       0x88 /Users/reza.kalfane/Workspaces/Daisy/DaisyExamples/libDaisy/build/libdaisy.a(stm32h7xx_hal_pcd.o)
                0x0000000008008814                HAL_PCD_EP_SetStall
 .text.HAL_PCD_EP_ClrStall
                0x000000000800889c       0x78 /Users/reza.kalfane/Workspaces/Daisy/DaisyExamples/libDaisy/build/libdaisy.a(stm32h7xx_hal_pcd.o)
                0x000000000800889c                HAL_PCD_EP_ClrStall
 .text.HAL_PCDEx_SetTxFiFo
                0x0000000008008914       0x54 /Users/reza.kalfane/Workspaces/Daisy/DaisyExamples/libDaisy/build/libdaisy.a(stm32h7xx_hal_pcd_ex.o)
                0x0000000008008914                HAL_PCDEx_SetTxFiFo
 .text.HAL_PCDEx_SetRxFiFo
                0x0000000008008968        0xc /Users/reza.kalfane/Workspaces/Daisy/DaisyExamples/libDaisy/build/libdaisy.a(stm32h7xx_hal_pcd_ex.o)
                0x0000000008008968                HAL_PCDEx_SetRxFiFo
 .text.HAL_PCDEx_ActivateLPM
                0x0000000008008974       0x30 /Users/reza.kalfane/Workspaces/Daisy/DaisyExamples/libDaisy/build/libdaisy.a(stm32h7xx_hal_pcd_ex.o)
                0x0000000008008974                HAL_PCDEx_ActivateLPM
 .text.HAL_PCDEx_LPM_Callback
                0x00000000080089a4        0x4 /Users/reza.kalfane/Workspaces/Daisy/DaisyExamples/libDaisy/build/libdaisy.a(stm32h7xx_hal_pcd_ex.o)
                0x00000000080089a4                HAL_PCDEx_LPM_Callback
 .text.HAL_PWREx_ConfigSupply
                0x00000000080089a8       0x4c /Users/reza.kalfane/Workspaces/Daisy/DaisyExamples/libDaisy/build/libdaisy.a(stm32h7xx_hal_pwr_ex.o)
                0x00000000080089a8                HAL_PWREx_ConfigSupply
 .text.HAL_PWREx_EnableUSBVoltageDetector
                0x00000000080089f4       0x10 /Users/reza.kalfane/Workspaces/Daisy/DaisyExamples/libDaisy/build/libdaisy.a(stm32h7xx_hal_pwr_ex.o)
                0x00000000080089f4                HAL_PWREx_EnableUSBVoltageDetector
 .text.QSPI_Config
                0x0000000008008a04      0x174 /Users/reza.kalfane/Workspaces/Daisy/DaisyExamples/libDaisy/build/libdaisy.a(stm32h7xx_hal_qspi.o)
 .text.HAL_QSPI_Init
                0x0000000008008b78       0xd8 /Users/reza.kalfane/Workspaces/Daisy/DaisyExamples/libDaisy/build/libdaisy.a(stm32h7xx_hal_qspi.o)
                0x0000000008008b78                HAL_QSPI_Init
 .text.HAL_QSPI_DeInit
                0x0000000008008c50       0x3c /Users/reza.kalfane/Workspaces/Daisy/DaisyExamples/libDaisy/build/libdaisy.a(stm32h7xx_hal_qspi.o)
                0x0000000008008c50                HAL_QSPI_DeInit
 .text.HAL_QSPI_Command
                0x0000000008008c8c       0xd4 /Users/reza.kalfane/Workspaces/Daisy/DaisyExamples/libDaisy/build/libdaisy.a(stm32h7xx_hal_qspi.o)
                0x0000000008008c8c                HAL_QSPI_Command
 .text.HAL_QSPI_Transmit
                0x0000000008008d60       0xfc /Users/reza.kalfane/Workspaces/Daisy/DaisyExamples/libDaisy/build/libdaisy.a(stm32h7xx_hal_qspi.o)
                0x0000000008008d60                HAL_QSPI_Transmit
 .text.HAL_QSPI_Receive
                0x0000000008008e5c      0x108 /Users/reza.kalfane/Workspaces/Daisy/DaisyExamples/libDaisy/build/libdaisy.a(stm32h7xx_hal_qspi.o)
                0x0000000008008e5c                HAL_QSPI_Receive
 .text.HAL_QSPI_AutoPolling
                0x0000000008008f64       0xf0 /Users/reza.kalfane/Workspaces/Daisy/DaisyExamples/libDaisy/build/libdaisy.a(stm32h7xx_hal_qspi.o)
                0x0000000008008f64                HAL_QSPI_AutoPolling
 .text.HAL_QSPI_MemoryMapped
                0x0000000008009054       0xc0 /Users/reza.kalfane/Workspaces/Daisy/DaisyExamples/libDaisy/build/libdaisy.a(stm32h7xx_hal_qspi.o)
                0x0000000008009054                HAL_QSPI_MemoryMapped
 .text.HAL_QSPI_ErrorCallback
                0x0000000008009114        0x4 /Users/reza.kalfane/Workspaces/Daisy/DaisyExamples/libDaisy/build/libdaisy.a(stm32h7xx_hal_qspi.o)
                0x0000000008009114                HAL_QSPI_ErrorCallback
 .text.QSPI_DMAAbortCplt
                0x0000000008009118       0x38 /Users/reza.kalfane/Workspaces/Daisy/DaisyExamples/libDaisy/build/libdaisy.a(stm32h7xx_hal_qspi.o)
 .text.HAL_QSPI_AbortCpltCallback
                0x0000000008009150        0x4 /Users/reza.kalfane/Workspaces/Daisy/DaisyExamples/libDaisy/build/libdaisy.a(stm32h7xx_hal_qspi.o)
                0x0000000008009150                HAL_QSPI_AbortCpltCallback
 .text.HAL_QSPI_CmdCpltCallback
                0x0000000008009154        0x4 /Users/reza.kalfane/Workspaces/Daisy/DaisyExamples/libDaisy/build/libdaisy.a(stm32h7xx_hal_qspi.o)
                0x0000000008009154                HAL_QSPI_CmdCpltCallback
 .text.HAL_QSPI_RxCpltCallback
                0x0000000008009158        0x4 /Users/reza.kalfane/Workspaces/Daisy/DaisyExamples/libDaisy/build/libdaisy.a(stm32h7xx_hal_qspi.o)
                0x0000000008009158                HAL_QSPI_RxCpltCallback
 .text.HAL_QSPI_TxCpltCallback
                0x000000000800915c        0x4 /Users/reza.kalfane/Workspaces/Daisy/DaisyExamples/libDaisy/build/libdaisy.a(stm32h7xx_hal_qspi.o)
                0x000000000800915c                HAL_QSPI_TxCpltCallback
 .text.HAL_QSPI_FifoThresholdCallback
                0x0000000008009160        0x4 /Users/reza.kalfane/Workspaces/Daisy/DaisyExamples/libDaisy/build/libdaisy.a(stm32h7xx_hal_qspi.o)
                0x0000000008009160                HAL_QSPI_FifoThresholdCallback
 .text.HAL_QSPI_StatusMatchCallback
                0x0000000008009164        0x4 /Users/reza.kalfane/Workspaces/Daisy/DaisyExamples/libDaisy/build/libdaisy.a(stm32h7xx_hal_qspi.o)
                0x0000000008009164                HAL_QSPI_StatusMatchCallback
 .text.HAL_QSPI_TimeOutCallback
                0x0000000008009168        0x4 /Users/reza.kalfane/Workspaces/Daisy/DaisyExamples/libDaisy/build/libdaisy.a(stm32h7xx_hal_qspi.o)
                0x0000000008009168                HAL_QSPI_TimeOutCallback
 .text.HAL_QSPI_IRQHandler
                0x000000000800916c      0x210 /Users/reza.kalfane/Workspaces/Daisy/DaisyExamples/libDaisy/build/libdaisy.a(stm32h7xx_hal_qspi.o)
                0x000000000800916c                HAL_QSPI_IRQHandler
 .text.HAL_RCC_OscConfig
                0x000000000800937c      0x51c /Users/reza.kalfane/Workspaces/Daisy/DaisyExamples/libDaisy/build/libdaisy.a(stm32h7xx_hal_rcc.o)
                0x000000000800937c                HAL_RCC_OscConfig
 .text.HAL_RCC_GetSysClockFreq
                0x0000000008009898      0x140 /Users/reza.kalfane/Workspaces/Daisy/DaisyExamples/libDaisy/build/libdaisy.a(stm32h7xx_hal_rcc.o)
                0x0000000008009898                HAL_RCC_GetSysClockFreq
 .text.HAL_RCC_ClockConfig
                0x00000000080099d8      0x234 /Users/reza.kalfane/Workspaces/Daisy/DaisyExamples/libDaisy/build/libdaisy.a(stm32h7xx_hal_rcc.o)
                0x00000000080099d8                HAL_RCC_ClockConfig
 .text.HAL_RCC_GetHCLKFreq
                0x0000000008009c0c       0x2c /Users/reza.kalfane/Workspaces/Daisy/DaisyExamples/libDaisy/build/libdaisy.a(stm32h7xx_hal_rcc.o)
                0x0000000008009c0c                HAL_RCC_GetHCLKFreq
 .text.HAL_RCC_GetPCLK1Freq
                0x0000000008009c38       0x38 /Users/reza.kalfane/Workspaces/Daisy/DaisyExamples/libDaisy/build/libdaisy.a(stm32h7xx_hal_rcc.o)
                0x0000000008009c38                HAL_RCC_GetPCLK1Freq
 .text.HAL_RCC_GetPCLK2Freq
                0x0000000008009c70       0x38 /Users/reza.kalfane/Workspaces/Daisy/DaisyExamples/libDaisy/build/libdaisy.a(stm32h7xx_hal_rcc.o)
                0x0000000008009c70                HAL_RCC_GetPCLK2Freq
 .text.RCCEx_PLL2_Config
                0x0000000008009ca8       0xf4 /Users/reza.kalfane/Workspaces/Daisy/DaisyExamples/libDaisy/build/libdaisy.a(stm32h7xx_hal_rcc_ex.o)
 .text.RCCEx_PLL3_Config
                0x0000000008009d9c       0xf4 /Users/reza.kalfane/Workspaces/Daisy/DaisyExamples/libDaisy/build/libdaisy.a(stm32h7xx_hal_rcc_ex.o)
 .text.HAL_RCCEx_PeriphCLKConfig
                0x0000000008009e90      0xa7c /Users/reza.kalfane/Workspaces/Daisy/DaisyExamples/libDaisy/build/libdaisy.a(stm32h7xx_hal_rcc_ex.o)
                0x0000000008009e90                HAL_RCCEx_PeriphCLKConfig
 .text.HAL_RCCEx_GetD3PCLK1Freq
                0x000000000800a90c       0x24 /Users/reza.kalfane/Workspaces/Daisy/DaisyExamples/libDaisy/build/libdaisy.a(stm32h7xx_hal_rcc_ex.o)
                0x000000000800a90c                HAL_RCCEx_GetD3PCLK1Freq
 .text.HAL_RCCEx_GetPLL2ClockFreq
                0x000000000800a930      0x17c /Users/reza.kalfane/Workspaces/Daisy/DaisyExamples/libDaisy/build/libdaisy.a(stm32h7xx_hal_rcc_ex.o)
                0x000000000800a930                HAL_RCCEx_GetPLL2ClockFreq
 .text.HAL_RCCEx_GetPLL3ClockFreq
                0x000000000800aaac      0x17c /Users/reza.kalfane/Workspaces/Daisy/DaisyExamples/libDaisy/build/libdaisy.a(stm32h7xx_hal_rcc_ex.o)
                0x000000000800aaac                HAL_RCCEx_GetPLL3ClockFreq
 .text.HAL_RCCEx_GetPLL1ClockFreq
                0x000000000800ac28      0x17c /Users/reza.kalfane/Workspaces/Daisy/DaisyExamples/libDaisy/build/libdaisy.a(stm32h7xx_hal_rcc_ex.o)
                0x000000000800ac28                HAL_RCCEx_GetPLL1ClockFreq
 .text.HAL_RCCEx_GetPeriphCLKFreq
                0x000000000800ada4      0x198 /Users/reza.kalfane/Workspaces/Daisy/DaisyExamples/libDaisy/build/libdaisy.a(stm32h7xx_hal_rcc_ex.o)
                0x000000000800ada4                HAL_RCCEx_GetPeriphCLKFreq
 .text.HAL_RCCEx_GetD1SysClockFreq
                0x000000000800af3c       0x2c /Users/reza.kalfane/Workspaces/Daisy/DaisyExamples/libDaisy/build/libdaisy.a(stm32h7xx_hal_rcc_ex.o)
                0x000000000800af3c                HAL_RCCEx_GetD1SysClockFreq
 .text.HAL_SAI_Init.part.0
                0x000000000800af68      0x348 /Users/reza.kalfane/Workspaces/Daisy/DaisyExamples/libDaisy/build/libdaisy.a(stm32h7xx_hal_sai.o)
 .text.HAL_SAI_InitProtocol
                0x000000000800b2b0      0x178 /Users/reza.kalfane/Workspaces/Daisy/DaisyExamples/libDaisy/build/libdaisy.a(stm32h7xx_hal_sai.o)
                0x000000000800b2b0                HAL_SAI_InitProtocol
 .text.HAL_SAI_Transmit_DMA
                0x000000000800b428      0x124 /Users/reza.kalfane/Workspaces/Daisy/DaisyExamples/libDaisy/build/libdaisy.a(stm32h7xx_hal_sai.o)
                0x000000000800b428                HAL_SAI_Transmit_DMA
 .text.HAL_SAI_Receive_DMA
                0x000000000800b54c       0xd0 /Users/reza.kalfane/Workspaces/Daisy/DaisyExamples/libDaisy/build/libdaisy.a(stm32h7xx_hal_sai.o)
                0x000000000800b54c                HAL_SAI_Receive_DMA
 .text.HAL_SAI_TxCpltCallback
                0x000000000800b61c        0x4 /Users/reza.kalfane/Workspaces/Daisy/DaisyExamples/libDaisy/build/libdaisy.a(stm32h7xx_hal_sai.o)
                0x000000000800b61c                HAL_SAI_TxCpltCallback
 .text.SAI_DMATxCplt
                0x000000000800b620       0x64 /Users/reza.kalfane/Workspaces/Daisy/DaisyExamples/libDaisy/build/libdaisy.a(stm32h7xx_hal_sai.o)
 .text.HAL_SAI_TxHalfCpltCallback
                0x000000000800b684        0x4 /Users/reza.kalfane/Workspaces/Daisy/DaisyExamples/libDaisy/build/libdaisy.a(stm32h7xx_hal_sai.o)
                0x000000000800b684                HAL_SAI_TxHalfCpltCallback
 .text.SAI_DMATxHalfCplt
                0x000000000800b688        0xc /Users/reza.kalfane/Workspaces/Daisy/DaisyExamples/libDaisy/build/libdaisy.a(stm32h7xx_hal_sai.o)
 .text.SAI_DMARxCplt
                0x000000000800b694       0x64 /Users/reza.kalfane/Workspaces/Daisy/DaisyExamples/libDaisy/build/libdaisy.a(stm32h7xx_hal_sai.o)
 .text.SAI_DMARxHalfCplt
                0x000000000800b6f8        0xc /Users/reza.kalfane/Workspaces/Daisy/DaisyExamples/libDaisy/build/libdaisy.a(stm32h7xx_hal_sai.o)
 .text.HAL_SAI_ErrorCallback
                0x000000000800b704        0x4 /Users/reza.kalfane/Workspaces/Daisy/DaisyExamples/libDaisy/build/libdaisy.a(stm32h7xx_hal_sai.o)
                0x000000000800b704                HAL_SAI_ErrorCallback
 .text.SAI_DMAError
                0x000000000800b708       0x6c /Users/reza.kalfane/Workspaces/Daisy/DaisyExamples/libDaisy/build/libdaisy.a(stm32h7xx_hal_sai.o)
 .text.HAL_SDRAM_Init
                0x000000000800b774       0x54 /Users/reza.kalfane/Workspaces/Daisy/DaisyExamples/libDaisy/build/libdaisy.a(stm32h7xx_hal_sdram.o)
                0x000000000800b774                HAL_SDRAM_Init
 .text.HAL_SDRAM_SendCommand
                0x000000000800b7c8       0x40 /Users/reza.kalfane/Workspaces/Daisy/DaisyExamples/libDaisy/build/libdaisy.a(stm32h7xx_hal_sdram.o)
                0x000000000800b7c8                HAL_SDRAM_SendCommand
 .text.HAL_SDRAM_ProgramRefreshRate
                0x000000000800b808       0x30 /Users/reza.kalfane/Workspaces/Daisy/DaisyExamples/libDaisy/build/libdaisy.a(stm32h7xx_hal_sdram.o)
                0x000000000800b808                HAL_SDRAM_ProgramRefreshRate
 .text.FMC_SDRAM_Init
                0x000000000800b838       0x7c /Users/reza.kalfane/Workspaces/Daisy/DaisyExamples/libDaisy/build/libdaisy.a(stm32h7xx_ll_fmc.o)
                0x000000000800b838                FMC_SDRAM_Init
 .text.FMC_SDRAM_Timing_Init
                0x000000000800b8b4       0x98 /Users/reza.kalfane/Workspaces/Daisy/DaisyExamples/libDaisy/build/libdaisy.a(stm32h7xx_ll_fmc.o)
                0x000000000800b8b4                FMC_SDRAM_Timing_Init
 .text.FMC_SDRAM_SendCommand
                0x000000000800b94c       0x28 /Users/reza.kalfane/Workspaces/Daisy/DaisyExamples/libDaisy/build/libdaisy.a(stm32h7xx_ll_fmc.o)
                0x000000000800b94c                FMC_SDRAM_SendCommand
 .text.FMC_SDRAM_ProgramRefreshRate
                0x000000000800b974       0x1c /Users/reza.kalfane/Workspaces/Daisy/DaisyExamples/libDaisy/build/libdaisy.a(stm32h7xx_ll_fmc.o)
                0x000000000800b974                FMC_SDRAM_ProgramRefreshRate
 .text.USB_CoreInit
                0x000000000800b990      0x124 /Users/reza.kalfane/Workspaces/Daisy/DaisyExamples/libDaisy/build/libdaisy.a(stm32h7xx_ll_usb.o)
                0x000000000800b990                USB_CoreInit
 .text.USB_SetTurnaroundTime
                0x000000000800bab4      0x104 /Users/reza.kalfane/Workspaces/Daisy/DaisyExamples/libDaisy/build/libdaisy.a(stm32h7xx_ll_usb.o)
                0x000000000800bab4                USB_SetTurnaroundTime
 .text.USB_EnableGlobalInt
                0x000000000800bbb8       0x10 /Users/reza.kalfane/Workspaces/Daisy/DaisyExamples/libDaisy/build/libdaisy.a(stm32h7xx_ll_usb.o)
                0x000000000800bbb8                USB_EnableGlobalInt
 .text.USB_DisableGlobalInt
                0x000000000800bbc8       0x10 /Users/reza.kalfane/Workspaces/Daisy/DaisyExamples/libDaisy/build/libdaisy.a(stm32h7xx_ll_usb.o)
                0x000000000800bbc8                USB_DisableGlobalInt
 .text.USB_SetCurrentMode
                0x000000000800bbd8       0x30 /Users/reza.kalfane/Workspaces/Daisy/DaisyExamples/libDaisy/build/libdaisy.a(stm32h7xx_ll_usb.o)
                0x000000000800bbd8                USB_SetCurrentMode
 .text.USB_DevInit
                0x000000000800bc08      0x20c /Users/reza.kalfane/Workspaces/Daisy/DaisyExamples/libDaisy/build/libdaisy.a(stm32h7xx_ll_usb.o)
                0x000000000800bc08                USB_DevInit
 .text.USB_FlushTxFifo
                0x000000000800be14       0x34 /Users/reza.kalfane/Workspaces/Daisy/DaisyExamples/libDaisy/build/libdaisy.a(stm32h7xx_ll_usb.o)
                0x000000000800be14                USB_FlushTxFifo
 .text.USB_GetDevSpeed
                0x000000000800be48       0x24 /Users/reza.kalfane/Workspaces/Daisy/DaisyExamples/libDaisy/build/libdaisy.a(stm32h7xx_ll_usb.o)
                0x000000000800be48                USB_GetDevSpeed
 .text.USB_ActivateEndpoint
                0x000000000800be6c       0x90 /Users/reza.kalfane/Workspaces/Daisy/DaisyExamples/libDaisy/build/libdaisy.a(stm32h7xx_ll_usb.o)
                0x000000000800be6c                USB_ActivateEndpoint
 .text.USB_DeactivateEndpoint
                0x000000000800befc       0x84 /Users/reza.kalfane/Workspaces/Daisy/DaisyExamples/libDaisy/build/libdaisy.a(stm32h7xx_ll_usb.o)
                0x000000000800befc                USB_DeactivateEndpoint
 .text.USB_EPStartXfer
                0x000000000800bf80      0x230 /Users/reza.kalfane/Workspaces/Daisy/DaisyExamples/libDaisy/build/libdaisy.a(stm32h7xx_ll_usb.o)
                0x000000000800bf80                USB_EPStartXfer
 .text.USB_EP0StartXfer
                0x000000000800c1b0      0x174 /Users/reza.kalfane/Workspaces/Daisy/DaisyExamples/libDaisy/build/libdaisy.a(stm32h7xx_ll_usb.o)
                0x000000000800c1b0                USB_EP0StartXfer
 .text.USB_WritePacket
                0x000000000800c324       0x2c /Users/reza.kalfane/Workspaces/Daisy/DaisyExamples/libDaisy/build/libdaisy.a(stm32h7xx_ll_usb.o)
                0x000000000800c324                USB_WritePacket
 .text.USB_ReadPacket
                0x000000000800c350       0x20 /Users/reza.kalfane/Workspaces/Daisy/DaisyExamples/libDaisy/build/libdaisy.a(stm32h7xx_ll_usb.o)
                0x000000000800c350                USB_ReadPacket
 .text.USB_EPSetStall
                0x000000000800c370       0x68 /Users/reza.kalfane/Workspaces/Daisy/DaisyExamples/libDaisy/build/libdaisy.a(stm32h7xx_ll_usb.o)
                0x000000000800c370                USB_EPSetStall
 .text.USB_EPClearStall
                0x000000000800c3d8       0x58 /Users/reza.kalfane/Workspaces/Daisy/DaisyExamples/libDaisy/build/libdaisy.a(stm32h7xx_ll_usb.o)
                0x000000000800c3d8                USB_EPClearStall
 .text.USB_SetDevAddress
                0x000000000800c430       0x24 /Users/reza.kalfane/Workspaces/Daisy/DaisyExamples/libDaisy/build/libdaisy.a(stm32h7xx_ll_usb.o)
                0x000000000800c430                USB_SetDevAddress
 .text.USB_DevConnect
                0x000000000800c454       0x1c /Users/reza.kalfane/Workspaces/Daisy/DaisyExamples/libDaisy/build/libdaisy.a(stm32h7xx_ll_usb.o)
                0x000000000800c454                USB_DevConnect
 .text.USB_DevDisconnect
                0x000000000800c470       0x1c /Users/reza.kalfane/Workspaces/Daisy/DaisyExamples/libDaisy/build/libdaisy.a(stm32h7xx_ll_usb.o)
                0x000000000800c470                USB_DevDisconnect
 .text.USB_ReadInterrupts
                0x000000000800c48c       0x14 /Users/reza.kalfane/Workspaces/Daisy/DaisyExamples/libDaisy/build/libdaisy.a(stm32h7xx_ll_usb.o)
                0x000000000800c48c                USB_ReadInterrupts
 .text.USB_ReadDevAllOutEpInterrupt
                0x000000000800c4a0       0x1c /Users/reza.kalfane/Workspaces/Daisy/DaisyExamples/libDaisy/build/libdaisy.a(stm32h7xx_ll_usb.o)
                0x000000000800c4a0                USB_ReadDevAllOutEpInterrupt
 .text.USB_ReadDevAllInEpInterrupt
                0x000000000800c4bc       0x1c /Users/reza.kalfane/Workspaces/Daisy/DaisyExamples/libDaisy/build/libdaisy.a(stm32h7xx_ll_usb.o)
                0x000000000800c4bc                USB_ReadDevAllInEpInterrupt
 .text.USB_ReadDevOutEPInterrupt
                0x000000000800c4d8       0x1c /Users/reza.kalfane/Workspaces/Daisy/DaisyExamples/libDaisy/build/libdaisy.a(stm32h7xx_ll_usb.o)
                0x000000000800c4d8                USB_ReadDevOutEPInterrupt
 .text.USB_ReadDevInEPInterrupt
                0x000000000800c4f4       0x38 /Users/reza.kalfane/Workspaces/Daisy/DaisyExamples/libDaisy/build/libdaisy.a(stm32h7xx_ll_usb.o)
                0x000000000800c4f4                USB_ReadDevInEPInterrupt
 .text.USB_GetMode
                0x000000000800c52c        0x8 /Users/reza.kalfane/Workspaces/Daisy/DaisyExamples/libDaisy/build/libdaisy.a(stm32h7xx_ll_usb.o)
                0x000000000800c52c                USB_GetMode
 .text.USB_ActivateSetup
                0x000000000800c534       0x38 /Users/reza.kalfane/Workspaces/Daisy/DaisyExamples/libDaisy/build/libdaisy.a(stm32h7xx_ll_usb.o)
                0x000000000800c534                USB_ActivateSetup
 .text.USB_EP0_OutStart
                0x000000000800c56c       0x58 /Users/reza.kalfane/Workspaces/Daisy/DaisyExamples/libDaisy/build/libdaisy.a(stm32h7xx_ll_usb.o)
                0x000000000800c56c                USB_EP0_OutStart
 .text.USB_InitFSLSPClkSel
                0x000000000800c5c4       0x44 /Users/reza.kalfane/Workspaces/Daisy/DaisyExamples/libDaisy/build/libdaisy.a(stm32h7xx_ll_usb.o)
                0x000000000800c5c4                USB_InitFSLSPClkSel
 .text.USB_HC_ReadInterrupt
                0x000000000800c608        0x8 /Users/reza.kalfane/Workspaces/Daisy/DaisyExamples/libDaisy/build/libdaisy.a(stm32h7xx_ll_usb.o)
                0x000000000800c608                USB_HC_ReadInterrupt
 .text.USB_HC_Halt
                0x000000000800c610       0xc0 /Users/reza.kalfane/Workspaces/Daisy/DaisyExamples/libDaisy/build/libdaisy.a(stm32h7xx_ll_usb.o)
                0x000000000800c610                USB_HC_Halt
 .text.USB_StopHost
                0x000000000800c6d0      0x2ec /Users/reza.kalfane/Workspaces/Daisy/DaisyExamples/libDaisy/build/libdaisy.a(stm32h7xx_ll_usb.o)
                0x000000000800c6d0                USB_StopHost
 .text.USBD_CDC_EP0_RxReady
                0x000000000800c9bc       0x2c /Users/reza.kalfane/Workspaces/Daisy/DaisyExamples/libDaisy/build/libdaisy.a(usbd_cdc.o)
 .text.USBD_CDC_GetFSCfgDesc
                0x000000000800c9e8       0x24 /Users/reza.kalfane/Workspaces/Daisy/DaisyExamples/libDaisy/build/libdaisy.a(usbd_cdc.o)
 .text.USBD_CDC_GetHSCfgDesc
                0x000000000800ca0c       0x24 /Users/reza.kalfane/Workspaces/Daisy/DaisyExamples/libDaisy/build/libdaisy.a(usbd_cdc.o)
 .text.USBD_CDC_GetOtherSpeedCfgDesc
                0x000000000800ca30       0x24 /Users/reza.kalfane/Workspaces/Daisy/DaisyExamples/libDaisy/build/libdaisy.a(usbd_cdc.o)
 .text.USBD_CDC_GetDeviceQualifierDescriptor
                0x000000000800ca54       0x10 /Users/reza.kalfane/Workspaces/Daisy/DaisyExamples/libDaisy/build/libdaisy.a(usbd_cdc.o)
                0x000000000800ca54                USBD_CDC_GetDeviceQualifierDescriptor
 .text.USBD_CDC_DataOut
                0x000000000800ca64       0x30 /Users/reza.kalfane/Workspaces/Daisy/DaisyExamples/libDaisy/build/libdaisy.a(usbd_cdc.o)
 .text.USBD_CDC_DataIn
                0x000000000800ca94       0x50 /Users/reza.kalfane/Workspaces/Daisy/DaisyExamples/libDaisy/build/libdaisy.a(usbd_cdc.o)
 .text.USBD_CDC_Setup
                0x000000000800cae4       0xcc /Users/reza.kalfane/Workspaces/Daisy/DaisyExamples/libDaisy/build/libdaisy.a(usbd_cdc.o)
 .text.USBD_CDC_DeInit
                0x000000000800cbb0       0x44 /Users/reza.kalfane/Workspaces/Daisy/DaisyExamples/libDaisy/build/libdaisy.a(usbd_cdc.o)
 .text.USBD_CDC_Init
                0x000000000800cbf4       0x94 /Users/reza.kalfane/Workspaces/Daisy/DaisyExamples/libDaisy/build/libdaisy.a(usbd_cdc.o)
 .text.USBD_CDC_RegisterInterface
                0x000000000800cc88       0x10 /Users/reza.kalfane/Workspaces/Daisy/DaisyExamples/libDaisy/build/libdaisy.a(usbd_cdc.o)
                0x000000000800cc88                USBD_CDC_RegisterInterface
 .text.USBD_CDC_SetTxBuffer
                0x000000000800cc98       0x14 /Users/reza.kalfane/Workspaces/Daisy/DaisyExamples/libDaisy/build/libdaisy.a(usbd_cdc.o)
                0x000000000800cc98                USBD_CDC_SetTxBuffer
 .text.USBD_CDC_SetRxBuffer
                0x000000000800ccac       0x10 /Users/reza.kalfane/Workspaces/Daisy/DaisyExamples/libDaisy/build/libdaisy.a(usbd_cdc.o)
                0x000000000800ccac                USBD_CDC_SetRxBuffer
 .text.USBD_CDC_TransmitPacket
                0x000000000800ccbc       0x34 /Users/reza.kalfane/Workspaces/Daisy/DaisyExamples/libDaisy/build/libdaisy.a(usbd_cdc.o)
                0x000000000800ccbc                USBD_CDC_TransmitPacket
 .text.USBD_CDC_ReceivePacket
                0x000000000800ccf0       0x38 /Users/reza.kalfane/Workspaces/Daisy/DaisyExamples/libDaisy/build/libdaisy.a(usbd_cdc.o)
                0x000000000800ccf0                USBD_CDC_ReceivePacket
 .text.USBD_Init
                0x000000000800cd28       0x44 /Users/reza.kalfane/Workspaces/Daisy/DaisyExamples/libDaisy/build/libdaisy.a(usbd_core.o)
                0x000000000800cd28                USBD_Init
 .text.USBD_RegisterClass
                0x000000000800cd6c       0x2c /Users/reza.kalfane/Workspaces/Daisy/DaisyExamples/libDaisy/build/libdaisy.a(usbd_core.o)
                0x000000000800cd6c                USBD_RegisterClass
 .text.USBD_Start
                0x000000000800cd98        0xc /Users/reza.kalfane/Workspaces/Daisy/DaisyExamples/libDaisy/build/libdaisy.a(usbd_core.o)
                0x000000000800cd98                USBD_Start
 .text.USBD_SetClassConfig
                0x000000000800cda4       0x14 /Users/reza.kalfane/Workspaces/Daisy/DaisyExamples/libDaisy/build/libdaisy.a(usbd_core.o)
                0x000000000800cda4                USBD_SetClassConfig
 .text.USBD_ClrClassConfig
                0x000000000800cdb8       0x10 /Users/reza.kalfane/Workspaces/Daisy/DaisyExamples/libDaisy/build/libdaisy.a(usbd_core.o)
                0x000000000800cdb8                USBD_ClrClassConfig
 .text.USBD_LL_SetupStage
                0x000000000800cdc8       0x5c /Users/reza.kalfane/Workspaces/Daisy/DaisyExamples/libDaisy/build/libdaisy.a(usbd_core.o)
                0x000000000800cdc8                USBD_LL_SetupStage
 .text.USBD_LL_DataOutStage
                0x000000000800ce24       0x7c /Users/reza.kalfane/Workspaces/Daisy/DaisyExamples/libDaisy/build/libdaisy.a(usbd_core.o)
                0x000000000800ce24                USBD_LL_DataOutStage
 .text.USBD_LL_DataInStage
                0x000000000800cea0       0xcc /Users/reza.kalfane/Workspaces/Daisy/DaisyExamples/libDaisy/build/libdaisy.a(usbd_core.o)
                0x000000000800cea0                USBD_LL_DataInStage
 .text.USBD_LL_Reset
                0x000000000800cf6c       0x50 /Users/reza.kalfane/Workspaces/Daisy/DaisyExamples/libDaisy/build/libdaisy.a(usbd_core.o)
                0x000000000800cf6c                USBD_LL_Reset
 .text.USBD_LL_SetSpeed
                0x000000000800cfbc        0x8 /Users/reza.kalfane/Workspaces/Daisy/DaisyExamples/libDaisy/build/libdaisy.a(usbd_core.o)
                0x000000000800cfbc                USBD_LL_SetSpeed
 .text.USBD_LL_Suspend
                0x000000000800cfc4       0x14 /Users/reza.kalfane/Workspaces/Daisy/DaisyExamples/libDaisy/build/libdaisy.a(usbd_core.o)
                0x000000000800cfc4                USBD_LL_Suspend
 .text.USBD_LL_Resume
                0x000000000800cfd8       0x10 /Users/reza.kalfane/Workspaces/Daisy/DaisyExamples/libDaisy/build/libdaisy.a(usbd_core.o)
                0x000000000800cfd8                USBD_LL_Resume
 .text.USBD_LL_SOF
                0x000000000800cfe8       0x1c /Users/reza.kalfane/Workspaces/Daisy/DaisyExamples/libDaisy/build/libdaisy.a(usbd_core.o)
                0x000000000800cfe8                USBD_LL_SOF
 .text.USBD_LL_IsoINIncomplete
                0x000000000800d004        0x4 /Users/reza.kalfane/Workspaces/Daisy/DaisyExamples/libDaisy/build/libdaisy.a(usbd_core.o)
                0x000000000800d004                USBD_LL_IsoINIncomplete
 .text.USBD_LL_IsoOUTIncomplete
                0x000000000800d008        0x4 /Users/reza.kalfane/Workspaces/Daisy/DaisyExamples/libDaisy/build/libdaisy.a(usbd_core.o)
                0x000000000800d008                USBD_LL_IsoOUTIncomplete
 .text.USBD_LL_DevConnected
                0x000000000800d00c        0x4 /Users/reza.kalfane/Workspaces/Daisy/DaisyExamples/libDaisy/build/libdaisy.a(usbd_core.o)
                0x000000000800d00c                USBD_LL_DevConnected
 .text.USBD_LL_DevDisconnected
                0x000000000800d010       0x18 /Users/reza.kalfane/Workspaces/Daisy/DaisyExamples/libDaisy/build/libdaisy.a(usbd_core.o)
                0x000000000800d010                USBD_LL_DevDisconnected
 .text.USBD_StdDevReq
                0x000000000800d028      0x304 /Users/reza.kalfane/Workspaces/Daisy/DaisyExamples/libDaisy/build/libdaisy.a(usbd_ctlreq.o)
                0x000000000800d028                USBD_StdDevReq
 .text.USBD_StdItfReq
                0x000000000800d32c       0x68 /Users/reza.kalfane/Workspaces/Daisy/DaisyExamples/libDaisy/build/libdaisy.a(usbd_ctlreq.o)
                0x000000000800d32c                USBD_StdItfReq
 .text.USBD_StdEPReq
                0x000000000800d394      0x13c /Users/reza.kalfane/Workspaces/Daisy/DaisyExamples/libDaisy/build/libdaisy.a(usbd_ctlreq.o)
                0x000000000800d394                USBD_StdEPReq
 .text.USBD_ParseSetupRequest
                0x000000000800d4d0       0x28 /Users/reza.kalfane/Workspaces/Daisy/DaisyExamples/libDaisy/build/libdaisy.a(usbd_ctlreq.o)
                0x000000000800d4d0                USBD_ParseSetupRequest
 .text.USBD_CtlError
                0x000000000800d4f8       0x18 /Users/reza.kalfane/Workspaces/Daisy/DaisyExamples/libDaisy/build/libdaisy.a(usbd_ctlreq.o)
                0x000000000800d4f8                USBD_CtlError
 .text.USBD_GetString
                0x000000000800d510       0x54 /Users/reza.kalfane/Workspaces/Daisy/DaisyExamples/libDaisy/build/libdaisy.a(usbd_ctlreq.o)
                0x000000000800d510                USBD_GetString
 .text.USBD_CtlSendData
                0x000000000800d564       0x1c /Users/reza.kalfane/Workspaces/Daisy/DaisyExamples/libDaisy/build/libdaisy.a(usbd_ioreq.o)
                0x000000000800d564                USBD_CtlSendData
 .text.USBD_CtlContinueSendData
                0x000000000800d580       0x14 /Users/reza.kalfane/Workspaces/Daisy/DaisyExamples/libDaisy/build/libdaisy.a(usbd_ioreq.o)
                0x000000000800d580                USBD_CtlContinueSendData
 .text.USBD_CtlPrepareRx
                0x000000000800d594       0x1c /Users/reza.kalfane/Workspaces/Daisy/DaisyExamples/libDaisy/build/libdaisy.a(usbd_ioreq.o)
                0x000000000800d594                USBD_CtlPrepareRx
 .text.USBD_CtlContinueRx